Component: ARM Compiler 5.06 update 6 (build 750) Tool: armlink [4d35ed]

==============================================================================

Section Cross References

    main.o(i.main) refers to misc.o(i.NVIC_PriorityGroupConfig) for NVIC_PriorityGroupConfig
    main.o(i.main) refers to init.o(i.DEVICE_Init) for DEVICE_Init
    main.o(i.main) refers to usart.o(i.UART_Puts) for UART_Puts
    main.o(i.main) refers to cmd.o(i.find_cmd) for find_cmd
    main.o(i.main) refers to interrupt.o(.data) for UART_Send_Flag
    main.o(i.main) refers to interrupt.o(.bss) for UART_RxBuff
    main.o(i.main) refers to main.o(.data) for pcmd
    startup_stm32f10x_hd.o(RESET) refers to startup_stm32f10x_hd.o(STACK) for __initial_sp
    startup_stm32f10x_hd.o(RESET) refers to startup_stm32f10x_hd.o(.text) for Reset_Handler
    startup_stm32f10x_hd.o(RESET) refers to stm32f10x_it.o(i.NMI_Handler) for NMI_Handler
    startup_stm32f10x_hd.o(RESET) refers to stm32f10x_it.o(i.HardFault_Handler) for HardFault_Handler
    startup_stm32f10x_hd.o(RESET) refers to stm32f10x_it.o(i.MemManage_Handler) for MemManage_Handler
    startup_stm32f10x_hd.o(RESET) refers to stm32f10x_it.o(i.BusFault_Handler) for BusFault_Handler
    startup_stm32f10x_hd.o(RESET) refers to stm32f10x_it.o(i.UsageFault_Handler) for UsageFault_Handler
    startup_stm32f10x_hd.o(RESET) refers to stm32f10x_it.o(i.SVC_Handler) for SVC_Handler
    startup_stm32f10x_hd.o(RESET) refers to stm32f10x_it.o(i.DebugMon_Handler) for DebugMon_Handler
    startup_stm32f10x_hd.o(RESET) refers to stm32f10x_it.o(i.PendSV_Handler) for PendSV_Handler
    startup_stm32f10x_hd.o(RESET) refers to stm32f10x_it.o(i.SysTick_Handler) for SysTick_Handler
    startup_stm32f10x_hd.o(RESET) refers to exti.o(i.EXTI0_IRQHandler) for EXTI0_IRQHandler
    startup_stm32f10x_hd.o(RESET) refers to exti.o(i.EXTI4_IRQHandler) for EXTI4_IRQHandler
    startup_stm32f10x_hd.o(RESET) refers to interrupt.o(i.USART1_IRQHandler) for USART1_IRQHandler
    startup_stm32f10x_hd.o(.text) refers to system_stm32f10x.o(i.SystemInit) for SystemInit
    startup_stm32f10x_hd.o(.text) refers to entry.o(.ARM.Collect$$$$00000000) for __main
    system_stm32f10x.o(i.SetSysClock) refers to system_stm32f10x.o(i.SetSysClockTo72) for SetSysClockTo72
    system_stm32f10x.o(i.SystemCoreClockUpdate) refers to system_stm32f10x.o(.data) for SystemCoreClock
    system_stm32f10x.o(i.SystemInit) refers to system_stm32f10x.o(i.SetSysClock) for SetSysClock
    stm32f10x_gpio.o(i.GPIO_AFIODeInit) refers to stm32f10x_rcc.o(i.RCC_APB2PeriphResetCmd) for RCC_APB2PeriphResetCmd
    stm32f10x_gpio.o(i.GPIO_DeInit) refers to stm32f10x_rcc.o(i.RCC_APB2PeriphResetCmd) for RCC_APB2PeriphResetCmd
    stm32f10x_rcc.o(i.RCC_GetClocksFreq) refers to stm32f10x_rcc.o(.data) for APBAHBPrescTable
    stm32f10x_rcc.o(i.RCC_WaitForHSEStartUp) refers to stm32f10x_rcc.o(i.RCC_GetFlagStatus) for RCC_GetFlagStatus
    stm32f10x_usart.o(i.USART_DeInit) refers to stm32f10x_rcc.o(i.RCC_APB2PeriphResetCmd) for RCC_APB2PeriphResetCmd
    stm32f10x_usart.o(i.USART_DeInit) refers to stm32f10x_rcc.o(i.RCC_APB1PeriphResetCmd) for RCC_APB1PeriphResetCmd
    stm32f10x_usart.o(i.USART_Init) refers to stm32f10x_rcc.o(i.RCC_GetClocksFreq) for RCC_GetClocksFreq
    led.o(i.LED_Init) refers to stm32f10x_rcc.o(i.RCC_APB2PeriphClockCmd) for RCC_APB2PeriphClockCmd
    led.o(i.LED_Init) refers to stm32f10x_gpio.o(i.GPIO_Init) for GPIO_Init
    led.o(i.LED_Init) refers to stm32f10x_gpio.o(i.GPIO_SetBits) for GPIO_SetBits
    led.o(i.LED_Off) refers to stm32f10x_gpio.o(i.GPIO_SetBits) for GPIO_SetBits
    led.o(i.LED_On) refers to stm32f10x_gpio.o(i.GPIO_ResetBits) for GPIO_ResetBits
    beep.o(i.BEEP_Init) refers to stm32f10x_rcc.o(i.RCC_APB2PeriphClockCmd) for RCC_APB2PeriphClockCmd
    beep.o(i.BEEP_Init) refers to stm32f10x_gpio.o(i.GPIO_Init) for GPIO_Init
    beep.o(i.BEEP_Init) refers to stm32f10x_gpio.o(i.GPIO_ResetBits) for GPIO_ResetBits
    beep.o(i.BEEP_Off) refers to stm32f10x_gpio.o(i.GPIO_ResetBits) for GPIO_ResetBits
    beep.o(i.BEEP_On) refers to stm32f10x_gpio.o(i.GPIO_SetBits) for GPIO_SetBits
    systick.o(i.Systick_Init) refers to systick.o(.data) for fac_us
    systick.o(i.delay_ms) refers to systick.o(.data) for fac_ms
    systick.o(i.delay_us) refers to systick.o(.data) for fac_us
    key.o(i.KEY_Init) refers to stm32f10x_rcc.o(i.RCC_APB2PeriphClockCmd) for RCC_APB2PeriphClockCmd
    key.o(i.KEY_Init) refers to stm32f10x_gpio.o(i.GPIO_Init) for GPIO_Init
    key.o(i.KEY_Scan) refers to systick.o(i.delay_ms) for delay_ms
    key.o(i.KEY_Scan) refers to key.o(.data) for ispressed
    exti.o(i.EXTI0_IRQHandler) refers to stm32f10x_exti.o(i.EXTI_GetITStatus) for EXTI_GetITStatus
    exti.o(i.EXTI0_IRQHandler) refers to systick.o(i.delay_ms) for delay_ms
    exti.o(i.EXTI0_IRQHandler) refers to stm32f10x_exti.o(i.EXTI_ClearITPendingBit) for EXTI_ClearITPendingBit
[...]
    ds18b20.o(i.DS18B20_GetTemperature) refers to dfltui.o(.text) for __aeabi_ui2d
    ds18b20.o(i.DS18B20_GetTemperature) refers to dmul.o(.text) for __aeabi_dmul
    ds18b20.o(i.DS18B20_GetTemperature) refers to d2f.o(.text) for __aeabi_d2f
    ds18b20.o(i.DS18B20_IN) refers to stm32f10x_gpio.o(i.GPIO_Init) for GPIO_Init
    ds18b20.o(i.DS18B20_Init) refers to stm32f10x_rcc.o(i.RCC_APB2PeriphClockCmd) for RCC_APB2PeriphClockCmd
    ds18b20.o(i.DS18B20_Init) refers to stm32f10x_gpio.o(i.GPIO_Init) for GPIO_Init
    ds18b20.o(i.DS18B20_MatchRom) refers to ds18b20.o(i.DS18B20_Write_Byte) for DS18B20_Write_Byte
    ds18b20.o(i.DS18B20_MatchRom) refers to ds18b20.o(.data) for rom
    ds18b20.o(i.DS18B20_OUT) refers to stm32f10x_gpio.o(i.GPIO_Init) for GPIO_Init
    ds18b20.o(i.DS18B20_ReadRom) refers to ds18b20.o(i.DS18B20_Reset) for DS18B20_Reset
    ds18b20.o(i.DS18B20_ReadRom) refers to ds18b20.o(i.DS18B20_Write_Byte) for DS18B20_Write_Byte
    ds18b20.o(i.DS18B20_ReadRom) refers to ds18b20.o(i.DS18B20_Read_Byte) for DS18B20_Read_Byte
    ds18b20.o(i.DS18B20_ReadRom) refers to printfa.o(i.__0printf) for __2printf
    ds18b20.o(i.DS18B20_ReadRom) refers to ds18b20.o(.data) for rom
    ds18b20.o(i.DS18B20_Read_Byte) refers to ds18b20.o(i.DS18B20_OUT) for DS18B20_OUT
    ds18b20.o(i.DS18B20_Read_Byte) refers to systick.o(i.delay_us) for delay_us
    ds18b20.o(i.DS18B20_Read_Byte) refers to ds18b20.o(i.DS18B20_IN) for DS18B20_IN
    ds18b20.o(i.DS18B20_Reset) refers to ds18b20.o(i.DS18B20_OUT) for DS18B20_OUT
    ds18b20.o(i.DS18B20_Reset) refers to systick.o(i.delay_us) for delay_us
    ds18b20.o(i.DS18B20_Reset) refers to ds18b20.o(i.DS18B20_IN) for DS18B20_IN
    ds18b20.o(i.DS18B20_Reset) refers to printfa.o(i.__0printf) for __2printf
    ds18b20.o(i.DS18B20_Test) refers to ds18b20.o(i.DS18B20_GetTemperature) for DS18B20_GetTemperature
    ds18b20.o(i.DS18B20_Test) refers to f2d.o(.text) for __aeabi_f2d
    ds18b20.o(i.DS18B20_Test) refers to printfa.o(i.__0printf) for __2printf
    ds18b20.o(i.DS18B20_Write_Byte) refers to ds18b20.o(i.DS18B20_OUT) for DS18B20_OUT
    ds18b20.o(i.DS18B20_Write_Byte) refers to systick.o(i.delay_us) for delay_us
    entry.o(.ARM.Collect$$$$00000000) refers (Special) to entry10a.o(.ARM.Collect$$$$0000000D) for __rt_final_cpp
    entry.o(.ARM.Collect$$$$00000000) refers (Special) to entry11a.o(.ARM.Collect$$$$0000000F) for __rt_final_exit
    entry.o(.ARM.Collect$$$$00000000) refers (Special) to entry7b.o(.ARM.Collect$$$$00000008) for _main_clock
    entry.o(.ARM.Collect$$$$00000000) refers (Special) to entry8b.o(.ARM.Collect$$$$0000000A) for _main_cpp_init
    entry.o(.ARM.Collect$$$$00000000) refers (Special) to entry9a.o(.ARM.Collect$$$$0000000B) for _main_init
    entry.o(.ARM.Collect$$$$00000000) refers (Special) to entry5.o(.ARM.Collect$$$$00000004) for _main_scatterload
    entry.o(.ARM.Collect$$$$00000000) refers (Special) to entry2.o(.ARM.Collect$$$$00000001) for _main_stk
    printfb.o(i.__0fprintf$bare) refers to printfb.o(i._printf_core) for _printf_core
    printfb.o(i.__0fprintf$bare) refers to usart.o(i.fputc) for fputc
    printfb.o(i.__0printf$bare) refers to printfb.o(i._printf_core) for _printf_core
    printfb.o(i.__0printf$bare) refers to usart.o(i.fputc) for fputc
    printfb.o(i.__0printf$bare) refers to stdout.o(.data) for __stdout
    printfb.o(i.__0snprintf$bare) refers to printfb.o(i._printf_core) for _printf_core
    printfb.o(i.__0snprintf$bare) refers to printfb.o(i._snputc) for _snputc
    printfb.o(i.__0sprintf$bare) refers to printfb.o(i._printf_core) for _printf_core
    printfb.o(i.__0sprintf$bare) refers to printfb.o(i._sputc) for _sputc
    printfb.o(i.__0vfprintf$bare) refers to printfb.o(i._printf_core) for _printf_core
    printfb.o(i.__0vfprintf$bare) refers to usart.o(i.fputc) for fputc
    printfb.o(i.__0vprintf$bare) refers to printfb.o(i._printf_core) for _printf_core
    printfb.o(i.__0vprintf$bare) refers to usart.o(i.fputc) for fputc
    printfb.o(i.__0vprintf$bare) refers to stdout.o(.data) for __stdout
    printfb.o(i.__0vsnprintf$bare) refers to printfb.o(i._printf_core) for _printf_core
    printfb.o(i.__0vsnprintf$bare) refers to printfb.o(i._snputc) for _snputc
    printfb.o(i.__0vsprintf$bare) refers to printfb.o(i._printf_core) for _printf_core
    printfb.o(i.__0vsprintf$bare) refers to printfb.o(i._sputc) for _sputc
    printf0.o(i.__0fprintf$0) refers to printf0.o(i._printf_core) for _printf_core
    printf0.o(i.__0fprintf$0) refers to usart.o(i.fputc) for fputc
    printf0.o(i.__0printf$0) refers to printf0.o(i._printf_core) for _printf_core
    printf0.o(i.__0printf$0) refers to usart.o(i.fputc) for fputc
    printf0.o(i.__0printf$0) refers to stdout.o(.data) for __stdout
    printf0.o(i.__0snprintf$0) refers to printf0.o(i._printf_core) for _printf_core
    printf0.o(i.__0snprintf$0) refers to printf0.o(i._snputc) for _snputc
    printf0.o(i.__0sprintf$0) refers to printf0.o(i._printf_core) for _printf_core
    printf0.o(i.__0sprintf$0) refers to printf0.o(i._sputc) for _sputc
    printf0.o(i.__0vfprintf$0) refers to printf0.o(i._printf_core) for _printf_core
    printf0.o(i.__0vfprintf$0) refers to usart.o(i.fputc) for fputc
    printf0.o(i.__0vprintf$0) refers to printf0.o(i._printf_core) for _printf_core
    printf0.o(i.__0vprintf$0) refers to usart.o(i.fputc) for fputc
    printf0.o(i.__0vprintf$0) refers to stdout.o(.data) for __stdout
    printf0.o(i.__0vsnprintf$0) refers to printf0.o(i._printf_core) for _printf_core
    printf0.o(i.__0vsnprintf$0) refers to printf0.o(i._snputc) for _snputc
    printf0.o(i.__0vsprintf$0) refers to printf0.o(i._printf_core) for _printf_core
    printf0.o(i.__0vsprintf$0) refers to printf0.o(i._sputc) for _sputc
    printf1.o(i.__0fprintf$1) refers to printf1.o(i._printf_core) for _printf_core
    printf1.o(i.__0fprintf$1) refers to usart.o(i.fputc) for fputc
    printf1.o(i.__0printf$1) refers to printf1.o(i._printf_core) for _printf_core
    printf1.o(i.__0printf$1) refers to usart.o(i.fputc) for fputc
    printf1.o(i.__0printf$1) refers to stdout.o(.data) for __stdout
    printf1.o(i.__0snprintf$1) refers to printf1.o(i._printf_core) for _printf_core
    printf1.o(i.__0snprintf$1) refers to printf1.o(i._snputc) for _snputc
    printf1.o(i.__0sprintf$1) refers to printf1.o(i._printf_core) for _printf_core
    printf1.o(i.__0sprintf$1) refers to printf1.o(i._sputc) for _sputc
    printf1.o(i.__0vfprintf$1) refers to printf1.o(i._printf_core) for _printf_core
    printf1.o(i.__0vfprintf$1) refers to usart.o(i.fputc) for fputc
    printf1.o(i.__0vprintf$1) refers to printf1.o(i._printf_core) for _printf_core
    printf1.o(i.__0vprintf$1) refers to usart.o(i.fputc) for fputc
    printf1.o(i.__0vprintf$1) refers to stdout.o(.data) for __stdout
    printf1.o(i.__0vsnprintf$1) refers to printf1.o(i._printf_core) for _printf_core
    printf1.o(i.__0vsnprintf$1) refers to printf1.o(i._snputc) for _snputc
    printf1.o(i.__0vsprintf$1) refers to printf1.o(i._printf_core) for _printf_core
    printf1.o(i.__0vsprintf$1) refers to printf1.o(i._sputc) for _sputc
    printf1.o(i._printf_core) refers to uidiv.o(.text) for __aeabi_uidivmod
    printf2.o(i.__0fprintf$2) refers to printf2.o(i._printf_core) for _printf_core
    printf2.o(i.__0fprintf$2) refers to usart.o(i.fputc) for fputc
    printf2.o(i.__0printf$2) refers to printf2.o(i._printf_core) for _printf_core
    printf2.o(i.__0printf$2) refers to usart.o(i.fputc) for fputc
    printf2.o(i.__0printf$2) refers to stdout.o(.data) for __stdout
    printf2.o(i.__0snprintf$2) refers to printf2.o(i._printf_core) for _printf_core
    printf2.o(i.__0snprintf$2) refers to printf2.o(i._snputc) for _snputc
    printf2.o(i.__0sprintf$2) refers to printf2.o(i._printf_core) for _printf_core
    printf2.o(i.__0sprintf$2) refers to printf2.o(i._sputc) for _sputc
    printf2.o(i.__0vfprintf$2) refers to printf2.o(i._printf_core) for _printf_core
    printf2.o(i.__0vfprintf$2) refers to usart.o(i.fputc) for fputc
    printf2.o(i.__0vprintf$2) refers to printf2.o(i._printf_core) for _printf_core
    printf2.o(i.__0vprintf$2) refers to usart.o(i.fputc) for fputc
    printf2.o(i.__0vprintf$2) refers to stdout.o(.data) for __stdout
    printf2.o(i.__0vsnprintf$2) refers to printf2.o(i._printf_core) for _printf_core
    printf2.o(i.__0vsnprintf$2) refers to printf2.o(i._snputc) for _snputc
    printf2.o(i.__0vsprintf$2) refers to printf2.o(i._printf_core) for _printf_core
    printf2.o(i.__0vsprintf$2) refers to printf2.o(i._sputc) for _sputc
    printf3.o(i.__0fprintf$3) refers to printf3.o(i._printf_core) for _printf_core
    printf3.o(i.__0fprintf$3) refers to usart.o(i.fputc) for fputc
    printf3.o(i.__0printf$3) refers to printf3.o(i._printf_core) for _printf_core
    printf3.o(i.__0printf$3) refers to usart.o(i.fputc) for fputc
    printf3.o(i.__0printf$3) refers to stdout.o(.data) for __stdout
    printf3.o(i.__0snprintf$3) refers to printf3.o(i._printf_core) for _printf_core
    printf3.o(i.__0snprintf$3) refers to printf3.o(i._snputc) for _snputc
    printf3.o(i.__0sprintf$3) refers to printf3.o(i._printf_core) for _printf_core
    printf3.o(i.__0sprintf$3) refers to printf3.o(i._sputc) for _sputc
    printf3.o(i.__0vfprintf$3) refers to printf3.o(i._printf_core) for _printf_core
    printf3.o(i.__0vfprintf$3) refers to usart.o(i.fputc) for fputc
    printf3.o(i.__0vprintf$3) refers to printf3.o(i._printf_core) for _printf_core
    printf3.o(i.__0vprintf$3) refers to usart.o(i.fputc) for fputc
    printf3.o(i.__0vprintf$3) refers to stdout.o(.data) for __stdout
    printf3.o(i.__0vsnprintf$3) refers to printf3.o(i._printf_core) for _printf_core
    printf3.o(i.__0vsnprintf$3) refers to printf3.o(i._snputc) for _snputc
    printf3.o(i.__0vsprintf$3) refers to printf3.o(i._printf_core) for _printf_core
    printf3.o(i.__0vsprintf$3) refers to printf3.o(i._sputc) for _sputc
    printf3.o(i._printf_core) refers to uidiv.o(.text) for __aeabi_uidivmod
    printf4.o(i.__0fprintf$4) refers to printf4.o(i._printf_core) for _printf_core
    printf4.o(i.__0fprintf$4) refers to usart.o(i.fputc) for fputc
    printf4.o(i.__0printf$4) refers to printf4.o(i._printf_core) for _printf_core
    printf4.o(i.__0printf$4) refers to usart.o(i.fputc) for fputc
    printf4.o(i.__0printf$4) refers to stdout.o(.data) for __stdout
    printf4.o(i.__0snprintf$4) refers to printf4.o(i._printf_core) for _printf_core
    printf4.o(i.__0snprintf$4) refers to printf4.o(i._snputc) for _snputc
    printf4.o(i.__0sprintf$4) refers to printf4.o(i._printf_core) for _printf_core
    printf4.o(i.__0sprintf$4) refers to printf4.o(i._sputc) for _sputc
    printf4.o(i.__0vfprintf$4) refers to printf4.o(i._printf_core) for _printf_core
    printf4.o(i.__0vfprintf$4) refers to usart.o(i.fputc) for fputc
    printf4.o(i.__0vprintf$4) refers to printf4.o(i._printf_core) for _printf_core
    printf4.o(i.__0vprintf$4) refers to usart.o(i.fputc) for fputc
    printf4.o(i.__0vprintf$4) refers to stdout.o(.data) for __stdout
    printf4.o(i.__0vsnprintf$4) refers to printf4.o(i._printf_core) for _printf_core
    printf4.o(i.__0vsnprintf$4) refers to printf4.o(i._snputc) for _snputc
    printf4.o(i.__0vsprintf$4) refers to printf4.o(i._printf_core) for _printf_core
    printf4.o(i.__0vsprintf$4) refers to printf4.o(i._sputc) for _sputc
    printf4.o(i._printf_core) refers to uldiv.o(.text) for __aeabi_uldivmod
    printf5.o(i.__0fprintf$5) refers to printf5.o(i._printf_core) for _printf_core
    printf5.o(i.__0fprintf$5) refers to usart.o(i.fputc) for fputc
    printf5.o(i.__0printf$5) refers to printf5.o(i._printf_core) for _printf_core
    printf5.o(i.__0printf$5) refers to usart.o(i.fputc) for fputc
    printf5.o(i.__0printf$5) refers to stdout.o(.data) for __stdout
    printf5.o(i.__0snprintf$5) refers to printf5.o(i._printf_core) for _printf_core
    printf5.o(i.__0snprintf$5) refers to printf5.o(i._snputc) for _snputc
    printf5.o(i.__0sprintf$5) refers to printf5.o(i._printf_core) for _printf_core
    printf5.o(i.__0sprintf$5) refers to printf5.o(i._sputc) for _sputc
    printf5.o(i.__0vfprintf$5) refers to printf5.o(i._printf_core) for _printf_core
    printf5.o(i.__0vfprintf$5) refers to usart.o(i.fputc) for fputc
    printf5.o(i.__0vprintf$5) refers to printf5.o(i._printf_core) for _printf_core
    printf5.o(i.__0vprintf$5) refers to usart.o(i.fputc) for fputc
    printf5.o(i.__0vprintf$5) refers to stdout.o(.data) for __stdout
    printf5.o(i.__0vsnprintf$5) refers to printf5.o(i._printf_core) for _printf_core
    printf5.o(i.__0vsnprintf$5) refers to printf5.o(i._snputc) for _snputc
    printf5.o(i.__0vsprintf$5) refers to printf5.o(i._printf_core) for _printf_core
    printf5.o(i.__0vsprintf$5) refers to printf5.o(i._sputc) for _sputc
    printf5.o(i._printf_core) refers to uldiv.o(.text) for __aeabi_uldivmod
    printf6.o(i.__0fprintf$6) refers to printf6.o(i._printf_core) for _printf_core
    printf6.o(i.__0fprintf$6) refers to usart.o(i.fputc) for fputc
    printf6.o(i.__0printf$6) refers to printf6.o(i._printf_core) for _printf_core
    printf6.o(i.__0printf$6) refers to usart.o(i.fputc) for fputc
    printf6.o(i.__0printf$6) refers to stdout.o(.data) for __stdout
    printf6.o(i.__0snprintf$6) refers to printf6.o(i._printf_core) for _printf_core
    printf6.o(i.__0snprintf$6) refers to printf6.o(i._snputc) for _snputc
    printf6.o(i.__0sprintf$6) refers to printf6.o(i._printf_core) for _printf_core
    printf6.o(i.__0sprintf$6) refers to printf6.o(i._sputc) for _sputc
    printf6.o(i.__0vfprintf$6) refers to printf6.o(i._printf_core) for _printf_core
    printf6.o(i.__0vfprintf$6) refers to usart.o(i.fputc) for fputc
    printf6.o(i.__0vprintf$6) refers to printf6.o(i._printf_core) for _printf_core
    printf6.o(i.__0vprintf$6) refers to usart.o(i.fputc) for fputc
    printf6.o(i.__0vprintf$6) refers to stdout.o(.data) for __stdout
    printf6.o(i.__0vsnprintf$6) refers to printf6.o(i._printf_core) for _printf_core
    printf6.o(i.__0vsnprintf$6) refers to printf6.o(i._snputc) for _snputc
    printf6.o(i.__0vsprintf$6) refers to printf6.o(i._printf_core) for _printf_core
    printf6.o(i.__0vsprintf$6) refers to printf6.o(i._sputc) for _sputc
    printf6.o(i._printf_core) refers to printf6.o(i._printf_pre_padding) for _printf_pre_padding
    printf6.o(i._printf_core) refers to uidiv.o(.text) for __aeabi_uidivmod
    printf6.o(i._printf_core) refers to printf6.o(i._printf_post_padding) for _printf_post_padding
    printf7.o(i.__0fprintf$7) refers to printf7.o(i._printf_core) for _printf_core
    printf7.o(i.__0fprintf$7) refers to usart.o(i.fputc) for fputc
    printf7.o(i.__0printf$7) refers to printf7.o(i._printf_core) for _printf_core
    printf7.o(i.__0printf$7) refers to usart.o(i.fputc) for fputc
    printf7.o(i.__0printf$7) refers to stdout.o(.data) for __stdout
    printf7.o(i.__0snprintf$7) refers to printf7.o(i._printf_core) for _printf_core
    printf7.o(i.__0snprintf$7) refers to printf7.o(i._snputc) for _snputc
    printf7.o(i.__0sprintf$7) refers to printf7.o(i._printf_core) for _printf_core
    printf7.o(i.__0sprintf$7) refers to printf7.o(i._sputc) for _sputc
    printf7.o(i.__0vfprintf$7) refers to printf7.o(i._printf_core) for _printf_core
    printf7.o(i.__0vfprintf$7) refers to usart.o(i.fputc) for fputc
    printf7.o(i.__0vprintf$7) refers to printf7.o(i._printf_core) for _printf_core
    printf7.o(i.__0vprintf$7) refers to usart.o(i.fputc) for fputc
    printf7.o(i.__0vprintf$7) refers to stdout.o(.data) for __stdout
    printf7.o(i.__0vsnprintf$7) refers to printf7.o(i._printf_core) for _printf_core
    printf7.o(i.__0vsnprintf$7) refers to printf7.o(i._snputc) for _snputc
    printf7.o(i.__0vsprintf$7) refers to printf7.o(i._printf_core) for _printf_core
    printf7.o(i.__0vsprintf$7) refers to printf7.o(i._sputc) for _sputc
    printf7.o(i._printf_core) refers to printf7.o(i._printf_pre_padding) for _printf_pre_padding
    printf7.o(i._printf_core) refers to uldiv.o(.text) for __aeabi_uldivmod
    printf7.o(i._printf_core) refers to printf7.o(i._printf_post_padding) for _printf_post_padding
    printf8.o(i.__0fprintf$8) refers to printf8.o(i._printf_core) for _printf_core
    printf8.o(i.__0fprintf$8) refers to usart.o(i.fputc) for fputc
    printf8.o(i.__0printf$8) refers to printf8.o(i._printf_core) for _printf_core
    printf8.o(i.__0printf$8) refers to usart.o(i.fputc) for fputc
    printf8.o(i.__0printf$8) refers to stdout.o(.data) for __stdout
    printf8.o(i.__0snprintf$8) refers to printf8.o(i._printf_core) for _printf_core
    printf8.o(i.__0snprintf$8) refers to printf8.o(i._snputc) for _snputc
    printf8.o(i.__0sprintf$8) refers to printf8.o(i._printf_core) for _printf_core
    printf8.o(i.__0sprintf$8) refers to printf8.o(i._sputc) for _sputc
    printf8.o(i.__0vfprintf$8) refers to printf8.o(i._printf_core) for _printf_core
    printf8.o(i.__0vfprintf$8) refers to usart.o(i.fputc) for fputc
    printf8.o(i.__0vprintf$8) refers to printf8.o(i._printf_core) for _printf_core
    printf8.o(i.__0vprintf$8) refers to usart.o(i.fputc) for fputc
    printf8.o(i.__0vprintf$8) refers to stdout.o(.data) for __stdout
    printf8.o(i.__0vsnprintf$8) refers to printf8.o(i._printf_core) for _printf_core
    printf8.o(i.__0vsnprintf$8) refers to printf8.o(i._snputc) for _snputc
    printf8.o(i.__0vsprintf$8) refers to printf8.o(i._printf_core) for _printf_core
    printf8.o(i.__0vsprintf$8) refers to printf8.o(i._sputc) for _sputc
    printf8.o(i._printf_core) refers to printf8.o(i._printf_pre_padding) for _printf_pre_padding
    printf8.o(i._printf_core) refers to uldiv.o(.text) for __aeabi_uldivmod
    printf8.o(i._printf_core) refers to printf8.o(i._printf_post_padding) for _printf_post_padding
    printfa.o(i.__0fprintf) refers (Special) to iusefp.o(.text) for __I$use$fp
    printfa.o(i.__0fprintf) refers to printfa.o(i._printf_core) for _printf_core
    printfa.o(i.__0fprintf) refers to usart.o(i.fputc) for fputc
    printfa.o(i.__0printf) refers (Special) to iusefp.o(.text) for __I$use$fp
    printfa.o(i.__0printf) refers to printfa.o(i._printf_core) for _printf_core
    printfa.o(i.__0printf) refers to usart.o(i.fputc) for fputc
    printfa.o(i.__0printf) refers to stdout.o(.data) for __stdout
    printfa.o(i.__0snprintf) refers (Special) to iusefp.o(.text) for __I$use$fp
    printfa.o(i.__0snprintf) refers to printfa.o(i._printf_core) for _printf_core
    printfa.o(i.__0snprintf) refers to printfa.o(i._snputc) for _snputc
    printfa.o(i.__0sprintf) refers (Special) to iusefp.o(.text) for __I$use$fp
    printfa.o(i.__0sprintf) refers to printfa.o(i._printf_core) for _printf_core
    printfa.o(i.__0sprintf) refers to printfa.o(i._sputc) for _sputc
    printfa.o(i.__0vfprintf) refers (Special) to iusefp.o(.text) for __I$use$fp
    printfa.o(i.__0vfprintf) refers to printfa.o(i._printf_core) for _printf_core
    printfa.o(i.__0vfprintf) refers to usart.o(i.fputc) for fputc
    printfa.o(i.__0vprintf) refers (Special) to iusefp.o(.text) for __I$use$fp
    printfa.o(i.__0vprintf) refers to printfa.o(i._printf_core) for _printf_core
    printfa.o(i.__0vprintf) refers to usart.o(i.fputc) for fputc
    printfa.o(i.__0vprintf) refers to stdout.o(.data) for __stdout
    printfa.o(i.__0vsnprintf) refers (Special) to iusefp.o(.text) for __I$use$fp
    printfa.o(i.__0vsnprintf) refers to printfa.o(i._printf_core) for _printf_core
    printfa.o(i.__0vsnprintf) refers to printfa.o(i._snputc) for _snputc
    printfa.o(i.__0vsprintf) refers (Special) to iusefp.o(.text) for __I$use$fp
    printfa.o(i.__0vsprintf) refers to printfa.o(i._printf_core) for _printf_core
    printfa.o(i.__0vsprintf) refers to printfa.o(i._sputc) for _sputc
    printfa.o(i._fp_digits) refers (Special) to iusefp.o(.text) for __I$use$fp
    printfa.o(i._fp_digits) refers to dmul.o(.text) for __aeabi_dmul
    printfa.o(i._fp_digits) refers to ddiv.o(.text) for __aeabi_ddiv
    printfa.o(i._fp_digits) refers to cdrcmple.o(.text) for __aeabi_cdrcmple
    printfa.o(i._fp_digits) refers to dadd.o(.text) for __aeabi_dadd
    printfa.o(i._fp_digits) refers to dfixul.o(.text) for __aeabi_d2ulz
    printfa.o(i._fp_digits) refers to uldiv.o(.text) for __aeabi_uldivmod
    printfa.o(i._printf_core) refers (Special) to iusefp.o(.text) for __I$use$fp
    printfa.o(i._printf_core) refers to printfa.o(i._printf_pre_padding) for _printf_pre_padding
    printfa.o(i._printf_core) refers to uldiv.o(.text) for __aeabi_uldivmod
    printfa.o(i._printf_core) refers to printfa.o(i._printf_post_padding) for _printf_post_padding
    printfa.o(i._printf_core) refers to printfa.o(i._fp_digits) for _fp_digits
    printfa.o(i._printf_core) refers to uidiv.o(.text) for __aeabi_uidivmod
    printfa.o(i._printf_post_padding) refers (Special) to iusefp.o(.text) for __I$use$fp
    printfa.o(i._printf_pre_padding) refers (Special) to iusefp.o(.text) for __I$use$fp
    printfa.o(i._snputc) refers (Special) to iusefp.o(.text) for __I$use$fp
    printfa.o(i._sputc) refers (Special) to iusefp.o(.text) for __I$use$fp
    dmul.o(.text) refers (Special) to iusefp.o(.text) for __I$use$fp
    dmul.o(.text) refers to depilogue.o(.text) for _double_epilogue
    dfltui.o(.text) refers (Special) to iusefp.o(.text) for __I$use$fp
    dfltui.o(.text) refers to depilogue.o(.text) for _double_epilogue
    f2d.o(.text) refers (Special) to iusefp.o(.text) for __I$use$fp
    d2f.o(.text) refers (Special) to iusefp.o(.text) for __I$use$fp
    d2f.o(.text) refers to fepilogue.o(.text) for _float_round
    entry2.o(.ARM.Collect$$$$00000001) refers to entry2.o(.ARM.Collect$$$$00002712) for __lit__00000000
    entry2.o(.ARM.Collect$$$$00002712) refers to startup_stm32f10x_hd.o(STACK) for __initial_sp
    entry2.o(__vectab_stack_and_reset_area) refers to startup_stm32f10x_hd.o(STACK) for __initial_sp
    entry2.o(__vectab_stack_and_reset_area) refers to entry.o(.ARM.Collect$$$$00000000) for __main
    entry5.o(.ARM.Collect$$$$00000004) refers to init.o(.text) for __scatterload
    entry9a.o(.ARM.Collect$$$$0000000B) refers to main.o(i.main) for main
    entry9b.o(.ARM.Collect$$$$0000000C) refers to main.o(i.main) for main
    uldiv.o(.text) refers to llushr.o(.text) for __aeabi_llsr
    uldiv.o(.text) refers to llshl.o(.text) for __aeabi_llsl
    depilogue.o(.text) refers to llshl.o(.text) for __aeabi_llsl
    depilogue.o(.text) refers to llushr.o(.text) for __aeabi_llsr
    dadd.o(.text) refers to llshl.o(.text) for __aeabi_llsl
    dadd.o(.text) refers to llsshr.o(.text) for __aeabi_lasr
    dadd.o(.text) refers to depilogue.o(.text) for _double_epilogue
    ddiv.o(.text) refers to depilogue.o(.text) for _double_round
    dfixul.o(.text) refers to llushr.o(.text) for __aeabi_llsr
    dfixul.o(.text) refers to llshl.o(.text) for __aeabi_llsl
    init.o(.text) refers to entry5.o(.ARM.Collect$$$$00000004) for __main_after_scatterload


==============================================================================

Removing Unused input sections from the image.

    Removing startup_stm32f10x_hd.o(HEAP), (512 bytes).
    Removing core_cm3.o(.emb_text), (32 bytes).
    Removing system_stm32f10x.o(i.SystemCoreClockUpdate), (164 bytes).
    Removing system_stm32f10x.o(.data), (20 bytes).
    Removing stm32f10x_gpio.o(i.GPIO_AFIODeInit), (20 bytes).
    Removing stm32f10x_gpio.o(i.GPIO_DeInit), (200 bytes).
    Removing stm32f10x_gpio.o(i.GPIO_ETH_MediaInterfaceConfig), (12 bytes).
    Removing stm32f10x_gpio.o(i.GPIO_EventOutputCmd), (12 bytes).
    Removing stm32f10x_gpio.o(i.GPIO_EventOutputConfig), (32 bytes).
    Removing stm32f10x_gpio.o(i.GPIO_PinLockConfig), (18 bytes).
    Removing stm32f10x_gpio.o(i.GPIO_PinRemapConfig), (144 bytes).
    Removing stm32f10x_gpio.o(i.GPIO_ReadInputData), (8 bytes).
    Removing stm32f10x_gpio.o(i.GPIO_ReadInputDataBit), (18 bytes).
    Removing stm32f10x_gpio.o(i.GPIO_ReadOutputData), (8 bytes).
    Removing stm32f10x_gpio.o(i.GPIO_ReadOutputDataBit), (18 bytes).
    Removing stm32f10x_gpio.o(i.GPIO_StructInit), (16 bytes).
    Removing stm32f10x_gpio.o(i.GPIO_Write), (4 bytes).
    Removing stm32f10x_gpio.o(i.GPIO_WriteBit), (10 bytes).
    Removing stm32f10x_rcc.o(i.RCC_ADCCLKConfig), (24 bytes).
    Removing stm32f10x_rcc.o(i.RCC_AHBPeriphClockCmd), (32 bytes).
    Removing stm32f10x_rcc.o(i.RCC_APB1PeriphClockCmd), (32 bytes).
    Removing stm32f10x_rcc.o(i.RCC_APB1PeriphResetCmd), (32 bytes).
    Removing stm32f10x_rcc.o(i.RCC_APB2PeriphResetCmd), (32 bytes).
    Removing stm32f10x_rcc.o(i.RCC_AdjustHSICalibrationValue), (24 bytes).
    Removing stm32f10x_rcc.o(i.RCC_BackupResetCmd), (12 bytes).
    Removing stm32f10x_rcc.o(i.RCC_ClearFlag), (20 bytes).
    Removing stm32f10x_rcc.o(i.RCC_ClearITPendingBit), (12 bytes).
    Removing stm32f10x_rcc.o(i.RCC_ClockSecuritySystemCmd), (12 bytes).
    Removing stm32f10x_rcc.o(i.RCC_DeInit), (76 bytes).
    Removing stm32f10x_rcc.o(i.RCC_GetFlagStatus), (60 bytes).
    Removing stm32f10x_rcc.o(i.RCC_GetITStatus), (24 bytes).
    Removing stm32f10x_rcc.o(i.RCC_GetSYSCLKSource), (16 bytes).
    Removing stm32f10x_rcc.o(i.RCC_HCLKConfig), (24 bytes).
    Removing stm32f10x_rcc.o(i.RCC_HSEConfig), (76 bytes).
    Removing stm32f10x_rcc.o(i.RCC_HSICmd), (12 bytes).
    Removing stm32f10x_rcc.o(i.RCC_ITConfig), (32 bytes).
    Removing stm32f10x_rcc.o(i.RCC_LSEConfig), (52 bytes).
    Removing stm32f10x_rcc.o(i.RCC_LSICmd), (12 bytes).
    Removing stm32f10x_rcc.o(i.RCC_MCOConfig), (12 bytes).
    Removing stm32f10x_rcc.o(i.RCC_PCLK1Config), (24 bytes).
    Removing stm32f10x_rcc.o(i.RCC_PCLK2Config), (24 bytes).
    Removing stm32f10x_rcc.o(i.RCC_PLLCmd), (12 bytes).
    Removing stm32f10x_rcc.o(i.RCC_PLLConfig), (28 bytes).
    Removing stm32f10x_rcc.o(i.RCC_RTCCLKCmd), (12 bytes).
    Removing stm32f10x_rcc.o(i.RCC_RTCCLKConfig), (16 bytes).
    Removing stm32f10x_rcc.o(i.RCC_SYSCLKConfig), (24 bytes).
    Removing stm32f10x_rcc.o(i.RCC_USBCLKConfig), (12 bytes).
    Removing stm32f10x_rcc.o(i.RCC_WaitForHSEStartUp), (56 bytes).
    Removing misc.o(i.NVIC_SetVectorTable), (20 bytes).
    Removing misc.o(i.NVIC_SystemLPConfig), (32 bytes).
    Removing misc.o(i.SysTick_CLKSourceConfig), (40 bytes).
    Removing stm32f10x_exti.o(i.EXTI_ClearFlag), (12 bytes).
    Removing stm32f10x_exti.o(i.EXTI_DeInit), (36 bytes).
    Removing stm32f10x_exti.o(i.EXTI_GenerateSWInterrupt), (16 bytes).
    Removing stm32f10x_exti.o(i.EXTI_GetFlagStatus), (24 bytes).
    Removing stm32f10x_exti.o(i.EXTI_StructInit), (16 bytes).
    Removing stm32f10x_usart.o(i.USART_ClearFlag), (18 bytes).
    Removing stm32f10x_usart.o(i.USART_ClockInit), (34 bytes).
    Removing stm32f10x_usart.o(i.USART_ClockStructInit), (12 bytes).
    Removing stm32f10x_usart.o(i.USART_DMACmd), (18 bytes).
    Removing stm32f10x_usart.o(i.USART_DeInit), (156 bytes).
    Removing stm32f10x_usart.o(i.USART_HalfDuplexCmd), (24 bytes).
    Removing stm32f10x_usart.o(i.USART_IrDACmd), (24 bytes).
    Removing stm32f10x_usart.o(i.USART_IrDAConfig), (18 bytes).
    Removing stm32f10x_usart.o(i.USART_LINBreakDetectLengthConfig), (18 bytes).
    Removing stm32f10x_usart.o(i.USART_LINCmd), (24 bytes).
    Removing stm32f10x_usart.o(i.USART_OneBitMethodCmd), (24 bytes).
    Removing stm32f10x_usart.o(i.USART_OverSampling8Cmd), (22 bytes).
    Removing stm32f10x_usart.o(i.USART_ReceiverWakeUpCmd), (24 bytes).
    Removing stm32f10x_usart.o(i.USART_SendBreak), (10 bytes).
    Removing stm32f10x_usart.o(i.USART_SetAddress), (18 bytes).
    Removing stm32f10x_usart.o(i.USART_SetGuardTime), (16 bytes).
    Removing stm32f10x_usart.o(i.USART_SetPrescaler), (16 bytes).
    Removing stm32f10x_usart.o(i.USART_SmartCardCmd), (24 bytes).
    Removing stm32f10x_usart.o(i.USART_SmartCardNACKCmd), (24 bytes).
    Removing stm32f10x_usart.o(i.USART_StructInit), (24 bytes).
    Removing stm32f10x_usart.o(i.USART_WakeUpConfig), (18 bytes).
    Removing led.o(i.delay), (12 bytes).
    Removing key.o(i.KEY_Scan), (92 bytes).
    Removing key.o(.data), (1 bytes).
    Removing usart.o(i.UART_Getc), (32 bytes).
    Removing usart.o(i.UART_Gets), (44 bytes).

82 unused section(s) (total 3027 bytes) removed from the image.

==============================================================================

Image Symbol Table

    Local Symbols

    Symbol Name                              Value     Ov Type        Size  Object(Section)

    ../clib/microlib/division.c              0x00000000   Number         0  uidiv.o ABSOLUTE
    ../clib/microlib/division.c              0x00000000   Number         0  uldiv.o ABSOLUTE
    ../clib/microlib/init/entry.s            0x00000000   Number         0  entry5.o ABSOLUTE
    ../clib/microlib/init/entry.s            0x00000000   Number         0  entry.o ABSOLUTE
    ../clib/microlib/init/entry.s            0x00000000   Number         0  entry7b.o ABSOLUTE
    ../clib/microlib/init/entry.s            0x00000000   Number         0  entry9a.o ABSOLUTE
    ../clib/microlib/init/entry.s            0x00000000   Number         0  entry11b.o ABSOLUTE
    ../clib/microlib/init/entry.s            0x00000000   Number         0  entry11a.o ABSOLUTE
    ../clib/microlib/init/entry.s            0x00000000   Number         0  entry10b.o ABSOLUTE
    ../clib/microlib/init/entry.s            0x00000000   Number         0  entry10a.o ABSOLUTE
    ../clib/microlib/init/entry.s            0x00000000   Number         0  entry9b.o ABSOLUTE
    ../clib/microlib/init/entry.s            0x00000000   Number         0  entry7a.o ABSOLUTE
    ../clib/microlib/init/entry.s            0x00000000   Number         0  entry8b.o ABSOLUTE
    ../clib/microlib/init/entry.s            0x00000000   Number         0  entry8a.o ABSOLUTE
    ../clib/microlib/init/entry.s            0x00000000   Number         0  entry2.o ABSOLUTE
    ../clib/microlib/longlong.c              0x00000000   Number         0  llsshr.o ABSOLUTE
    ../clib/microlib/longlong.c              0x00000000   Number         0  llushr.o ABSOLUTE
    ../clib/microlib/longlong.c              0x00000000   Number         0  llshl.o ABSOLUTE
    ../clib/microlib/printf/printf.c         0x00000000   Number         0  printf4.o ABSOLUTE
    ../clib/microlib/printf/printf.c         0x00000000   Number         0  printf6.o ABSOLUTE
    ../clib/microlib/printf/printf.c         0x00000000   Number         0  printf3.o ABSOLUTE
    ../clib/microlib/printf/printf.c         0x00000000   Number         0  printf2.o ABSOLUTE
    ../clib/microlib/printf/printf.c         0x00000000   Number         0  printf0.o ABSOLUTE
    ../clib/microlib/printf/printf.c         0x00000000   Number         0  printf5.o ABSOLUTE
    ../clib/microlib/printf/printf.c         0x00000000   Number         0  printfb.o ABSOLUTE
    ../clib/microlib/printf/printf.c         0x00000000   Number         0  printf7.o ABSOLUTE
    ../clib/microlib/printf/printf.c         0x00000000   Number         0  printf1.o ABSOLUTE
    ../clib/microlib/printf/printf.c         0x00000000   Number         0  printfa.o ABSOLUTE
    ../clib/microlib/printf/printf.c         0x00000000   Number         0  printf8.o ABSOLUTE
    ../clib/microlib/printf/stubs.s          0x00000000   Number         0  stubs.o ABSOLUTE
    ../clib/microlib/stdio/streams.c         0x00000000   Number         0  stdout.o ABSOLUTE
    ../clib/microlib/string/strcmp.c         0x00000000   Number         0  strcmp.o ABSOLUTE
    ../clib/microlib/stubs.s                 0x00000000   Number         0  iusefp.o ABSOLUTE
    ../fplib/microlib/d2f.c                  0x00000000   Number         0  d2f.o ABSOLUTE
    ../fplib/microlib/f2d.c                  0x00000000   Number         0  f2d.o ABSOLUTE
    ../fplib/microlib/fpadd.c                0x00000000   Number         0  dadd.o ABSOLUTE
    ../fplib/microlib/fpdiv.c                0x00000000   Number         0  ddiv.o ABSOLUTE
    ../fplib/microlib/fpepilogue.c           0x00000000   Number         0  depilogue.o ABSOLUTE
    ../fplib/microlib/fpepilogue.c           0x00000000   Number         0  fepilogue.o ABSOLUTE
    ../fplib/microlib/fpfix.c                0x00000000   Number         0  dfixul.o ABSOLUTE
    ../fplib/microlib/fpflt.c                0x00000000   Number         0  dfltui.o ABSOLUTE
    ../fplib/microlib/fpmul.c                0x00000000   Number         0  dmul.o ABSOLUTE
    APP\AT24C02\at24c02.c                    0x00000000   Number         0  at24c02.o ABSOLUTE
    APP\BEEP\beep.c                          0x00000000   Number         0  beep.o ABSOLUTE
    APP\CMD\cmd.c                            0x00000000   Number         0  cmd.o ABSOLUTE
    APP\DS18B20\ds18b20.c                    0x00000000   Number         0  ds18b20.o ABSOLUTE
    APP\EXTI\exti.c                          0x00000000   Number         0  exti.o ABSOLUTE
    APP\IIC\iic.c                            0x00000000   Number         0  iic.o ABSOLUTE
    APP\INIT\init.c                          0x00000000   Number         0  init.o ABSOLUTE
    APP\INTERRUPT\interrupt.c                0x00000000   Number         0  interrupt.o ABSOLUTE
    APP\KEY\key.c                            0x00000000   Number         0  key.o ABSOLUTE
    APP\LED\led.c                            0x00000000   Number         0  led.o ABSOLUTE
    APP\Systick\Systick.c                    0x00000000   Number         0  systick.o ABSOLUTE
    APP\USART\usart.c                        0x00000000   Number         0  usart.o ABSOLUTE
    Libraries\CMSIS\core_cm3.c               0x00000000   Number         0  core_cm3.o ABSOLUTE
    Libraries\CMSIS\startup_stm32f10x_hd.s   0x00000000   Number         0  startup_stm32f10x_hd.o ABSOLUTE
    Libraries\CMSIS\system_stm32f10x.c       0x00000000   Number         0  system_stm32f10x.o ABSOLUTE
    Libraries\STM32F10x_StdPeriph_Driver\src\misc.c 0x00000000   Number         0  misc.o ABSOLUTE
    Libraries\STM32F10x_StdPeriph_Driver\src\stm32f10x_exti.c 0x00000000   Number         0  stm32f10x_exti.o ABSOLUTE
    Libraries\STM32F10x_StdPeriph_Driver\src\stm32f10x_gpio.c 0x00000000   Number         0  stm32f10x_gpio.o ABSOLUTE
    Libraries\STM32F10x_StdPeriph_Driver\src\stm32f10x_rcc.c 0x00000000   Number         0  stm32f10x_rcc.o ABSOLUTE
    Libraries\STM32F10x_StdPeriph_Driver\src\stm32f10x_usart.c 0x00000000   Number         0  stm32f10x_usart.o ABSOLUTE
    Libraries\\CMSIS\\core_cm3.c             0x00000000   Number         0  core_cm3.o ABSOLUTE
    User\main.c                              0x00000000   Number         0  main.o ABSOLUTE
    User\stm32f10x_it.c                      0x00000000   Number         0  stm32f10x_it.o ABSOLUTE
    cdrcmple.s                               0x00000000   Number         0  cdrcmple.o ABSOLUTE
    dc.s                                     0x00000000   Number         0  dc.o ABSOLUTE
    handlers.s                               0x00000000   Number         0  handlers.o ABSOLUTE
    init.s                                   0x00000000   Number         0  init.o ABSOLUTE
    RESET                                    0x08000000   Section      304  startup_stm32f10x_hd.o(RESET)
    .ARM.Collect$$$$00000000                 0x08000130   Section        0  entry.o(.ARM.Collect$$$$00000000)
    .ARM.Collect$$$$00000001                 0x08000130   Section        4  entry2.o(.ARM.Collect$$$$00000001)
    .ARM.Collect$$$$00000004                 0x08000134   Section        4  entry5.o(.ARM.Collect$$$$00000004)
    .ARM.Collect$$$$00000008                 0x08000138   Section        0  entry7b.o(.ARM.Collect$$$$00000008)
    .ARM.Collect$$$$0000000A                 0x08000138   Section        0  entry8b.o(.ARM.Collect$$$$0000000A)
    .ARM.Collect$$$$0000000B                 0x08000138   Section        8  entry9a.o(.ARM.Collect$$$$0000000B)
    .ARM.Collect$$$$0000000D                 0x08000140   Section        0  entry10a.o(.ARM.Collect$$$$0000000D)
    .ARM.Collect$$$$0000000F                 0x08000140   Section        0  entry11a.o(.ARM.Collect$$$$0000000F)
    .ARM.Collect$$$$00002712                 0x08000140   Section        4  entry2.o(.ARM.Collect$$$$00002712)
    __lit__00000000                          0x08000140   Data           4  entry2.o(.ARM.Collect$$$$00002712)
    .text                                    0x08000144   Section       36  startup_stm32f10x_hd.o(.text)
    .text                                    0x08000168   Section        0  strcmp.o(.text)
    .text                                    0x08000184   Section        0  dmul.o(.text)
    .text                                    0x08000268   Section        0  dfltui.o(.text)
    .text                                    0x08000282   Section        0  f2d.o(.text)
    .text                                    0x080002a8   Section        0  d2f.o(.text)
    .text                                    0x080002e0   Section        0  uidiv.o(.text)
    .text                                    0x0800030c   Section        0  uldiv.o(.text)
    .text                                    0x0800036e   Section        0  fepilogue.o(.text)
    .text                                    0x0800036e   Section        0  iusefp.o(.text)
    .text                                    0x080003dc   Section        0  depilogue.o(.text)
    .text                                    0x08000496   Section        0  dadd.o(.text)
    .text                                    0x080005e4   Section        0  ddiv.o(.text)
    .text                                    0x080006c2   Section        0  dfixul.o(.text)
    .text                                    0x080006f4   Section       48  cdrcmple.o(.text)
    .text                                    0x08000724   Section       36  init.o(.text)
    .text                                    0x08000748   Section        0  llshl.o(.text)
    .text                                    0x08000766   Section        0  llushr.o(.text)
    .text                                    0x08000786   Section        0  llsshr.o(.text)
    i.AT24C02_Init                           0x080007aa   Section        0  at24c02.o(i.AT24C02_Init)
    i.AT24C02_ReadBlockData                  0x080007b2   Section        0  at24c02.o(i.AT24C02_ReadBlockData)
    i.AT24C02_ReadByte                       0x08000808   Section        0  at24c02.o(i.AT24C02_ReadByte)
    i.AT24C02_ReadMul                        0x08000844   Section        0  at24c02.o(i.AT24C02_ReadMul)
    i.AT24C02_ReadOne                        0x08000888   Section        0  at24c02.o(i.AT24C02_ReadOne)
    i.AT24C02_WriteBlockData                 0x080008ac   Section        0  at24c02.o(i.AT24C02_WriteBlockData)
    i.AT24C02_WriteByte                      0x08000924   Section        0  at24c02.o(i.AT24C02_WriteByte)
    i.AT24C02_WriteMul                       0x08000954   Section        0  at24c02.o(i.AT24C02_WriteMul)
    i.AT24C02_WriteOne                       0x08000974   Section        0  at24c02.o(i.AT24C02_WriteOne)
    i.BEEP_Init                              0x08000980   Section        0  beep.o(i.BEEP_Init)
    i.BEEP_Off                               0x080009b8   Section        0  beep.o(i.BEEP_Off)
    i.BEEP_On                                0x080009cc   Section        0  beep.o(i.BEEP_On)
    i.BusFault_Handler                       0x080009e0   Section        0  stm32f10x_it.o(i.BusFault_Handler)
    i.DEVICE_Init                            0x080009e4   Section        0  init.o(i.DEVICE_Init)
    i.DS18B20_GetTemperature                 0x08000a00   Section        0  ds18b20.o(i.DS18B20_GetTemperature)
    i.DS18B20_IN                             0x08000a90   Section        0  ds18b20.o(i.DS18B20_IN)
    DS18B20_IN                               0x08000a91   Thumb Code    26  ds18b20.o(i.DS18B20_IN)
    i.DS18B20_Init                           0x08000ab0   Section        0  ds18b20.o(i.DS18B20_Init)
    i.DS18B20_MatchRom                       0x08000adc   Section        0  ds18b20.o(i.DS18B20_MatchRom)
    DS18B20_MatchRom                         0x08000add   Thumb Code    32  ds18b20.o(i.DS18B20_MatchRom)
    i.DS18B20_OUT                            0x08000b00   Section        0  ds18b20.o(i.DS18B20_OUT)
    DS18B20_OUT                              0x08000b01   Thumb Code    32  ds18b20.o(i.DS18B20_OUT)
    i.DS18B20_ReadRom                        0x08000b24   Section        0  ds18b20.o(i.DS18B20_ReadRom)
    i.DS18B20_Read_Byte                      0x08000b68   Section        0  ds18b20.o(i.DS18B20_Read_Byte)
    i.DS18B20_Reset                          0x08000bb4   Section        0  ds18b20.o(i.DS18B20_Reset)
    i.DS18B20_Test                           0x08000c44   Section        0  ds18b20.o(i.DS18B20_Test)
    i.DS18B20_Write_Byte                     0x08000c74   Section        0  ds18b20.o(i.DS18B20_Write_Byte)
    i.DebugMon_Handler                       0x08000cd4   Section        0  stm32f10x_it.o(i.DebugMon_Handler)
    i.EXTI0_IRQHandler                       0x08000cd8   Section        0  exti.o(i.EXTI0_IRQHandler)
    i.EXTI4_IRQHandler                       0x08000d14   Section        0  exti.o(i.EXTI4_IRQHandler)
    i.EXTI_ClearITPendingBit                 0x08000d4c   Section        0  stm32f10x_exti.o(i.EXTI_ClearITPendingBit)
    i.EXTI_GetITStatus                       0x08000d58   Section        0  stm32f10x_exti.o(i.EXTI_GetITStatus)
    i.EXTI_Init                              0x08000d80   Section        0  stm32f10x_exti.o(i.EXTI_Init)
    i.GPIO_EXTILineConfig                    0x08000e14   Section        0  stm32f10x_gpio.o(i.GPIO_EXTILineConfig)
    i.GPIO_Init                              0x08000e54   Section        0  stm32f10x_gpio.o(i.GPIO_Init)
    i.GPIO_ResetBits                         0x08000f6a   Section        0  stm32f10x_gpio.o(i.GPIO_ResetBits)
    i.GPIO_SetBits                           0x08000f6e   Section        0  stm32f10x_gpio.o(i.GPIO_SetBits)
    i.HardFault_Handler                      0x08000f72   Section        0  stm32f10x_it.o(i.HardFault_Handler)
    i.IIC_Ack                                0x08000f78   Section        0  iic.o(i.IIC_Ack)
    i.IIC_Init                               0x08000fb0   Section        0  iic.o(i.IIC_Init)
    i.IIC_NAck                               0x08001008   Section        0  iic.o(i.IIC_NAck)
    i.IIC_Read_Byte                          0x08001040   Section        0  iic.o(i.IIC_Read_Byte)
    i.IIC_Send_Byte                          0x0800109c   Section        0  iic.o(i.IIC_Send_Byte)
    i.IIC_Start                              0x080010f8   Section        0  iic.o(i.IIC_Start)
    i.IIC_Stop                               0x08001130   Section        0  iic.o(i.IIC_Stop)
    i.IIC_Wait_Ack                           0x08001160   Section        0  iic.o(i.IIC_Wait_Ack)
    i.KEY_Init                               0x080011ac   Section        0  key.o(i.KEY_Init)
    i.LED_Init                               0x080011f0   Section        0  led.o(i.LED_Init)
    i.LED_Off                                0x08001250   Section        0  led.o(i.LED_Off)
    i.LED_On                                 0x0800126c   Section        0  led.o(i.LED_On)
    i.MemManage_Handler                      0x08001288   Section        0  stm32f10x_it.o(i.MemManage_Handler)
    i.My_EXTI_Init                           0x0800128c   Section        0  exti.o(i.My_EXTI_Init)
    i.NMI_Handler                            0x0800131a   Section        0  stm32f10x_it.o(i.NMI_Handler)
    i.NVIC_Init                              0x0800131c   Section        0  misc.o(i.NVIC_Init)
    i.NVIC_PriorityGroupConfig               0x0800138c   Section        0  misc.o(i.NVIC_PriorityGroupConfig)
    i.PendSV_Handler                         0x080013a0   Section        0  stm32f10x_it.o(i.PendSV_Handler)
    i.RCC_APB2PeriphClockCmd                 0x080013a4   Section        0  stm32f10x_rcc.o(i.RCC_APB2PeriphClockCmd)
    i.RCC_GetClocksFreq                      0x080013c4   Section        0  stm32f10x_rcc.o(i.RCC_GetClocksFreq)
    i.SDA_IN                                 0x08001498   Section        0  iic.o(i.SDA_IN)
    SDA_IN                                   0x08001499   Thumb Code    24  iic.o(i.SDA_IN)
    i.SDA_OUT                                0x080014b4   Section        0  iic.o(i.SDA_OUT)
    SDA_OUT                                  0x080014b5   Thumb Code    30  iic.o(i.SDA_OUT)
    i.SVC_Handler                            0x080014d8   Section        0  stm32f10x_it.o(i.SVC_Handler)
    i.SetSysClock                            0x080014da   Section        0  system_stm32f10x.o(i.SetSysClock)
    SetSysClock                              0x080014db   Thumb Code     8  system_stm32f10x.o(i.SetSysClock)
    i.SetSysClockTo72                        0x080014e4   Section        0  system_stm32f10x.o(i.SetSysClockTo72)
    SetSysClockTo72                          0x080014e5   Thumb Code   214  system_stm32f10x.o(i.SetSysClockTo72)
    i.SysTick_Handler                        0x080015c4   Section        0  stm32f10x_it.o(i.SysTick_Handler)
    i.SystemInit                             0x080015c8   Section        0  system_stm32f10x.o(i.SystemInit)
    i.Systick_Init                           0x08001628   Section        0  systick.o(i.Systick_Init)
    i.UART_Init                              0x08001650   Section        0  usart.o(i.UART_Init)
    i.UART_Putc                              0x080016fc   Section        0  usart.o(i.UART_Putc)
    i.UART_Puts                              0x0800171c   Section        0  usart.o(i.UART_Puts)
    i.USART1_IRQHandler                      0x08001734   Section        0  interrupt.o(i.USART1_IRQHandler)
    i.USART_ClearITPendingBit                0x08001794   Section        0  stm32f10x_usart.o(i.USART_ClearITPendingBit)
    i.USART_Cmd                              0x080017b2   Section        0  stm32f10x_usart.o(i.USART_Cmd)
    i.USART_GetFlagStatus                    0x080017ca   Section        0  stm32f10x_usart.o(i.USART_GetFlagStatus)
    i.USART_GetITStatus                      0x080017e4   Section        0  stm32f10x_usart.o(i.USART_GetITStatus)
    i.USART_ITConfig                         0x08001838   Section        0  stm32f10x_usart.o(i.USART_ITConfig)
    i.USART_Init                             0x08001884   Section        0  stm32f10x_usart.o(i.USART_Init)
    i.USART_ReceiveData                      0x0800195c   Section        0  stm32f10x_usart.o(i.USART_ReceiveData)
    i.USART_SendData                         0x08001966   Section        0  stm32f10x_usart.o(i.USART_SendData)
    i.UsageFault_Handler                     0x0800196e   Section        0  stm32f10x_it.o(i.UsageFault_Handler)
    i.__0printf                              0x08001974   Section        0  printfa.o(i.__0printf)
    i.__scatterload_copy                     0x08001994   Section       14  handlers.o(i.__scatterload_copy)
    i.__scatterload_null                     0x080019a2   Section        2  handlers.o(i.__scatterload_null)
    i.__scatterload_zeroinit                 0x080019a4   Section       14  handlers.o(i.__scatterload_zeroinit)
    i._fp_digits                             0x080019b4   Section        0  printfa.o(i._fp_digits)
    _fp_digits                               0x080019b5   Thumb Code   366  printfa.o(i._fp_digits)
    i._printf_core                           0x08001b38   Section        0  printfa.o(i._printf_core)
    _printf_core                             0x08001b39   Thumb Code  1744  printfa.o(i._printf_core)
    i._printf_post_padding                   0x08002214   Section        0  printfa.o(i._printf_post_padding)
    _printf_post_padding                     0x08002215   Thumb Code    36  printfa.o(i._printf_post_padding)
    i._printf_pre_padding                    0x08002238   Section        0  printfa.o(i._printf_pre_padding)
    _printf_pre_padding                      0x08002239   Thumb Code    46  printfa.o(i._printf_pre_padding)
    i.delay_ms                               0x08002268   Section        0  systick.o(i.delay_ms)
    i.delay_us                               0x080022b4   Section        0  systick.o(i.delay_us)
    i.find_cmd                               0x08002300   Section        0  cmd.o(i.find_cmd)
    i.fputc                                  0x08002330   Section        0  usart.o(i.fputc)
    i.main                                   0x08002354   Section        0  main.o(i.main)
    .conststring                             0x080023c8   Section       93  cmd.o(.conststring)
    .data                                    0x20000000   Section        4  main.o(.data)
    pcmd                                     0x20000000   Data           4  main.o(.data)
    .data                                    0x20000004   Section       20  stm32f10x_rcc.o(.data)
    APBAHBPrescTable                         0x20000004   Data          16  stm32f10x_rcc.o(.data)
    ADCPrescTable                            0x20000014   Data           4  stm32f10x_rcc.o(.data)
    .data                                    0x20000018   Section        8  systick.o(.data)
    fac_us                                   0x20000018   Data           4  systick.o(.data)
    fac_ms                                   0x2000001c   Data           4  systick.o(.data)
    .data                                    0x20000020   Section       80  cmd.o(.data)
    .data                                    0x20000070   Section       32  init.o(.data)
    init_func                                0x20000070   Data          32  init.o(.data)
    .data                                    0x20000090   Section        8  interrupt.o(.data)
    .data                                    0x20000098   Section        8  ds18b20.o(.data)
    rom                                      0x20000098   Data           8  ds18b20.o(.data)
    .data                                    0x200000a0   Section        4  stdout.o(.data)
    .bss                                     0x200000a4   Section     1024  interrupt.o(.bss)
    STACK                                    0x200004a8   Section     1024  startup_stm32f10x_hd.o(STACK)

    Global Symbols

    Symbol Name                              Value     Ov Type        Size  Object(Section)

    BuildAttributes$$THM_ISAv4$P$D$K$B$S$PE$A:L22UL41UL21$X:L11$S22US41US21$IEEE1$IW$USESV6$~STKCKD$USESV7$~SHL$OTIME$ROPI$EBA8$MICROLIB$REQ8$PRES8$EABIv2 0x00000000   Number         0  anon$$obj.o ABSOLUTE
    __ARM_use_no_argv                        0x00000000   Number         0  main.o ABSOLUTE
    _printf_a                                0x00000000   Number         0  stubs.o ABSOLUTE
    _printf_c                                0x00000000   Number         0  stubs.o ABSOLUTE
    _printf_charcount                        0x00000000   Number         0  stubs.o ABSOLUTE
    _printf_d                                0x00000000   Number         0  stubs.o ABSOLUTE
    _printf_e                                0x00000000   Number         0  stubs.o ABSOLUTE
    _printf_f                                0x00000000   Number         0  stubs.o ABSOLUTE
    _printf_flags                            0x00000000   Number         0  stubs.o ABSOLUTE
    _printf_fp_dec                           0x00000000   Number         0  stubs.o ABSOLUTE
    _printf_fp_hex                           0x00000000   Number         0  stubs.o ABSOLUTE
    _printf_g                                0x00000000   Number         0  stubs.o ABSOLUTE
    _printf_i                                0x00000000   Number         0  stubs.o ABSOLUTE
    _printf_int_dec                          0x00000000   Number         0  stubs.o ABSOLUTE
    _printf_l                                0x00000000   Number         0  stubs.o ABSOLUTE
    _printf_lc                               0x00000000   Number         0  stubs.o ABSOLUTE
    _printf_ll                               0x00000000   Number         0  stubs.o ABSOLUTE
    _printf_lld                              0x00000000   Number         0  stubs.o ABSOLUTE
    _printf_lli                              0x00000000   Number         0  stubs.o ABSOLUTE
    _printf_llo                              0x00000000   Number         0  stubs.o ABSOLUTE
    _printf_llu                              0x00000000   Number         0  stubs.o ABSOLUTE
    _printf_llx                              0x00000000   Number         0  stubs.o ABSOLUTE
    _printf_longlong_dec                     0x00000000   Number         0  stubs.o ABSOLUTE
    _printf_longlong_hex                     0x00000000   Number         0  stubs.o ABSOLUTE
    _printf_longlong_oct                     0x00000000   Number         0  stubs.o ABSOLUTE
    _printf_ls                               0x00000000   Number         0  stubs.o ABSOLUTE
    _printf_mbtowc                           0x00000000   Number         0  stubs.o ABSOLUTE
    _printf_n                                0x00000000   Number         0  stubs.o ABSOLUTE
    _printf_o                                0x00000000   Number         0  stubs.o ABSOLUTE
    _printf_p                                0x00000000   Number         0  stubs.o ABSOLUTE
    _printf_percent                          0x00000000   Number         0  stubs.o ABSOLUTE
    _printf_pre_padding                      0x00000000   Number         0  stubs.o ABSOLUTE
    _printf_return_value                     0x00000000   Number         0  stubs.o ABSOLUTE
    _printf_s                                0x00000000   Number         0  stubs.o ABSOLUTE
    _printf_sizespec                         0x00000000   Number         0  stubs.o ABSOLUTE
    _printf_str                              0x00000000   Number         0  stubs.o ABSOLUTE
    _printf_truncate_signed                  0x00000000   Number         0  stubs.o ABSOLUTE
    _printf_truncate_unsigned                0x00000000   Number         0  stubs.o ABSOLUTE
    _printf_u                                0x00000000   Number         0  stubs.o ABSOLUTE
    _printf_wc                               0x00000000   Number         0  stubs.o ABSOLUTE
    _printf_wctomb                           0x00000000   Number         0  stubs.o ABSOLUTE
    _printf_widthprec                        0x00000000   Number         0  stubs.o ABSOLUTE
    _printf_x                                0x00000000   Number         0  stubs.o ABSOLUTE
    __cpp_initialize__aeabi_                  - Undefined Weak Reference
    __cxa_finalize                            - Undefined Weak Reference
    __decompress                              - Undefined Weak Reference
    _clock_init                               - Undefined Weak Reference
    _microlib_exit                            - Undefined Weak Reference
    __Vectors_Size                           0x00000130   Number         0  startup_stm32f10x_hd.o ABSOLUTE
    __Vectors                                0x08000000   Data           4  startup_stm32f10x_hd.o(RESET)
    __Vectors_End                            0x08000130   Data           0  startup_stm32f10x_hd.o(RESET)
    __main                                   0x08000131   Thumb Code     0  entry.o(.ARM.Collect$$$$00000000)
    _main_stk                                0x08000131   Thumb Code     0  entry2.o(.ARM.Collect$$$$00000001)
    _main_scatterload                        0x08000135   Thumb Code     0  entry5.o(.ARM.Collect$$$$00000004)
    __main_after_scatterload                 0x08000139   Thumb Code     0  entry5.o(.ARM.Collect$$$$00000004)
    _main_clock                              0x08000139   Thumb Code     0  entry7b.o(.ARM.Collect$$$$00000008)
    _main_cpp_init                           0x08000139   Thumb Code     0  entry8b.o(.ARM.Collect$$$$0000000A)
    _main_init                               0x08000139   Thumb Code     0  entry9a.o(.ARM.Collect$$$$0000000B)
    __rt_final_cpp                           0x08000141   Thumb Code     0  entry10a.o(.ARM.Collect$$$$0000000D)
    __rt_final_exit                          0x08000141   Thumb Code     0  entry11a.o(.ARM.Collect$$$$0000000F)
    Reset_Handler                            0x08000145   Thumb Code     8  startup_stm32f10x_hd.o(.text)
    ADC1_2_IRQHandler                        0x0800015f   Thumb Code     0  startup_stm32f10x_hd.o(.text)
    ADC3_IRQHandler                          0x0800015f   Thumb Code     0  startup_stm32f10x_hd.o(.text)
    CAN1_RX1_IRQHandler                      0x0800015f   Thumb Code     0  startup_stm32f10x_hd.o(.text)
    CAN1_SCE_IRQHandler                      0x0800015f   Thumb Code     0  startup_stm32f10x_hd.o(.text)
    DMA1_Channel1_IRQHandler                 0x0800015f   Thumb Code     0  startup_stm32f10x_hd.o(.text)
    DMA1_Channel2_IRQHandler                 0x0800015f   Thumb Code     0  startup_stm32f10x_hd.o(.text)
    DMA1_Channel3_IRQHandler                 0x0800015f   Thumb Code     0  startup_stm32f10x_hd.o(.text)
    DMA1_Channel4_IRQHandler                 0x0800015f   Thumb Code     0  startup_stm32f10x_hd.o(.text)
    DMA1_Channel5_IRQHandler                 0x0800015f   Thumb Code     0  startup_stm32f10x_hd.o(.text)
    DMA1_Channel6_IRQHandler                 0x0800015f   Thumb Code     0  startup_stm32f10x_hd.o(.text)
    DMA1_Channel7_IRQHandler                 0x0800015f   Thumb Code     0  startup_stm32f10x_hd.o(.text)
    DMA2_Channel1_IRQHandler                 0x0800015f   Thumb Code     0  startup_stm32f10x_hd.o(.text)
    DMA2_Channel2_IRQHandler                 0x0800015f   Thumb Code     0  startup_stm32f10x_hd.o(.text)
    DMA2_Channel3_IRQHandler                 0x0800015f   Thumb Code     0  startup_stm32f10x_hd.o(.text)
    DMA2_Channel4_5_IRQHandler               0x0800015f   Thumb Code     0  startup_stm32f10x_hd.o(.text)
    EXTI15_10_IRQHandler                     0x0800015f   Thumb Code     0  startup_stm32f10x_hd.o(.text)
    EXTI1_IRQHandler                         0x0800015f   Thumb Code     0  startup_stm32f10x_hd.o(.text)
    EXTI2_IRQHandler                         0x0800015f   Thumb Code     0  startup_stm32f10x_hd.o(.text)
    EXTI3_IRQHandler                         0x0800015f   Thumb Code     0  startup_stm32f10x_hd.o(.text)
    EXTI9_5_IRQHandler                       0x0800015f   Thumb Code     0  startup_stm32f10x_hd.o(.text)
    FLASH_IRQHandler                         0x0800015f   Thumb Code     0  startup_stm32f10x_hd.o(.text)
    FSMC_IRQHandler                          0x0800015f   Thumb Code     0  startup_stm32f10x_hd.o(.text)
    I2C1_ER_IRQHandler                       0x0800015f   Thumb Code     0  startup_stm32f10x_hd.o(.text)
    I2C1_EV_IRQHandler                       0x0800015f   Thumb Code     0  startup_stm32f10x_hd.o(.text)
    I2C2_ER_IRQHandler                       0x0800015f   Thumb Code     0  startup_stm32f10x_hd.o(.text)
    I2C2_EV_IRQHandler                       0x0800015f   Thumb Code     0  startup_stm32f10x_hd.o(.text)
    PVD_IRQHandler                           0x0800015f   Thumb Code     0  startup_stm32f10x_hd.o(.text)
    RCC_IRQHandler                           0x0800015f   Thumb Code     0  startup_stm32f10x_hd.o(.text)
    RTCAlarm_IRQHandler                      0x0800015f   Thumb Code     0  startup_stm32f10x_hd.o(.text)
    RTC_IRQHandler                           0x0800015f   Thumb Code     0  startup_stm32f10x_hd.o(.text)
    SDIO_IRQHandler                          0x0800015f   Thumb Code     0  startup_stm32f10x_hd.o(.text)
    SPI1_IRQHandler                          0x0800015f   Thumb Code     0  startup_stm32f10x_hd.o(.text)
    SPI2_IRQHandler                          0x0800015f   Thumb Code     0  startup_stm32f10x_hd.o(.text)
    SPI3_IRQHandler                          0x0800015f   Thumb Code     0  startup_stm32f10x_hd.o(.text)
    TAMPER_IRQHandler                        0x0800015f   Thumb Code     0  startup_stm32f10x_hd.o(.text)
    TIM1_BRK_IRQHandler                      0x0800015f   Thumb Code     0  startup_stm32f10x_hd.o(.text)
    TIM1_CC_IRQHandler                       0x0800015f   Thumb Code     0  startup_stm32f10x_hd.o(.text)
    TIM1_TRG_COM_IRQHandler                  0x0800015f   Thumb Code     0  startup_stm32f10x_hd.o(.text)
    TIM1_UP_IRQHandler                       0x0800015f   Thumb Code     0  startup_stm32f10x_hd.o(.text)
    TIM2_IRQHandler                          0x0800015f   Thumb Code     0  startup_stm32f10x_hd.o(.text)
    TIM3_IRQHandler                          0x0800015f   Thumb Code     0  startup_stm32f10x_hd.o(.text)
    TIM4_IRQHandler                          0x0800015f   Thumb Code     0  startup_stm32f10x_hd.o(.text)
    TIM5_IRQHandler                          0x0800015f   Thumb Code     0  startup_stm32f10x_hd.o(.text)
    TIM6_IRQHandler                          0x0800015f   Thumb Code     0  startup_stm32f10x_hd.o(.text)
    TIM7_IRQHandler                          0x0800015f   Thumb Code     0  startup_stm32f10x_hd.o(.text)
    TIM8_BRK_IRQHandler                      0x0800015f   Thumb Code     0  startup_stm32f10x_hd.o(.text)
    TIM8_CC_IRQHandler                       0x0800015f   Thumb Code     0  startup_stm32f10x_hd.o(.text)
    TIM8_TRG_COM_IRQHandler                  0x0800015f   Thumb Code     0  startup_stm32f10x_hd.o(.text)
    TIM8_UP_IRQHandler                       0x0800015f   Thumb Code     0  startup_stm32f10x_hd.o(.text)
    UART4_IRQHandler                         0x0800015f   Thumb Code     0  startup_stm32f10x_hd.o(.text)
    UART5_IRQHandler                         0x0800015f   Thumb Code     0  startup_stm32f10x_hd.o(.text)
    USART2_IRQHandler                        0x0800015f   Thumb Code     0  startup_stm32f10x_hd.o(.text)
    USART3_IRQHandler                        0x0800015f   Thumb Code     0  startup_stm32f10x_hd.o(.text)
    USBWakeUp_IRQHandler                     0x0800015f   Thumb Code     0  startup_stm32f10x_hd.o(.text)
    USB_HP_CAN1_TX_IRQHandler                0x0800015f   Thumb Code     0  startup_stm32f10x_hd.o(.text)
    USB_LP_CAN1_RX0_IRQHandler               0x0800015f   Thumb Code     0  startup_stm32f10x_hd.o(.text)
    WWDG_IRQHandler                          0x0800015f   Thumb Code     0  startup_stm32f10x_hd.o(.text)
    strcmp                                   0x08000169   Thumb Code    28  strcmp.o(.text)
    __aeabi_dmul                             0x08000185   Thumb Code   228  dmul.o(.text)
    __aeabi_ui2d                             0x08000269   Thumb Code    26  dfltui.o(.text)
    __aeabi_f2d                              0x08000283   Thumb Code    38  f2d.o(.text)
    __aeabi_d2f                              0x080002a9   Thumb Code    56  d2f.o(.text)
    __aeabi_uidiv                            0x080002e1   Thumb Code     0  uidiv.o(.text)
    __aeabi_uidivmod                         0x080002e1   Thumb Code    44  uidiv.o(.text)
    __aeabi_uldivmod                         0x0800030d   Thumb Code    98  uldiv.o(.text)
    __I$use$fp                               0x0800036f   Thumb Code     0  iusefp.o(.text)
    _float_round                             0x0800036f   Thumb Code    18  fepilogue.o(.text)
    _float_epilogue                          0x08000381   Thumb Code    92  fepilogue.o(.text)
    _double_round                            0x080003dd   Thumb Code    30  depilogue.o(.text)
    _double_epilogue                         0x080003fb   Thumb Code   156  depilogue.o(.text)
    __aeabi_dadd                             0x08000497   Thumb Code   322  dadd.o(.text)
    __aeabi_dsub                             0x080005d9   Thumb Code     6  dadd.o(.text)
    __aeabi_drsub                            0x080005df   Thumb Code     6  dadd.o(.text)
    __aeabi_ddiv                             0x080005e5   Thumb Code   222  ddiv.o(.text)
    __aeabi_d2ulz                            0x080006c3   Thumb Code    48  dfixul.o(.text)
    __aeabi_cdrcmple                         0x080006f5   Thumb Code    48  cdrcmple.o(.text)
    __scatterload                            0x08000725   Thumb Code    28  init.o(.text)
    __scatterload_rt2                        0x08000725   Thumb Code     0  init.o(.text)
    __aeabi_llsl                             0x08000749   Thumb Code    30  llshl.o(.text)
    _ll_shift_l                              0x08000749   Thumb Code     0  llshl.o(.text)
    __aeabi_llsr                             0x08000767   Thumb Code    32  llushr.o(.text)
    _ll_ushift_r                             0x08000767   Thumb Code     0  llushr.o(.text)
    __aeabi_lasr                             0x08000787   Thumb Code    36  llsshr.o(.text)
    _ll_sshift_r                             0x08000787   Thumb Code     0  llsshr.o(.text)
    AT24C02_Init                             0x080007ab   Thumb Code     8  at24c02.o(i.AT24C02_Init)
    AT24C02_ReadBlockData                    0x080007b3   Thumb Code    86  at24c02.o(i.AT24C02_ReadBlockData)
    AT24C02_ReadByte                         0x08000809   Thumb Code    58  at24c02.o(i.AT24C02_ReadByte)
    AT24C02_ReadMul                          0x08000845   Thumb Code    42  at24c02.o(i.AT24C02_ReadMul)
    AT24C02_ReadOne                          0x08000889   Thumb Code    20  at24c02.o(i.AT24C02_ReadOne)
    AT24C02_WriteBlockData                   0x080008ad   Thumb Code   120  at24c02.o(i.AT24C02_WriteBlockData)
    AT24C02_WriteByte                        0x08000925   Thumb Code    46  at24c02.o(i.AT24C02_WriteByte)
    AT24C02_WriteMul                         0x08000955   Thumb Code    22  at24c02.o(i.AT24C02_WriteMul)
    AT24C02_WriteOne                         0x08000975   Thumb Code    12  at24c02.o(i.AT24C02_WriteOne)
    BEEP_Init                                0x08000981   Thumb Code    50  beep.o(i.BEEP_Init)
    BEEP_Off                                 0x080009b9   Thumb Code    14  beep.o(i.BEEP_Off)
    BEEP_On                                  0x080009cd   Thumb Code    14  beep.o(i.BEEP_On)
    BusFault_Handler                         0x080009e1   Thumb Code     4  stm32f10x_it.o(i.BusFault_Handler)
    DEVICE_Init                              0x080009e5   Thumb Code    24  init.o(i.DEVICE_Init)
    DS18B20_GetTemperature                   0x08000a01   Thumb Code   136  ds18b20.o(i.DS18B20_GetTemperature)
    DS18B20_Init                             0x08000ab1   Thumb Code    40  ds18b20.o(i.DS18B20_Init)
    DS18B20_ReadRom                          0x08000b25   Thumb Code    52  ds18b20.o(i.DS18B20_ReadRom)
    DS18B20_Read_Byte                        0x08000b69   Thumb Code    66  ds18b20.o(i.DS18B20_Read_Byte)
    DS18B20_Reset                            0x08000bb5   Thumb Code    86  ds18b20.o(i.DS18B20_Reset)
    DS18B20_Test                             0x08000c45   Thumb Code    28  ds18b20.o(i.DS18B20_Test)
    DS18B20_Write_Byte                       0x08000c75   Thumb Code    86  ds18b20.o(i.DS18B20_Write_Byte)
    DebugMon_Handler                         0x08000cd5   Thumb Code     2  stm32f10x_it.o(i.DebugMon_Handler)
    EXTI0_IRQHandler                         0x08000cd9   Thumb Code    50  exti.o(i.EXTI0_IRQHandler)
    EXTI4_IRQHandler                         0x08000d15   Thumb Code    48  exti.o(i.EXTI4_IRQHandler)
    EXTI_ClearITPendingBit                   0x08000d4d   Thumb Code     6  stm32f10x_exti.o(i.EXTI_ClearITPendingBit)
    EXTI_GetITStatus                         0x08000d59   Thumb Code    34  stm32f10x_exti.o(i.EXTI_GetITStatus)
    EXTI_Init                                0x08000d81   Thumb Code   142  stm32f10x_exti.o(i.EXTI_Init)
    GPIO_EXTILineConfig                      0x08000e15   Thumb Code    60  stm32f10x_gpio.o(i.GPIO_EXTILineConfig)
    GPIO_Init                                0x08000e55   Thumb Code   278  stm32f10x_gpio.o(i.GPIO_Init)
    GPIO_ResetBits                           0x08000f6b   Thumb Code     4  stm32f10x_gpio.o(i.GPIO_ResetBits)
    GPIO_SetBits                             0x08000f6f   Thumb Code     4  stm32f10x_gpio.o(i.GPIO_SetBits)
    HardFault_Handler                        0x08000f73   Thumb Code     4  stm32f10x_it.o(i.HardFault_Handler)
    IIC_Ack                                  0x08000f79   Thumb Code    48  iic.o(i.IIC_Ack)
    IIC_Init                                 0x08000fb1   Thumb Code    76  iic.o(i.IIC_Init)
    IIC_NAck                                 0x08001009   Thumb Code    48  iic.o(i.IIC_NAck)
    IIC_Read_Byte                            0x08001041   Thumb Code    82  iic.o(i.IIC_Read_Byte)
    IIC_Send_Byte                            0x0800109d   Thumb Code    82  iic.o(i.IIC_Send_Byte)
    IIC_Start                                0x080010f9   Thumb Code    48  iic.o(i.IIC_Start)
    IIC_Stop                                 0x08001131   Thumb Code    40  iic.o(i.IIC_Stop)
    IIC_Wait_Ack                             0x08001161   Thumb Code    68  iic.o(i.IIC_Wait_Ack)
    KEY_Init                                 0x080011ad   Thumb Code    60  key.o(i.KEY_Init)
    LED_Init                                 0x080011f1   Thumb Code    88  led.o(i.LED_Init)
    LED_Off                                  0x08001251   Thumb Code    20  led.o(i.LED_Off)
    LED_On                                   0x0800126d   Thumb Code    20  led.o(i.LED_On)
    MemManage_Handler                        0x08001289   Thumb Code     4  stm32f10x_it.o(i.MemManage_Handler)
    My_EXTI_Init                             0x0800128d   Thumb Code   142  exti.o(i.My_EXTI_Init)
    NMI_Handler                              0x0800131b   Thumb Code     2  stm32f10x_it.o(i.NMI_Handler)
    NVIC_Init                                0x0800131d   Thumb Code   100  misc.o(i.NVIC_Init)
    NVIC_PriorityGroupConfig                 0x0800138d   Thumb Code    10  misc.o(i.NVIC_PriorityGroupConfig)
    PendSV_Handler                           0x080013a1   Thumb Code     2  stm32f10x_it.o(i.PendSV_Handler)
    RCC_APB2PeriphClockCmd                   0x080013a5   Thumb Code    26  stm32f10x_rcc.o(i.RCC_APB2PeriphClockCmd)
    RCC_GetClocksFreq                        0x080013c5   Thumb Code   192  stm32f10x_rcc.o(i.RCC_GetClocksFreq)
    SVC_Handler                              0x080014d9   Thumb Code     2  stm32f10x_it.o(i.SVC_Handler)
    SysTick_Handler                          0x080015c5   Thumb Code     2  stm32f10x_it.o(i.SysTick_Handler)
    SystemInit                               0x080015c9   Thumb Code    78  system_stm32f10x.o(i.SystemInit)
    Systick_Init                             0x08001629   Thumb Code    32  systick.o(i.Systick_Init)
    UART_Init                                0x08001651   Thumb Code   164  usart.o(i.UART_Init)
    UART_Putc                                0x080016fd   Thumb Code    28  usart.o(i.UART_Putc)
    UART_Puts                                0x0800171d   Thumb Code    22  usart.o(i.UART_Puts)
    USART1_IRQHandler                        0x08001735   Thumb Code    78  interrupt.o(i.USART1_IRQHandler)
    USART_ClearITPendingBit                  0x08001795   Thumb Code    30  stm32f10x_usart.o(i.USART_ClearITPendingBit)
    USART_Cmd                                0x080017b3   Thumb Code    24  stm32f10x_usart.o(i.USART_Cmd)
    USART_GetFlagStatus                      0x080017cb   Thumb Code    26  stm32f10x_usart.o(i.USART_GetFlagStatus)
    USART_GetITStatus                        0x080017e5   Thumb Code    84  stm32f10x_usart.o(i.USART_GetITStatus)
    USART_ITConfig                           0x08001839   Thumb Code    74  stm32f10x_usart.o(i.USART_ITConfig)
    USART_Init                               0x08001885   Thumb Code   210  stm32f10x_usart.o(i.USART_Init)
    USART_ReceiveData                        0x0800195d   Thumb Code    10  stm32f10x_usart.o(i.USART_ReceiveData)
    USART_SendData                           0x08001967   Thumb Code     8  stm32f10x_usart.o(i.USART_SendData)
    UsageFault_Handler                       0x0800196f   Thumb Code     4  stm32f10x_it.o(i.UsageFault_Handler)
    __0printf                                0x08001975   Thumb Code    22  printfa.o(i.__0printf)
    __1printf                                0x08001975   Thumb Code     0  printfa.o(i.__0printf)
    __2printf                                0x08001975   Thumb Code     0  printfa.o(i.__0printf)
    __c89printf                              0x08001975   Thumb Code     0  printfa.o(i.__0printf)
    printf                                   0x08001975   Thumb Code     0  printfa.o(i.__0printf)
    __scatterload_copy                       0x08001995   Thumb Code    14  handlers.o(i.__scatterload_copy)
    __scatterload_null                       0x080019a3   Thumb Code     2  handlers.o(i.__scatterload_null)
    __scatterload_zeroinit                   0x080019a5   Thumb Code    14  handlers.o(i.__scatterload_zeroinit)
    delay_ms                                 0x08002269   Thumb Code    72  systick.o(i.delay_ms)
    delay_us                                 0x080022b5   Thumb Code    72  systick.o(i.delay_us)
    find_cmd                                 0x08002301   Thumb Code    42  cmd.o(i.find_cmd)
    fputc                                    0x08002331   Thumb Code    32  usart.o(i.fputc)
    main                                     0x08002355   Thumb Code    64  main.o(i.main)
    Region$$Table$$Base                      0x08002428   Number         0  anon$$obj.o(Region$$Table)
    Region$$Table$$Limit                     0x08002448   Number         0  anon$$obj.o(Region$$Table)
    cmd                                      0x20000020   Data          80  cmd.o(.data)
    UART_RxCounter                           0x20000090   Data           4  interrupt.o(.data)
    UART_Send_Flag                           0x20000094   Data           4  interrupt.o(.data)
    __stdout                                 0x200000a0   Data           4  stdout.o(.data)
    UART_RxBuff                              0x200000a4   Data        1024  interrupt.o(.bss)
    __initial_sp                             0x200008a8   Data           0  startup_stm32f10x_hd.o(STACK)



==============================================================================

Memory Map of the image

  Image Entry point : 0x08000131

  Load Region LR_IROM1 (Base: 0x08000000, Size: 0x000024ec, Max: 0x00080000, ABSOLUTE)

    Execution Region ER_IROM1 (Exec base: 0x08000000, Load base: 0x08000000, Size: 0x00002448, Max: 0x00080000, ABSOLUTE)

    Exec Addr    Load Addr    Size         Type   Attr      Idx    E Section Name        Object

    0x08000000   0x08000000   0x00000130   Data   RO          202    RESET               startup_stm32f10x_hd.o
    0x08000130   0x08000130   0x00000000   Code   RO         1315  * .ARM.Collect$$$$00000000  mc_w.l(entry.o)
    0x08000130   0x08000130   0x00000004   Code   RO         1589    .ARM.Collect$$$$00000001  mc_w.l(entry2.o)
    0x08000134   0x08000134   0x00000004   Code   RO         1592    .ARM.Collect$$$$00000004  mc_w.l(entry5.o)
    0x08000138   0x08000138   0x00000000   Code   RO         1594    .ARM.Collect$$$$00000008  mc_w.l(entry7b.o)
    0x08000138   0x08000138   0x00000000   Code   RO         1596    .ARM.Collect$$$$0000000A  mc_w.l(entry8b.o)
    0x08000138   0x08000138   0x00000008   Code   RO         1597    .ARM.Collect$$$$0000000B  mc_w.l(entry9a.o)
    0x08000140   0x08000140   0x00000000   Code   RO         1599    .ARM.Collect$$$$0000000D  mc_w.l(entry10a.o)
    0x08000140   0x08000140   0x00000000   Code   RO         1601    .ARM.Collect$$$$0000000F  mc_w.l(entry11a.o)
    0x08000140   0x08000140   0x00000004   Code   RO         1590    .ARM.Collect$$$$00002712  mc_w.l(entry2.o)
    0x08000144   0x08000144   0x00000024   Code   RO          203    .text               startup_stm32f10x_hd.o
    0x08000168   0x08000168   0x0000001c   Code   RO         1318    .text               mc_w.l(strcmp.o)
    0x08000184   0x08000184   0x000000e4   Code   RO         1581    .text               mf_w.l(dmul.o)
    0x08000268   0x08000268   0x0000001a   Code   RO         1583    .text               mf_w.l(dfltui.o)
    0x08000282   0x08000282   0x00000026   Code   RO         1585    .text               mf_w.l(f2d.o)
    0x080002a8   0x080002a8   0x00000038   Code   RO         1587    .text               mf_w.l(d2f.o)
    0x080002e0   0x080002e0   0x0000002c   Code   RO         1604    .text               mc_w.l(uidiv.o)
    0x0800030c   0x0800030c   0x00000062   Code   RO         1606    .text               mc_w.l(uldiv.o)
    0x0800036e   0x0800036e   0x00000000   Code   RO         1608    .text               mc_w.l(iusefp.o)
    0x0800036e   0x0800036e   0x0000006e   Code   RO         1609    .text               mf_w.l(fepilogue.o)
    0x080003dc   0x080003dc   0x000000ba   Code   RO         1611    .text               mf_w.l(depilogue.o)
    0x08000496   0x08000496   0x0000014e   Code   RO         1613    .text               mf_w.l(dadd.o)
    0x080005e4   0x080005e4   0x000000de   Code   RO         1615    .text               mf_w.l(ddiv.o)
    0x080006c2   0x080006c2   0x00000030   Code   RO         1617    .text               mf_w.l(dfixul.o)
    0x080006f2   0x080006f2   0x00000002   PAD
    0x080006f4   0x080006f4   0x00000030   Code   RO         1619    .text               mf_w.l(cdrcmple.o)
    0x08000724   0x08000724   0x00000024   Code   RO         1621    .text               mc_w.l(init.o)
    0x08000748   0x08000748   0x0000001e   Code   RO         1623    .text               mc_w.l(llshl.o)
    0x08000766   0x08000766   0x00000020   Code   RO         1625    .text               mc_w.l(llushr.o)
    0x08000786   0x08000786   0x00000024   Code   RO         1627    .text               mc_w.l(llsshr.o)
    0x080007aa   0x080007aa   0x00000008   Code   RO         1106    i.AT24C02_Init      at24c02.o
    0x080007b2   0x080007b2   0x00000056   Code   RO         1107    i.AT24C02_ReadBlockData  at24c02.o
    0x08000808   0x08000808   0x0000003a   Code   RO         1108    i.AT24C02_ReadByte  at24c02.o
    0x08000842   0x08000842   0x00000002   PAD
    0x08000844   0x08000844   0x00000044   Code   RO         1109    i.AT24C02_ReadMul   at24c02.o
    0x08000888   0x08000888   0x00000024   Code   RO         1110    i.AT24C02_ReadOne   at24c02.o
    0x080008ac   0x080008ac   0x00000078   Code   RO         1111    i.AT24C02_WriteBlockData  at24c02.o
    0x08000924   0x08000924   0x0000002e   Code   RO         1112    i.AT24C02_WriteByte  at24c02.o
    0x08000952   0x08000952   0x00000002   PAD
    0x08000954   0x08000954   0x00000020   Code   RO         1113    i.AT24C02_WriteMul  at24c02.o
    0x08000974   0x08000974   0x0000000c   Code   RO         1114    i.AT24C02_WriteOne  at24c02.o
    0x08000980   0x08000980   0x00000038   Code   RO          891    i.BEEP_Init         beep.o
    0x080009b8   0x080009b8   0x00000014   Code   RO          892    i.BEEP_Off          beep.o
    0x080009cc   0x080009cc   0x00000014   Code   RO          893    i.BEEP_On           beep.o
    0x080009e0   0x080009e0   0x00000004   Code   RO          137    i.BusFault_Handler  stm32f10x_it.o
    0x080009e4   0x080009e4   0x0000001c   Code   RO         1070    i.DEVICE_Init       init.o
    0x08000a00   0x08000a00   0x00000090   Code   RO         1243    i.DS18B20_GetTemperature  ds18b20.o
    0x08000a90   0x08000a90   0x00000020   Code   RO         1244    i.DS18B20_IN        ds18b20.o
    0x08000ab0   0x08000ab0   0x0000002c   Code   RO         1245    i.DS18B20_Init      ds18b20.o
    0x08000adc   0x08000adc   0x00000024   Code   RO         1246    i.DS18B20_MatchRom  ds18b20.o
    0x08000b00   0x08000b00   0x00000024   Code   RO         1247    i.DS18B20_OUT       ds18b20.o
    0x08000b24   0x08000b24   0x00000044   Code   RO         1248    i.DS18B20_ReadRom   ds18b20.o
    0x08000b68   0x08000b68   0x0000004c   Code   RO         1249    i.DS18B20_Read_Byte  ds18b20.o
    0x08000bb4   0x08000bb4   0x00000090   Code   RO         1250    i.DS18B20_Reset     ds18b20.o
    0x08000c44   0x08000c44   0x00000030   Code   RO         1251    i.DS18B20_Test      ds18b20.o
    0x08000c74   0x08000c74   0x00000060   Code   RO         1252    i.DS18B20_Write_Byte  ds18b20.o
    0x08000cd4   0x08000cd4   0x00000002   Code   RO          138    i.DebugMon_Handler  stm32f10x_it.o
    0x08000cd6   0x08000cd6   0x00000002   PAD
    0x08000cd8   0x08000cd8   0x0000003c   Code   RO          969    i.EXTI0_IRQHandler  exti.o
    0x08000d14   0x08000d14   0x00000038   Code   RO          970    i.EXTI4_IRQHandler  exti.o
    0x08000d4c   0x08000d4c   0x0000000c   Code   RO          625    i.EXTI_ClearITPendingBit  stm32f10x_exti.o
    0x08000d58   0x08000d58   0x00000028   Code   RO          629    i.EXTI_GetITStatus  stm32f10x_exti.o
    0x08000d80   0x08000d80   0x00000094   Code   RO          630    i.EXTI_Init         stm32f10x_exti.o
    0x08000e14   0x08000e14   0x00000040   Code   RO          277    i.GPIO_EXTILineConfig  stm32f10x_gpio.o
    0x08000e54   0x08000e54   0x00000116   Code   RO          280    i.GPIO_Init         stm32f10x_gpio.o
    0x08000f6a   0x08000f6a   0x00000004   Code   RO          287    i.GPIO_ResetBits    stm32f10x_gpio.o
    0x08000f6e   0x08000f6e   0x00000004   Code   RO          288    i.GPIO_SetBits      stm32f10x_gpio.o
    0x08000f72   0x08000f72   0x00000004   Code   RO          139    i.HardFault_Handler  stm32f10x_it.o
    0x08000f76   0x08000f76   0x00000002   PAD
    0x08000f78   0x08000f78   0x00000038   Code   RO         1176    i.IIC_Ack           iic.o
    0x08000fb0   0x08000fb0   0x00000058   Code   RO         1177    i.IIC_Init          iic.o
    0x08001008   0x08001008   0x00000038   Code   RO         1178    i.IIC_NAck          iic.o
    0x08001040   0x08001040   0x0000005c   Code   RO         1179    i.IIC_Read_Byte     iic.o
    0x0800109c   0x0800109c   0x0000005c   Code   RO         1180    i.IIC_Send_Byte     iic.o
    0x080010f8   0x080010f8   0x00000038   Code   RO         1181    i.IIC_Start         iic.o
    0x08001130   0x08001130   0x00000030   Code   RO         1182    i.IIC_Stop          iic.o
    0x08001160   0x08001160   0x0000004c   Code   RO         1183    i.IIC_Wait_Ack      iic.o
    0x080011ac   0x080011ac   0x00000044   Code   RO          947    i.KEY_Init          key.o
    0x080011f0   0x080011f0   0x00000060   Code   RO          858    i.LED_Init          led.o
    0x08001250   0x08001250   0x0000001c   Code   RO          859    i.LED_Off           led.o
    0x0800126c   0x0800126c   0x0000001c   Code   RO          860    i.LED_On            led.o
    0x08001288   0x08001288   0x00000004   Code   RO          140    i.MemManage_Handler  stm32f10x_it.o
    0x0800128c   0x0800128c   0x0000008e   Code   RO          971    i.My_EXTI_Init      exti.o
    0x0800131a   0x0800131a   0x00000002   Code   RO          141    i.NMI_Handler       stm32f10x_it.o
    0x0800131c   0x0800131c   0x00000070   Code   RO          588    i.NVIC_Init         misc.o
    0x0800138c   0x0800138c   0x00000014   Code   RO          589    i.NVIC_PriorityGroupConfig  misc.o
    0x080013a0   0x080013a0   0x00000002   Code   RO          142    i.PendSV_Handler    stm32f10x_it.o
    0x080013a2   0x080013a2   0x00000002   PAD
    0x080013a4   0x080013a4   0x00000020   Code   RO          392    i.RCC_APB2PeriphClockCmd  stm32f10x_rcc.o
    0x080013c4   0x080013c4   0x000000d4   Code   RO          400    i.RCC_GetClocksFreq  stm32f10x_rcc.o
    0x08001498   0x08001498   0x0000001c   Code   RO         1184    i.SDA_IN            iic.o
    0x080014b4   0x080014b4   0x00000024   Code   RO         1185    i.SDA_OUT           iic.o
    0x080014d8   0x080014d8   0x00000002   Code   RO          143    i.SVC_Handler       stm32f10x_it.o
    0x080014da   0x080014da   0x00000008   Code   RO          218    i.SetSysClock       system_stm32f10x.o
    0x080014e2   0x080014e2   0x00000002   PAD
    0x080014e4   0x080014e4   0x000000e0   Code   RO          219    i.SetSysClockTo72   system_stm32f10x.o
    0x080015c4   0x080015c4   0x00000002   Code   RO          144    i.SysTick_Handler   stm32f10x_it.o
    0x080015c6   0x080015c6   0x00000002   PAD
    0x080015c8   0x080015c8   0x00000060   Code   RO          221    i.SystemInit        system_stm32f10x.o
    0x08001628   0x08001628   0x00000028   Code   RO          918    i.Systick_Init      systick.o
    0x08001650   0x08001650   0x000000ac   Code   RO          998    i.UART_Init         usart.o
    0x080016fc   0x080016fc   0x00000020   Code   RO          999    i.UART_Putc         usart.o
    0x0800171c   0x0800171c   0x00000016   Code   RO         1000    i.UART_Puts         usart.o
    0x08001732   0x08001732   0x00000002   PAD
    0x08001734   0x08001734   0x00000060   Code   RO         1087    i.USART1_IRQHandler  interrupt.o
    0x08001794   0x08001794   0x0000001e   Code   RO          679    i.USART_ClearITPendingBit  stm32f10x_usart.o
    0x080017b2   0x080017b2   0x00000018   Code   RO          682    i.USART_Cmd         stm32f10x_usart.o
    0x080017ca   0x080017ca   0x0000001a   Code   RO          685    i.USART_GetFlagStatus  stm32f10x_usart.o
    0x080017e4   0x080017e4   0x00000054   Code   RO          686    i.USART_GetITStatus  stm32f10x_usart.o
    0x08001838   0x08001838   0x0000004a   Code   RO          688    i.USART_ITConfig    stm32f10x_usart.o
    0x08001882   0x08001882   0x00000002   PAD
    0x08001884   0x08001884   0x000000d8   Code   RO          689    i.USART_Init        stm32f10x_usart.o
    0x0800195c   0x0800195c   0x0000000a   Code   RO          696    i.USART_ReceiveData  stm32f10x_usart.o
    0x08001966   0x08001966   0x00000008   Code   RO          699    i.USART_SendData    stm32f10x_usart.o
    0x0800196e   0x0800196e   0x00000004   Code   RO          145    i.UsageFault_Handler  stm32f10x_it.o
    0x08001972   0x08001972   0x00000002   PAD
    0x08001974   0x08001974   0x00000020   Code   RO         1553    i.__0printf         mc_w.l(printfa.o)
    0x08001994   0x08001994   0x0000000e   Code   RO         1631    i.__scatterload_copy  mc_w.l(handlers.o)
    0x080019a2   0x080019a2   0x00000002   Code   RO         1632    i.__scatterload_null  mc_w.l(handlers.o)
    0x080019a4   0x080019a4   0x0000000e   Code   RO         1633    i.__scatterload_zeroinit  mc_w.l(handlers.o)
    0x080019b2   0x080019b2   0x00000002   PAD
    0x080019b4   0x080019b4   0x00000184   Code   RO         1560    i._fp_digits        mc_w.l(printfa.o)
    0x08001b38   0x08001b38   0x000006dc   Code   RO         1561    i._printf_core      mc_w.l(printfa.o)
    0x08002214   0x08002214   0x00000024   Code   RO         1562    i._printf_post_padding  mc_w.l(printfa.o)
    0x08002238   0x08002238   0x0000002e   Code   RO         1563    i._printf_pre_padding  mc_w.l(printfa.o)
    0x08002266   0x08002266   0x00000002   PAD
    0x08002268   0x08002268   0x0000004c   Code   RO          919    i.delay_ms          systick.o
    0x080022b4   0x080022b4   0x0000004c   Code   RO          920    i.delay_us          systick.o
    0x08002300   0x08002300   0x00000030   Code   RO         1045    i.find_cmd          cmd.o
    0x08002330   0x08002330   0x00000024   Code   RO         1001    i.fputc             usart.o
    0x08002354   0x08002354   0x00000074   Code   RO            1    i.main              main.o
    0x080023c8   0x080023c8   0x0000005d   Data   RO         1046    .conststring        cmd.o
    0x08002425   0x08002425   0x00000003   PAD
    0x08002428   0x08002428   0x00000020   Data   RO         1629    Region$$Table       anon$$obj.o


    Execution Region RW_IRAM1 (Exec base: 0x20000000, Load base: 0x08002448, Size: 0x000008a8, Max: 0x00010000, ABSOLUTE)

    Exec Addr    Load Addr    Size         Type   Attr      Idx    E Section Name        Object

    0x20000000   0x08002448   0x00000004   Data   RW            2    .data               main.o
    0x20000004   0x0800244c   0x00000014   Data   RW          420    .data               stm32f10x_rcc.o
    0x20000018   0x08002460   0x00000008   Data   RW          921    .data               systick.o
    0x20000020   0x08002468   0x00000050   Data   RW         1047    .data               cmd.o
    0x20000070   0x080024b8   0x00000020   Data   RW         1071    .data               init.o
    0x20000090   0x080024d8   0x00000008   Data   RW         1089    .data               interrupt.o
    0x20000098   0x080024e0   0x00000008   Data   RW         1253    .data               ds18b20.o
    0x200000a0   0x080024e8   0x00000004   Data   RW         1603    .data               mc_w.l(stdout.o)
    0x200000a4        -       0x00000400   Zero   RW         1088    .bss                interrupt.o
    0x200004a4   0x080024ec   0x00000004   PAD
    0x200004a8        -       0x00000400   Zero   RW          200    STACK               startup_stm32f10x_hd.o


==============================================================================

Image component sizes


      Code (inc. data)   RO Data    RW Data    ZI Data      Debug   Object Name

       466         52          0          0          0       5281   at24c02.o
        96         18          0          0          0       1265   beep.o
        48          6         93         80          0       1697   cmd.o
       724        140          0          8          0       5670   ds18b20.o
       258         18          0          0          0       1445   exti.o
       628         82          0          0          0       4682   iic.o
        28          4          0         32          0       1610   init.o
        96         18          0          8       1024       1264   interrupt.o
        68          8          0          0          0        455   key.o
       152         24          0          0          0       1282   led.o
       116         52          0          4          0      29383   main.o
       132         22          0          0          0       1735   misc.o
        36          8        304          0       1024        824   startup_stm32f10x_hd.o
       200         18          0          0          0       2324   stm32f10x_exti.o
       350          4          0          0          0       3878   stm32f10x_gpio.o
        26          0          0          0          0       3638   stm32f10x_it.o
       244         26          0         20          0       4061   stm32f10x_rcc.o
       472          6          0          0          0       7111   stm32f10x_usart.o
       328         28          0          0          0     208981   system_stm32f10x.o
       192         16          0          8          0       1601   systick.o
       262         16          0          0          0       3768   usart.o

    ----------------------------------------------------------------------
      4942        566        432        160       2052     291955   Object Totals
         0          0         32          0          0          0   (incl. Generated)
        20          0          3          0          4          0   (incl. Padding)

    ----------------------------------------------------------------------

      Code (inc. data)   RO Data    RW Data    ZI Data      Debug   Library Member Name

         0          0          0          0          0          0   entry.o
         0          0          0          0          0          0   entry10a.o
         0          0          0          0          0          0   entry11a.o
         8          4          0          0          0          0   entry2.o
         4          0          0          0          0          0   entry5.o
         0          0          0          0          0          0   entry7b.o
         0          0          0          0          0          0   entry8b.o
         8          4          0          0          0          0   entry9a.o
        30          0          0          0          0          0   handlers.o
        36          8          0          0          0         68   init.o
         0          0          0          0          0          0   iusefp.o
        30          0          0          0          0         68   llshl.o
        36          0          0          0          0         68   llsshr.o
        32          0          0          0          0         68   llushr.o
      2258         90          0          0          0        452   printfa.o
         0          0          0          4          0          0   stdout.o
        28          0          0          0          0         76   strcmp.o
        44          0          0          0          0         80   uidiv.o
        98          0          0          0          0         92   uldiv.o
        48          0          0          0          0         68   cdrcmple.o
        56          0          0          0          0         88   d2f.o
       334          0          0          0          0        148   dadd.o
       222          0          0          0          0        100   ddiv.o
       186          0          0          0          0        176   depilogue.o
        48          0          0          0          0         68   dfixul.o
        26          0          0          0          0         76   dfltui.o
       228          0          0          0          0         96   dmul.o
        38          0          0          0          0         68   f2d.o
       110          0          0          0          0        168   fepilogue.o

    ----------------------------------------------------------------------
      3914        106          0          4          0       2028   Library Totals
         6          0          0          0          0          0   (incl. Padding)

    ----------------------------------------------------------------------

      Code (inc. data)   RO Data    RW Data    ZI Data      Debug   Library Name

      2612        106          0          4          0        972   mc_w.l
      1296          0          0          0          0       1056   mf_w.l

    ----------------------------------------------------------------------
      3914        106          0          4          0       2028   Library Totals

    ----------------------------------------------------------------------

==============================================================================


      Code (inc. data)   RO Data    RW Data    ZI Data      Debug   

      8856        672        432        164       2052     289091   Grand Totals
      8856        672        432        164       2052     289091   ELF Image Totals
      8856        672        432        164          0          0   ROM Totals

==============================================================================

    Total RO  Size (Code + RO Data)                 9288 (   9.07kB)
    Total RW  Size (RW Data + ZI Data)              2216 (   2.16kB)
    Total ROM Size (Code + RO Data + RW Data)       9452 (   9.23kB)

==============================================================================

