<!doctype html public "-//w3c//dtd html 4.0 transitional//en">
<html><head>
<title>Static Call Graph - [.\Obj\Tarena.axf]</title></head>
<body><HR>
<H1>Static Call Graph for image .\Obj\Tarena.axf</H1><HR>
<BR><P>#&#060CALLGRAPH&#062# ARM Linker, 5060750: Last Updated: Mon Oct 13 15:42:40 2025
<BR><P>
<H3>Maximum Stack Usage =        572 bytes + Unknown(Cycles, Untraceable Function Pointers)</H3><H3>
Call chain for Maximum Stack Depth:</H3>
AliIoT_Parameter_Init &rArr; utils_hmac_sha1 &rArr; utils_sha1_finish &rArr; utils_sha1_update &rArr; utils_sha1_process
<P>
<H3>
Mutually Recursive functions
</H3> <LI><a href="#[48]">ADC1_2_IRQHandler</a>&nbsp;&nbsp;&nbsp;&rArr;&nbsp;&nbsp;&nbsp;<a href="#[48]">ADC1_2_IRQHandler</a><BR>
 <LI><a href="#[1e]">WIFI_Connect</a>&nbsp;&nbsp;&nbsp;&rArr;&nbsp;&nbsp;&nbsp;<a href="#[1e]">WIFI_Connect</a><BR>
 <LI><a href="#[10b]">show_led_ctrl_menu</a>&nbsp;&nbsp;&nbsp;&rArr;&nbsp;&nbsp;&nbsp;<a href="#[cb]">menu</a><BR>
 <LI><a href="#[10a]">show_get_temp_menu</a>&nbsp;&nbsp;&nbsp;&rArr;&nbsp;&nbsp;&nbsp;<a href="#[cb]">menu</a><BR>
 <LI><a href="#[10c]">show_beep_ctrl_menu</a>&nbsp;&nbsp;&nbsp;&rArr;&nbsp;&nbsp;&nbsp;<a href="#[cb]">menu</a><BR>
</UL>
<P>
<H3>
Function Pointers
</H3><UL>
 <LI><a href="#[48]">ADC1_2_IRQHandler</a> from startup_stm32f10x_hd.o(.text) referenced from startup_stm32f10x_hd.o(RESET)
 <LI><a href="#[65]">ADC3_IRQHandler</a> from startup_stm32f10x_hd.o(.text) referenced from startup_stm32f10x_hd.o(RESET)
 <LI><a href="#[6]">AT24C02_Init</a> from at24c02.o(i.AT24C02_Init) referenced 2 times from init.o(.data)
 <LI><a href="#[17]">AT24C02_ReadMul</a> from at24c02.o(i.AT24C02_ReadMul) referenced 2 times from cmd.o(.data)
 <LI><a href="#[15]">AT24C02_ReadOne</a> from at24c02.o(i.AT24C02_ReadOne) referenced 2 times from cmd.o(.data)
 <LI><a href="#[18]">AT24C02_WriteMul</a> from at24c02.o(i.AT24C02_WriteMul) referenced 2 times from cmd.o(.data)
 <LI><a href="#[16]">AT24C02_WriteOne</a> from at24c02.o(i.AT24C02_WriteOne) referenced 2 times from cmd.o(.data)
 <LI><a href="#[b]">AliIoT_Parameter_Init</a> from mqtt.o(i.AliIoT_Parameter_Init) referenced 2 times from init.o(.data)
 <LI><a href="#[3]">BEEP_Init</a> from beep.o(i.BEEP_Init) referenced 2 times from init.o(.data)
 <LI><a href="#[14]">BEEP_Off</a> from beep.o(i.BEEP_Off) referenced 2 times from cmd.o(.data)
 <LI><a href="#[13]">BEEP_On</a> from beep.o(i.BEEP_On) referenced 2 times from cmd.o(.data)
 <LI><a href="#[30]">BusFault_Handler</a> from stm32f10x_it.o(i.BusFault_Handler) referenced from startup_stm32f10x_hd.o(RESET)
 <LI><a href="#[4b]">CAN1_RX1_IRQHandler</a> from startup_stm32f10x_hd.o(.text) referenced from startup_stm32f10x_hd.o(RESET)
 <LI><a href="#[4c]">CAN1_SCE_IRQHandler</a> from startup_stm32f10x_hd.o(.text) referenced from startup_stm32f10x_hd.o(RESET)
 <LI><a href="#[41]">DMA1_Channel1_IRQHandler</a> from startup_stm32f10x_hd.o(.text) referenced from startup_stm32f10x_hd.o(RESET)
 <LI><a href="#[42]">DMA1_Channel2_IRQHandler</a> from interrupt.o(i.DMA1_Channel2_IRQHandler) referenced from startup_stm32f10x_hd.o(RESET)
 <LI><a href="#[43]">DMA1_Channel3_IRQHandler</a> from startup_stm32f10x_hd.o(.text) referenced from startup_stm32f10x_hd.o(RESET)
 <LI><a href="#[44]">DMA1_Channel4_IRQHandler</a> from interrupt.o(i.DMA1_Channel4_IRQHandler) referenced from startup_stm32f10x_hd.o(RESET)
 <LI><a href="#[45]">DMA1_Channel5_IRQHandler</a> from startup_stm32f10x_hd.o(.text) referenced from startup_stm32f10x_hd.o(RESET)
 <LI><a href="#[46]">DMA1_Channel6_IRQHandler</a> from startup_stm32f10x_hd.o(.text) referenced from startup_stm32f10x_hd.o(RESET)
 <LI><a href="#[47]">DMA1_Channel7_IRQHandler</a> from startup_stm32f10x_hd.o(.text) referenced from startup_stm32f10x_hd.o(RESET)
 <LI><a href="#[6e]">DMA2_Channel1_IRQHandler</a> from startup_stm32f10x_hd.o(.text) referenced from startup_stm32f10x_hd.o(RESET)
 <LI><a href="#[6f]">DMA2_Channel2_IRQHandler</a> from startup_stm32f10x_hd.o(.text) referenced from startup_stm32f10x_hd.o(RESET)
 <LI><a href="#[70]">DMA2_Channel3_IRQHandler</a> from startup_stm32f10x_hd.o(.text) referenced from startup_stm32f10x_hd.o(RESET)
 <LI><a href="#[71]">DMA2_Channel4_5_IRQHandler</a> from startup_stm32f10x_hd.o(.text) referenced from startup_stm32f10x_hd.o(RESET)
 <LI><a href="#[7]">DS18B20_Init</a> from ds18b20.o(i.DS18B20_Init) referenced 2 times from init.o(.data)
 <LI><a href="#[1a]">DS18B20_ReadRom</a> from ds18b20.o(i.DS18B20_ReadRom) referenced 2 times from cmd.o(.data)
 <LI><a href="#[19]">DS18B20_Test</a> from ds18b20.o(i.DS18B20_Test) referenced 2 times from cmd.o(.data)
 <LI><a href="#[33]">DebugMon_Handler</a> from stm32f10x_it.o(i.DebugMon_Handler) referenced from startup_stm32f10x_hd.o(RESET)
 <LI><a href="#[24]">EHOME_Run</a> from run.o(i.EHOME_Run) referenced 2 times from cmd.o(.data)
 <LI><a href="#[3c]">EXTI0_IRQHandler</a> from exti.o(i.EXTI0_IRQHandler) referenced from startup_stm32f10x_hd.o(RESET)
 <LI><a href="#[5e]">EXTI15_10_IRQHandler</a> from startup_stm32f10x_hd.o(.text) referenced from startup_stm32f10x_hd.o(RESET)
 <LI><a href="#[3d]">EXTI1_IRQHandler</a> from startup_stm32f10x_hd.o(.text) referenced from startup_stm32f10x_hd.o(RESET)
 <LI><a href="#[3e]">EXTI2_IRQHandler</a> from startup_stm32f10x_hd.o(.text) referenced from startup_stm32f10x_hd.o(RESET)
 <LI><a href="#[3f]">EXTI3_IRQHandler</a> from exti.o(i.EXTI3_IRQHandler) referenced from startup_stm32f10x_hd.o(RESET)
 <LI><a href="#[40]">EXTI4_IRQHandler</a> from exti.o(i.EXTI4_IRQHandler) referenced from startup_stm32f10x_hd.o(RESET)
 <LI><a href="#[4d]">EXTI9_5_IRQHandler</a> from startup_stm32f10x_hd.o(.text) referenced from startup_stm32f10x_hd.o(RESET)
 <LI><a href="#[3a]">FLASH_IRQHandler</a> from startup_stm32f10x_hd.o(.text) referenced from startup_stm32f10x_hd.o(RESET)
 <LI><a href="#[66]">FSMC_IRQHandler</a> from startup_stm32f10x_hd.o(.text) referenced from startup_stm32f10x_hd.o(RESET)
 <LI><a href="#[2e]">HardFault_Handler</a> from stm32f10x_it.o(i.HardFault_Handler) referenced from startup_stm32f10x_hd.o(RESET)
 <LI><a href="#[56]">I2C1_ER_IRQHandler</a> from startup_stm32f10x_hd.o(.text) referenced from startup_stm32f10x_hd.o(RESET)
 <LI><a href="#[55]">I2C1_EV_IRQHandler</a> from startup_stm32f10x_hd.o(.text) referenced from startup_stm32f10x_hd.o(RESET)
 <LI><a href="#[58]">I2C2_ER_IRQHandler</a> from startup_stm32f10x_hd.o(.text) referenced from startup_stm32f10x_hd.o(RESET)
 <LI><a href="#[57]">I2C2_EV_IRQHandler</a> from startup_stm32f10x_hd.o(.text) referenced from startup_stm32f10x_hd.o(RESET)
 <LI><a href="#[4]">KEY_Init</a> from key.o(i.KEY_Init) referenced 2 times from init.o(.data)
 <LI><a href="#[1]">LED_Init</a> from led.o(i.LED_Init) referenced 2 times from init.o(.data)
 <LI><a href="#[12]">LED_Off</a> from led.o(i.LED_Off) referenced 2 times from cmd.o(.data)
 <LI><a href="#[11]">LED_On</a> from led.o(i.LED_On) referenced 2 times from cmd.o(.data)
 <LI><a href="#[20]">MQTT_Connect_Cmd</a> from mqtt.o(i.MQTT_Connect_Cmd) referenced 2 times from cmd.o(.data)
 <LI><a href="#[23]">MQTT_Ping_Cmd</a> from mqtt.o(i.MQTT_Ping_Cmd) referenced 2 times from cmd.o(.data)
 <LI><a href="#[22]">MQTT_PublishTemp_Cmd</a> from mqtt.o(i.MQTT_PublishTemp_Cmd) referenced 2 times from cmd.o(.data)
 <LI><a href="#[21]">MQTT_Sub_Cmd</a> from mqtt.o(i.MQTT_Sub_Cmd) referenced 2 times from cmd.o(.data)
 <LI><a href="#[2f]">MemManage_Handler</a> from stm32f10x_it.o(i.MemManage_Handler) referenced from startup_stm32f10x_hd.o(RESET)
 <LI><a href="#[2a]">Modbus_03_Master</a> from modbus.o(i.Modbus_03_Master) referenced 2 times from cmd.o(.data)
 <LI><a href="#[2b]">Modbus_06_Master</a> from modbus.o(i.Modbus_06_Master) referenced 2 times from cmd.o(.data)
 <LI><a href="#[5]">My_EXTI_Init</a> from exti.o(i.My_EXTI_Init) referenced 2 times from init.o(.data)
 <LI><a href="#[2d]">NMI_Handler</a> from stm32f10x_it.o(i.NMI_Handler) referenced from startup_stm32f10x_hd.o(RESET)
 <LI><a href="#[c]">OLED_Init</a> from oled.o(i.OLED_Init) referenced 2 times from init.o(.data)
 <LI><a href="#[25]">OLED_Test</a> from oled.o(i.OLED_Test) referenced 2 times from cmd.o(.data)
 <LI><a href="#[37]">PVD_IRQHandler</a> from startup_stm32f10x_hd.o(.text) referenced from startup_stm32f10x_hd.o(RESET)
 <LI><a href="#[26]">PWM_Test</a> from pwm.o(i.PWM_Test) referenced 2 times from cmd.o(.data)
 <LI><a href="#[34]">PendSV_Handler</a> from stm32f10x_it.o(i.PendSV_Handler) referenced from startup_stm32f10x_hd.o(RESET)
 <LI><a href="#[3b]">RCC_IRQHandler</a> from startup_stm32f10x_hd.o(.text) referenced from startup_stm32f10x_hd.o(RESET)
 <LI><a href="#[29]">RS485_Test</a> from uart2.o(i.RS485_Test) referenced 2 times from cmd.o(.data)
 <LI><a href="#[5f]">RTCAlarm_IRQHandler</a> from startup_stm32f10x_hd.o(.text) referenced from startup_stm32f10x_hd.o(RESET)
 <LI><a href="#[39]">RTC_IRQHandler</a> from startup_stm32f10x_hd.o(.text) referenced from startup_stm32f10x_hd.o(RESET)
 <LI><a href="#[2c]">Reset_Handler</a> from startup_stm32f10x_hd.o(.text) referenced from startup_stm32f10x_hd.o(RESET)
 <LI><a href="#[67]">SDIO_IRQHandler</a> from startup_stm32f10x_hd.o(.text) referenced from startup_stm32f10x_hd.o(RESET)
 <LI><a href="#[e]">SERVO_Init</a> from pwm.o(i.SERVO_Init) referenced 2 times from init.o(.data)
 <LI><a href="#[27]">SERVO_Test</a> from pwm.o(i.SERVO_Test) referenced 2 times from cmd.o(.data)
 <LI><a href="#[59]">SPI1_IRQHandler</a> from startup_stm32f10x_hd.o(.text) referenced from startup_stm32f10x_hd.o(RESET)
 <LI><a href="#[5a]">SPI2_IRQHandler</a> from startup_stm32f10x_hd.o(.text) referenced from startup_stm32f10x_hd.o(RESET)
 <LI><a href="#[69]">SPI3_IRQHandler</a> from startup_stm32f10x_hd.o(.text) referenced from startup_stm32f10x_hd.o(RESET)
 <LI><a href="#[32]">SVC_Handler</a> from stm32f10x_it.o(i.SVC_Handler) referenced from startup_stm32f10x_hd.o(RESET)
 <LI><a href="#[35]">SysTick_Handler</a> from stm32f10x_it.o(i.SysTick_Handler) referenced from startup_stm32f10x_hd.o(RESET)
 <LI><a href="#[0]">SysTick_Init</a> from systick.o(i.SysTick_Init) referenced 2 times from init.o(.data)
 <LI><a href="#[73]">SystemInit</a> from system_stm32f10x.o(i.SystemInit) referenced from startup_stm32f10x_hd.o(.text)
 <LI><a href="#[38]">TAMPER_IRQHandler</a> from startup_stm32f10x_hd.o(.text) referenced from startup_stm32f10x_hd.o(RESET)
 <LI><a href="#[4e]">TIM1_BRK_IRQHandler</a> from startup_stm32f10x_hd.o(.text) referenced from startup_stm32f10x_hd.o(RESET)
 <LI><a href="#[51]">TIM1_CC_IRQHandler</a> from startup_stm32f10x_hd.o(.text) referenced from startup_stm32f10x_hd.o(RESET)
 <LI><a href="#[50]">TIM1_TRG_COM_IRQHandler</a> from startup_stm32f10x_hd.o(.text) referenced from startup_stm32f10x_hd.o(RESET)
 <LI><a href="#[4f]">TIM1_UP_IRQHandler</a> from startup_stm32f10x_hd.o(.text) referenced from startup_stm32f10x_hd.o(RESET)
 <LI><a href="#[d]">TIM2_CH2_PWM_Init</a> from pwm.o(i.TIM2_CH2_PWM_Init) referenced 2 times from init.o(.data)
 <LI><a href="#[52]">TIM2_IRQHandler</a> from startup_stm32f10x_hd.o(.text) referenced from startup_stm32f10x_hd.o(RESET)
 <LI><a href="#[53]">TIM3_IRQHandler</a> from timer3.o(i.TIM3_IRQHandler) referenced from startup_stm32f10x_hd.o(RESET)
 <LI><a href="#[54]">TIM4_IRQHandler</a> from timer4.o(i.TIM4_IRQHandler) referenced from startup_stm32f10x_hd.o(RESET)
 <LI><a href="#[68]">TIM5_IRQHandler</a> from startup_stm32f10x_hd.o(.text) referenced from startup_stm32f10x_hd.o(RESET)
 <LI><a href="#[6c]">TIM6_IRQHandler</a> from startup_stm32f10x_hd.o(.text) referenced from startup_stm32f10x_hd.o(RESET)
 <LI><a href="#[6d]">TIM7_IRQHandler</a> from startup_stm32f10x_hd.o(.text) referenced from startup_stm32f10x_hd.o(RESET)
 <LI><a href="#[61]">TIM8_BRK_IRQHandler</a> from startup_stm32f10x_hd.o(.text) referenced from startup_stm32f10x_hd.o(RESET)
 <LI><a href="#[64]">TIM8_CC_IRQHandler</a> from startup_stm32f10x_hd.o(.text) referenced from startup_stm32f10x_hd.o(RESET)
 <LI><a href="#[63]">TIM8_TRG_COM_IRQHandler</a> from startup_stm32f10x_hd.o(.text) referenced from startup_stm32f10x_hd.o(RESET)
 <LI><a href="#[62]">TIM8_UP_IRQHandler</a> from startup_stm32f10x_hd.o(.text) referenced from startup_stm32f10x_hd.o(RESET)
 <LI><a href="#[10]">TIMER4_Init</a> from timer4.o(i.TIMER4_Init) referenced 2 times from init.o(.data)
 <LI><a href="#[1c]">TIMER4_Start</a> from timer4.o(i.TIMER4_Start) referenced 2 times from cmd.o(.data)
 <LI><a href="#[1d]">TIMER4_Stop</a> from timer4.o(i.TIMER4_Stop) referenced 2 times from cmd.o(.data)
 <LI><a href="#[8]">UART1DMA_Init</a> from dma.o(i.UART1DMA_Init) referenced 2 times from init.o(.data)
 <LI><a href="#[1b]">UART1DMA_Tx_Test</a> from dma.o(i.UART1DMA_Tx_Test) referenced 2 times from cmd.o(.data)
 <LI><a href="#[f]">UART2_Init</a> from uart2.o(i.UART2_Init) referenced 2 times from init.o(.data)
 <LI><a href="#[9]">UART3_Init</a> from uart3.o(i.UART3_Init) referenced 2 times from init.o(.data)
 <LI><a href="#[6a]">UART4_IRQHandler</a> from startup_stm32f10x_hd.o(.text) referenced from startup_stm32f10x_hd.o(RESET)
 <LI><a href="#[6b]">UART5_IRQHandler</a> from startup_stm32f10x_hd.o(.text) referenced from startup_stm32f10x_hd.o(RESET)
 <LI><a href="#[2]">UART_IDLEInit</a> from uart.o(i.UART_IDLEInit) referenced 2 times from init.o(.data)
 <LI><a href="#[5b]">USART1_IRQHandler</a> from interrupt.o(i.USART1_IRQHandler) referenced from startup_stm32f10x_hd.o(RESET)
 <LI><a href="#[5c]">USART2_IRQHandler</a> from interrupt.o(i.USART2_IRQHandler) referenced from startup_stm32f10x_hd.o(RESET)
 <LI><a href="#[5d]">USART3_IRQHandler</a> from interrupt.o(i.USART3_IRQHandler) referenced from startup_stm32f10x_hd.o(RESET)
 <LI><a href="#[60]">USBWakeUp_IRQHandler</a> from startup_stm32f10x_hd.o(.text) referenced from startup_stm32f10x_hd.o(RESET)
 <LI><a href="#[49]">USB_HP_CAN1_TX_IRQHandler</a> from startup_stm32f10x_hd.o(.text) referenced from startup_stm32f10x_hd.o(RESET)
 <LI><a href="#[4a]">USB_LP_CAN1_RX0_IRQHandler</a> from startup_stm32f10x_hd.o(.text) referenced from startup_stm32f10x_hd.o(RESET)
 <LI><a href="#[31]">UsageFault_Handler</a> from stm32f10x_it.o(i.UsageFault_Handler) referenced from startup_stm32f10x_hd.o(RESET)
 <LI><a href="#[1e]">WIFI_Connect</a> from esp8266.o(i.WIFI_Connect) referenced 2 times from cmd.o(.data)
 <LI><a href="#[a]">WIFI_ResetIO_Init</a> from esp8266.o(i.WIFI_ResetIO_Init) referenced 2 times from init.o(.data)
 <LI><a href="#[1f]">WIFI_Send_Data</a> from esp8266.o(i.WIFI_Send_Data) referenced 2 times from cmd.o(.data)
 <LI><a href="#[36]">WWDG_IRQHandler</a> from startup_stm32f10x_hd.o(.text) referenced from startup_stm32f10x_hd.o(RESET)
 <LI><a href="#[28]">X6818_TCPTest</a> from esp8266.o(i.X6818_TCPTest) referenced 2 times from cmd.o(.data)
 <LI><a href="#[74]">__main</a> from entry.o(.ARM.Collect$$$$00000000) referenced from startup_stm32f10x_hd.o(.text)
 <LI><a href="#[76]">_sputc</a> from printfa.o(i._sputc) referenced from printfa.o(i.__0sprintf)
 <LI><a href="#[76]">_sputc</a> from printfa.o(i._sputc) referenced from printfa.o(i.__0vsprintf)
 <LI><a href="#[75]">fputc</a> from uart.o(i.fputc) referenced from printfa.o(i.__0printf)
 <LI><a href="#[72]">main</a> from main.o(i.main) referenced from entry9a.o(.ARM.Collect$$$$0000000B)
</UL>
<P>
<H3>
Global Symbols
</H3>
<P><STRONG><a name="[74]"></a>__main</STRONG> (Thumb, 0 bytes, Stack size unknown bytes, entry.o(.ARM.Collect$$$$00000000))
<BR>[Address Reference Count : 1]<UL><LI> startup_stm32f10x_hd.o(.text)
</UL>
<P><STRONG><a name="[113]"></a>_main_stk</STRONG> (Thumb, 0 bytes, Stack size unknown bytes, entry2.o(.ARM.Collect$$$$00000001))

<P><STRONG><a name="[77]"></a>_main_scatterload</STRONG> (Thumb, 0 bytes, Stack size unknown bytes, entry5.o(.ARM.Collect$$$$00000004))
<BR><BR>[Calls]<UL><LI><a href="#[78]">&gt;&gt;</a>&nbsp;&nbsp;&nbsp;__scatterload
</UL>

<P><STRONG><a name="[8c]"></a>__main_after_scatterload</STRONG> (Thumb, 0 bytes, Stack size unknown bytes, entry5.o(.ARM.Collect$$$$00000004))
<BR><BR>[Called By]<UL><LI><a href="#[78]">&gt;&gt;</a>&nbsp;&nbsp;&nbsp;__scatterload
</UL>

<P><STRONG><a name="[114]"></a>_main_clock</STRONG> (Thumb, 0 bytes, Stack size unknown bytes, entry7b.o(.ARM.Collect$$$$00000008))

<P><STRONG><a name="[115]"></a>_main_cpp_init</STRONG> (Thumb, 0 bytes, Stack size unknown bytes, entry8b.o(.ARM.Collect$$$$0000000A))

<P><STRONG><a name="[116]"></a>_main_init</STRONG> (Thumb, 0 bytes, Stack size unknown bytes, entry9a.o(.ARM.Collect$$$$0000000B))

<P><STRONG><a name="[117]"></a>__rt_final_cpp</STRONG> (Thumb, 0 bytes, Stack size unknown bytes, entry10a.o(.ARM.Collect$$$$0000000D))

<P><STRONG><a name="[118]"></a>__rt_final_exit</STRONG> (Thumb, 0 bytes, Stack size unknown bytes, entry11a.o(.ARM.Collect$$$$0000000F))

<P><STRONG><a name="[2c]"></a>Reset_Handler</STRONG> (Thumb, 8 bytes, Stack size 0 bytes, startup_stm32f10x_hd.o(.text))
<BR>[Address Reference Count : 1]<UL><LI> startup_stm32f10x_hd.o(RESET)
</UL>
<P><STRONG><a name="[48]"></a>ADC1_2_IRQHandler</STRONG> (Thumb, 0 bytes, Stack size 0 bytes, startup_stm32f10x_hd.o(.text))
<BR><BR>[Calls]<UL><LI><a href="#[48]">&gt;&gt;</a>&nbsp;&nbsp;&nbsp;ADC1_2_IRQHandler
</UL>
<BR>[Called By]<UL><LI><a href="#[48]">&gt;&gt;</a>&nbsp;&nbsp;&nbsp;ADC1_2_IRQHandler
</UL>
<BR>[Address Reference Count : 1]<UL><LI> startup_stm32f10x_hd.o(RESET)
</UL>
<P><STRONG><a name="[65]"></a>ADC3_IRQHandler</STRONG> (Thumb, 0 bytes, Stack size 0 bytes, startup_stm32f10x_hd.o(.text))
<BR>[Address Reference Count : 1]<UL><LI> startup_stm32f10x_hd.o(RESET)
</UL>
<P><STRONG><a name="[4b]"></a>CAN1_RX1_IRQHandler</STRONG> (Thumb, 0 bytes, Stack size 0 bytes, startup_stm32f10x_hd.o(.text))
<BR>[Address Reference Count : 1]<UL><LI> startup_stm32f10x_hd.o(RESET)
</UL>
<P><STRONG><a name="[4c]"></a>CAN1_SCE_IRQHandler</STRONG> (Thumb, 0 bytes, Stack size 0 bytes, startup_stm32f10x_hd.o(.text))
<BR>[Address Reference Count : 1]<UL><LI> startup_stm32f10x_hd.o(RESET)
</UL>
<P><STRONG><a name="[41]"></a>DMA1_Channel1_IRQHandler</STRONG> (Thumb, 0 bytes, Stack size 0 bytes, startup_stm32f10x_hd.o(.text))
<BR>[Address Reference Count : 1]<UL><LI> startup_stm32f10x_hd.o(RESET)
</UL>
<P><STRONG><a name="[43]"></a>DMA1_Channel3_IRQHandler</STRONG> (Thumb, 0 bytes, Stack size 0 bytes, startup_stm32f10x_hd.o(.text))
<BR>[Address Reference Count : 1]<UL><LI> startup_stm32f10x_hd.o(RESET)
</UL>
<P><STRONG><a name="[45]"></a>DMA1_Channel5_IRQHandler</STRONG> (Thumb, 0 bytes, Stack size 0 bytes, startup_stm32f10x_hd.o(.text))
<BR>[Address Reference Count : 1]<UL><LI> startup_stm32f10x_hd.o(RESET)
</UL>
<P><STRONG><a name="[46]"></a>DMA1_Channel6_IRQHandler</STRONG> (Thumb, 0 bytes, Stack size 0 bytes, startup_stm32f10x_hd.o(.text))
<BR>[Address Reference Count : 1]<UL><LI> startup_stm32f10x_hd.o(RESET)
</UL>
<P><STRONG><a name="[47]"></a>DMA1_Channel7_IRQHandler</STRONG> (Thumb, 0 bytes, Stack size 0 bytes, startup_stm32f10x_hd.o(.text))
<BR>[Address Reference Count : 1]<UL><LI> startup_stm32f10x_hd.o(RESET)
</UL>
<P><STRONG><a name="[6e]"></a>DMA2_Channel1_IRQHandler</STRONG> (Thumb, 0 bytes, Stack size 0 bytes, startup_stm32f10x_hd.o(.text))
<BR>[Address Reference Count : 1]<UL><LI> startup_stm32f10x_hd.o(RESET)
</UL>
<P><STRONG><a name="[6f]"></a>DMA2_Channel2_IRQHandler</STRONG> (Thumb, 0 bytes, Stack size 0 bytes, startup_stm32f10x_hd.o(.text))
<BR>[Address Reference Count : 1]<UL><LI> startup_stm32f10x_hd.o(RESET)
</UL>
<P><STRONG><a name="[70]"></a>DMA2_Channel3_IRQHandler</STRONG> (Thumb, 0 bytes, Stack size 0 bytes, startup_stm32f10x_hd.o(.text))
<BR>[Address Reference Count : 1]<UL><LI> startup_stm32f10x_hd.o(RESET)
</UL>
<P><STRONG><a name="[71]"></a>DMA2_Channel4_5_IRQHandler</STRONG> (Thumb, 0 bytes, Stack size 0 bytes, startup_stm32f10x_hd.o(.text))
<BR>[Address Reference Count : 1]<UL><LI> startup_stm32f10x_hd.o(RESET)
</UL>
<P><STRONG><a name="[5e]"></a>EXTI15_10_IRQHandler</STRONG> (Thumb, 0 bytes, Stack size 0 bytes, startup_stm32f10x_hd.o(.text))
<BR>[Address Reference Count : 1]<UL><LI> startup_stm32f10x_hd.o(RESET)
</UL>
<P><STRONG><a name="[3d]"></a>EXTI1_IRQHandler</STRONG> (Thumb, 0 bytes, Stack size 0 bytes, startup_stm32f10x_hd.o(.text))
<BR>[Address Reference Count : 1]<UL><LI> startup_stm32f10x_hd.o(RESET)
</UL>
<P><STRONG><a name="[3e]"></a>EXTI2_IRQHandler</STRONG> (Thumb, 0 bytes, Stack size 0 bytes, startup_stm32f10x_hd.o(.text))
<BR>[Address Reference Count : 1]<UL><LI> startup_stm32f10x_hd.o(RESET)
</UL>
<P><STRONG><a name="[4d]"></a>EXTI9_5_IRQHandler</STRONG> (Thumb, 0 bytes, Stack size 0 bytes, startup_stm32f10x_hd.o(.text))
<BR>[Address Reference Count : 1]<UL><LI> startup_stm32f10x_hd.o(RESET)
</UL>
<P><STRONG><a name="[3a]"></a>FLASH_IRQHandler</STRONG> (Thumb, 0 bytes, Stack size 0 bytes, startup_stm32f10x_hd.o(.text))
<BR>[Address Reference Count : 1]<UL><LI> startup_stm32f10x_hd.o(RESET)
</UL>
<P><STRONG><a name="[66]"></a>FSMC_IRQHandler</STRONG> (Thumb, 0 bytes, Stack size 0 bytes, startup_stm32f10x_hd.o(.text))
<BR>[Address Reference Count : 1]<UL><LI> startup_stm32f10x_hd.o(RESET)
</UL>
<P><STRONG><a name="[56]"></a>I2C1_ER_IRQHandler</STRONG> (Thumb, 0 bytes, Stack size 0 bytes, startup_stm32f10x_hd.o(.text))
<BR>[Address Reference Count : 1]<UL><LI> startup_stm32f10x_hd.o(RESET)
</UL>
<P><STRONG><a name="[55]"></a>I2C1_EV_IRQHandler</STRONG> (Thumb, 0 bytes, Stack size 0 bytes, startup_stm32f10x_hd.o(.text))
<BR>[Address Reference Count : 1]<UL><LI> startup_stm32f10x_hd.o(RESET)
</UL>
<P><STRONG><a name="[58]"></a>I2C2_ER_IRQHandler</STRONG> (Thumb, 0 bytes, Stack size 0 bytes, startup_stm32f10x_hd.o(.text))
<BR>[Address Reference Count : 1]<UL><LI> startup_stm32f10x_hd.o(RESET)
</UL>
<P><STRONG><a name="[57]"></a>I2C2_EV_IRQHandler</STRONG> (Thumb, 0 bytes, Stack size 0 bytes, startup_stm32f10x_hd.o(.text))
<BR>[Address Reference Count : 1]<UL><LI> startup_stm32f10x_hd.o(RESET)
</UL>
<P><STRONG><a name="[37]"></a>PVD_IRQHandler</STRONG> (Thumb, 0 bytes, Stack size 0 bytes, startup_stm32f10x_hd.o(.text))
<BR>[Address Reference Count : 1]<UL><LI> startup_stm32f10x_hd.o(RESET)
</UL>
<P><STRONG><a name="[3b]"></a>RCC_IRQHandler</STRONG> (Thumb, 0 bytes, Stack size 0 bytes, startup_stm32f10x_hd.o(.text))
<BR>[Address Reference Count : 1]<UL><LI> startup_stm32f10x_hd.o(RESET)
</UL>
<P><STRONG><a name="[5f]"></a>RTCAlarm_IRQHandler</STRONG> (Thumb, 0 bytes, Stack size 0 bytes, startup_stm32f10x_hd.o(.text))
<BR>[Address Reference Count : 1]<UL><LI> startup_stm32f10x_hd.o(RESET)
</UL>
<P><STRONG><a name="[39]"></a>RTC_IRQHandler</STRONG> (Thumb, 0 bytes, Stack size 0 bytes, startup_stm32f10x_hd.o(.text))
<BR>[Address Reference Count : 1]<UL><LI> startup_stm32f10x_hd.o(RESET)
</UL>
<P><STRONG><a name="[67]"></a>SDIO_IRQHandler</STRONG> (Thumb, 0 bytes, Stack size 0 bytes, startup_stm32f10x_hd.o(.text))
<BR>[Address Reference Count : 1]<UL><LI> startup_stm32f10x_hd.o(RESET)
</UL>
<P><STRONG><a name="[59]"></a>SPI1_IRQHandler</STRONG> (Thumb, 0 bytes, Stack size 0 bytes, startup_stm32f10x_hd.o(.text))
<BR>[Address Reference Count : 1]<UL><LI> startup_stm32f10x_hd.o(RESET)
</UL>
<P><STRONG><a name="[5a]"></a>SPI2_IRQHandler</STRONG> (Thumb, 0 bytes, Stack size 0 bytes, startup_stm32f10x_hd.o(.text))
<BR>[Address Reference Count : 1]<UL><LI> startup_stm32f10x_hd.o(RESET)
</UL>
<P><STRONG><a name="[69]"></a>SPI3_IRQHandler</STRONG> (Thumb, 0 bytes, Stack size 0 bytes, startup_stm32f10x_hd.o(.text))
<BR>[Address Reference Count : 1]<UL><LI> startup_stm32f10x_hd.o(RESET)
</UL>
<P><STRONG><a name="[38]"></a>TAMPER_IRQHandler</STRONG> (Thumb, 0 bytes, Stack size 0 bytes, startup_stm32f10x_hd.o(.text))
<BR>[Address Reference Count : 1]<UL><LI> startup_stm32f10x_hd.o(RESET)
</UL>
<P><STRONG><a name="[4e]"></a>TIM1_BRK_IRQHandler</STRONG> (Thumb, 0 bytes, Stack size 0 bytes, startup_stm32f10x_hd.o(.text))
<BR>[Address Reference Count : 1]<UL><LI> startup_stm32f10x_hd.o(RESET)
</UL>
<P><STRONG><a name="[51]"></a>TIM1_CC_IRQHandler</STRONG> (Thumb, 0 bytes, Stack size 0 bytes, startup_stm32f10x_hd.o(.text))
<BR>[Address Reference Count : 1]<UL><LI> startup_stm32f10x_hd.o(RESET)
</UL>
<P><STRONG><a name="[50]"></a>TIM1_TRG_COM_IRQHandler</STRONG> (Thumb, 0 bytes, Stack size 0 bytes, startup_stm32f10x_hd.o(.text))
<BR>[Address Reference Count : 1]<UL><LI> startup_stm32f10x_hd.o(RESET)
</UL>
<P><STRONG><a name="[4f]"></a>TIM1_UP_IRQHandler</STRONG> (Thumb, 0 bytes, Stack size 0 bytes, startup_stm32f10x_hd.o(.text))
<BR>[Address Reference Count : 1]<UL><LI> startup_stm32f10x_hd.o(RESET)
</UL>
<P><STRONG><a name="[52]"></a>TIM2_IRQHandler</STRONG> (Thumb, 0 bytes, Stack size 0 bytes, startup_stm32f10x_hd.o(.text))
<BR>[Address Reference Count : 1]<UL><LI> startup_stm32f10x_hd.o(RESET)
</UL>
<P><STRONG><a name="[68]"></a>TIM5_IRQHandler</STRONG> (Thumb, 0 bytes, Stack size 0 bytes, startup_stm32f10x_hd.o(.text))
<BR>[Address Reference Count : 1]<UL><LI> startup_stm32f10x_hd.o(RESET)
</UL>
<P><STRONG><a name="[6c]"></a>TIM6_IRQHandler</STRONG> (Thumb, 0 bytes, Stack size 0 bytes, startup_stm32f10x_hd.o(.text))
<BR>[Address Reference Count : 1]<UL><LI> startup_stm32f10x_hd.o(RESET)
</UL>
<P><STRONG><a name="[6d]"></a>TIM7_IRQHandler</STRONG> (Thumb, 0 bytes, Stack size 0 bytes, startup_stm32f10x_hd.o(.text))
<BR>[Address Reference Count : 1]<UL><LI> startup_stm32f10x_hd.o(RESET)
</UL>
<P><STRONG><a name="[61]"></a>TIM8_BRK_IRQHandler</STRONG> (Thumb, 0 bytes, Stack size 0 bytes, startup_stm32f10x_hd.o(.text))
<BR>[Address Reference Count : 1]<UL><LI> startup_stm32f10x_hd.o(RESET)
</UL>
<P><STRONG><a name="[64]"></a>TIM8_CC_IRQHandler</STRONG> (Thumb, 0 bytes, Stack size 0 bytes, startup_stm32f10x_hd.o(.text))
<BR>[Address Reference Count : 1]<UL><LI> startup_stm32f10x_hd.o(RESET)
</UL>
<P><STRONG><a name="[63]"></a>TIM8_TRG_COM_IRQHandler</STRONG> (Thumb, 0 bytes, Stack size 0 bytes, startup_stm32f10x_hd.o(.text))
<BR>[Address Reference Count : 1]<UL><LI> startup_stm32f10x_hd.o(RESET)
</UL>
<P><STRONG><a name="[62]"></a>TIM8_UP_IRQHandler</STRONG> (Thumb, 0 bytes, Stack size 0 bytes, startup_stm32f10x_hd.o(.text))
<BR>[Address Reference Count : 1]<UL><LI> startup_stm32f10x_hd.o(RESET)
</UL>
<P><STRONG><a name="[6a]"></a>UART4_IRQHandler</STRONG> (Thumb, 0 bytes, Stack size 0 bytes, startup_stm32f10x_hd.o(.text))
<BR>[Address Reference Count : 1]<UL><LI> startup_stm32f10x_hd.o(RESET)
</UL>
<P><STRONG><a name="[6b]"></a>UART5_IRQHandler</STRONG> (Thumb, 0 bytes, Stack size 0 bytes, startup_stm32f10x_hd.o(.text))
<BR>[Address Reference Count : 1]<UL><LI> startup_stm32f10x_hd.o(RESET)
</UL>
<P><STRONG><a name="[60]"></a>USBWakeUp_IRQHandler</STRONG> (Thumb, 0 bytes, Stack size 0 bytes, startup_stm32f10x_hd.o(.text))
<BR>[Address Reference Count : 1]<UL><LI> startup_stm32f10x_hd.o(RESET)
</UL>
<P><STRONG><a name="[49]"></a>USB_HP_CAN1_TX_IRQHandler</STRONG> (Thumb, 0 bytes, Stack size 0 bytes, startup_stm32f10x_hd.o(.text))
<BR>[Address Reference Count : 1]<UL><LI> startup_stm32f10x_hd.o(RESET)
</UL>
<P><STRONG><a name="[4a]"></a>USB_LP_CAN1_RX0_IRQHandler</STRONG> (Thumb, 0 bytes, Stack size 0 bytes, startup_stm32f10x_hd.o(.text))
<BR>[Address Reference Count : 1]<UL><LI> startup_stm32f10x_hd.o(RESET)
</UL>
<P><STRONG><a name="[36]"></a>WWDG_IRQHandler</STRONG> (Thumb, 0 bytes, Stack size 0 bytes, startup_stm32f10x_hd.o(.text))
<BR>[Address Reference Count : 1]<UL><LI> startup_stm32f10x_hd.o(RESET)
</UL>
<P><STRONG><a name="[b9]"></a>__aeabi_memcpy</STRONG> (Thumb, 36 bytes, Stack size 0 bytes, memcpya.o(.text))
<BR><BR>[Called By]<UL><LI><a href="#[be]">&gt;&gt;</a>&nbsp;&nbsp;&nbsp;MQTT_Subscribe
<LI><a href="#[bc]">&gt;&gt;</a>&nbsp;&nbsp;&nbsp;MQTT_Publish
<LI><a href="#[bb]">&gt;&gt;</a>&nbsp;&nbsp;&nbsp;MQTT_PingREQ
<LI><a href="#[b8]">&gt;&gt;</a>&nbsp;&nbsp;&nbsp;MQTT_ConnectPack
<LI><a href="#[10f]">&gt;&gt;</a>&nbsp;&nbsp;&nbsp;utils_sha1_update
<LI><a href="#[9c]">&gt;&gt;</a>&nbsp;&nbsp;&nbsp;utils_hmac_sha1
<LI><a href="#[5d]">&gt;&gt;</a>&nbsp;&nbsp;&nbsp;USART3_IRQHandler
</UL>

<P><STRONG><a name="[119]"></a>__aeabi_memcpy4</STRONG> (Thumb, 0 bytes, Stack size 0 bytes, memcpya.o(.text), UNUSED)

<P><STRONG><a name="[11a]"></a>__aeabi_memcpy8</STRONG> (Thumb, 0 bytes, Stack size 0 bytes, memcpya.o(.text), UNUSED)

<P><STRONG><a name="[7a]"></a>__aeabi_memset</STRONG> (Thumb, 14 bytes, Stack size 0 bytes, memseta.o(.text))
<BR><BR>[Called By]<UL><LI><a href="#[7b]">&gt;&gt;</a>&nbsp;&nbsp;&nbsp;_memset$wrapper
<LI><a href="#[79]">&gt;&gt;</a>&nbsp;&nbsp;&nbsp;__aeabi_memclr
</UL>

<P><STRONG><a name="[11b]"></a>__aeabi_memset4</STRONG> (Thumb, 0 bytes, Stack size 0 bytes, memseta.o(.text), UNUSED)

<P><STRONG><a name="[11c]"></a>__aeabi_memset8</STRONG> (Thumb, 0 bytes, Stack size 0 bytes, memseta.o(.text), UNUSED)

<P><STRONG><a name="[79]"></a>__aeabi_memclr</STRONG> (Thumb, 4 bytes, Stack size 0 bytes, memseta.o(.text))
<BR><BR>[Calls]<UL><LI><a href="#[7a]">&gt;&gt;</a>&nbsp;&nbsp;&nbsp;__aeabi_memset
</UL>
<BR>[Called By]<UL><LI><a href="#[f8]">&gt;&gt;</a>&nbsp;&nbsp;&nbsp;WIFI_SendCmd
<LI><a href="#[f9]">&gt;&gt;</a>&nbsp;&nbsp;&nbsp;WIFI_JoinAP
<LI><a href="#[fa]">&gt;&gt;</a>&nbsp;&nbsp;&nbsp;WIFI_Connect_Server
<LI><a href="#[b]">&gt;&gt;</a>&nbsp;&nbsp;&nbsp;AliIoT_Parameter_Init
</UL>

<P><STRONG><a name="[95]"></a>__aeabi_memclr4</STRONG> (Thumb, 0 bytes, Stack size 0 bytes, memseta.o(.text))
<BR><BR>[Called By]<UL><LI><a href="#[53]">&gt;&gt;</a>&nbsp;&nbsp;&nbsp;TIM3_IRQHandler
<LI><a href="#[10d]">&gt;&gt;</a>&nbsp;&nbsp;&nbsp;utils_sha1_init
<LI><a href="#[9c]">&gt;&gt;</a>&nbsp;&nbsp;&nbsp;utils_hmac_sha1
<LI><a href="#[17]">&gt;&gt;</a>&nbsp;&nbsp;&nbsp;AT24C02_ReadMul
<LI><a href="#[b]">&gt;&gt;</a>&nbsp;&nbsp;&nbsp;AliIoT_Parameter_Init
</UL>

<P><STRONG><a name="[11d]"></a>__aeabi_memclr8</STRONG> (Thumb, 0 bytes, Stack size 0 bytes, memseta.o(.text), UNUSED)

<P><STRONG><a name="[7b]"></a>_memset$wrapper</STRONG> (Thumb, 18 bytes, Stack size 8 bytes, memseta.o(.text), UNUSED)
<BR><BR>[Calls]<UL><LI><a href="#[7a]">&gt;&gt;</a>&nbsp;&nbsp;&nbsp;__aeabi_memset
</UL>

<P><STRONG><a name="[fb]"></a>strstr</STRONG> (Thumb, 36 bytes, Stack size 12 bytes, strstr.o(.text))
<BR><BR>[Stack]<UL><LI>Max Depth = 12<LI>Call Chain = strstr
</UL>
<BR>[Called By]<UL><LI><a href="#[f8]">&gt;&gt;</a>&nbsp;&nbsp;&nbsp;WIFI_SendCmd
<LI><a href="#[f7]">&gt;&gt;</a>&nbsp;&nbsp;&nbsp;WIFI_Reset
<LI><a href="#[f9]">&gt;&gt;</a>&nbsp;&nbsp;&nbsp;WIFI_JoinAP
<LI><a href="#[fa]">&gt;&gt;</a>&nbsp;&nbsp;&nbsp;WIFI_Connect_Server
</UL>

<P><STRONG><a name="[9b]"></a>strlen</STRONG> (Thumb, 14 bytes, Stack size 0 bytes, strlen.o(.text))
<BR><BR>[Called By]<UL><LI><a href="#[be]">&gt;&gt;</a>&nbsp;&nbsp;&nbsp;MQTT_Subscribe
<LI><a href="#[ae]">&gt;&gt;</a>&nbsp;&nbsp;&nbsp;MQTT_PublishLedState_Cmd
<LI><a href="#[af]">&gt;&gt;</a>&nbsp;&nbsp;&nbsp;MQTT_PublishBeepState_Cmd
<LI><a href="#[bc]">&gt;&gt;</a>&nbsp;&nbsp;&nbsp;MQTT_Publish
<LI><a href="#[22]">&gt;&gt;</a>&nbsp;&nbsp;&nbsp;MQTT_PublishTemp_Cmd
<LI><a href="#[b]">&gt;&gt;</a>&nbsp;&nbsp;&nbsp;AliIoT_Parameter_Init
</UL>

<P><STRONG><a name="[106]"></a>strcmp</STRONG> (Thumb, 28 bytes, Stack size 8 bytes, strcmp.o(.text))
<BR><BR>[Stack]<UL><LI>Max Depth = 8<LI>Call Chain = strcmp
</UL>
<BR>[Called By]<UL><LI><a href="#[105]">&gt;&gt;</a>&nbsp;&nbsp;&nbsp;find_cmd
</UL>

<P><STRONG><a name="[7c]"></a>__aeabi_dmul</STRONG> (Thumb, 228 bytes, Stack size 48 bytes, dmul.o(.text))
<BR><BR>[Stack]<UL><LI>Max Depth = 88<LI>Call Chain = __aeabi_dmul &rArr; _double_epilogue &rArr; _double_round
</UL>
<BR>[Calls]<UL><LI><a href="#[7d]">&gt;&gt;</a>&nbsp;&nbsp;&nbsp;_double_epilogue
</UL>
<BR>[Called By]<UL><LI><a href="#[a4]">&gt;&gt;</a>&nbsp;&nbsp;&nbsp;DS18B20_GetTemperture
<LI><a href="#[100]">&gt;&gt;</a>&nbsp;&nbsp;&nbsp;_fp_digits
</UL>

<P><STRONG><a name="[7e]"></a>__aeabi_ddiv</STRONG> (Thumb, 222 bytes, Stack size 32 bytes, ddiv.o(.text))
<BR><BR>[Stack]<UL><LI>Max Depth = 40<LI>Call Chain = __aeabi_ddiv &rArr; _double_round
</UL>
<BR>[Calls]<UL><LI><a href="#[7f]">&gt;&gt;</a>&nbsp;&nbsp;&nbsp;_double_round
</UL>
<BR>[Called By]<UL><LI><a href="#[c1]">&gt;&gt;</a>&nbsp;&nbsp;&nbsp;Modbus_Handle_Master
<LI><a href="#[100]">&gt;&gt;</a>&nbsp;&nbsp;&nbsp;_fp_digits
</UL>

<P><STRONG><a name="[80]"></a>__aeabi_i2d</STRONG> (Thumb, 34 bytes, Stack size 16 bytes, dflti.o(.text))
<BR><BR>[Stack]<UL><LI>Max Depth = 56<LI>Call Chain = __aeabi_i2d &rArr; _double_epilogue &rArr; _double_round
</UL>
<BR>[Calls]<UL><LI><a href="#[7d]">&gt;&gt;</a>&nbsp;&nbsp;&nbsp;_double_epilogue
</UL>
<BR>[Called By]<UL><LI><a href="#[c1]">&gt;&gt;</a>&nbsp;&nbsp;&nbsp;Modbus_Handle_Master
</UL>

<P><STRONG><a name="[81]"></a>__aeabi_ui2d</STRONG> (Thumb, 26 bytes, Stack size 16 bytes, dfltui.o(.text))
<BR><BR>[Stack]<UL><LI>Max Depth = 56<LI>Call Chain = __aeabi_ui2d &rArr; _double_epilogue &rArr; _double_round
</UL>
<BR>[Calls]<UL><LI><a href="#[7d]">&gt;&gt;</a>&nbsp;&nbsp;&nbsp;_double_epilogue
</UL>
<BR>[Called By]<UL><LI><a href="#[a4]">&gt;&gt;</a>&nbsp;&nbsp;&nbsp;DS18B20_GetTemperture
</UL>

<P><STRONG><a name="[bd]"></a>__aeabi_f2uiz</STRONG> (Thumb, 40 bytes, Stack size 0 bytes, ffixui.o(.text))
<BR><BR>[Called By]<UL><LI><a href="#[22]">&gt;&gt;</a>&nbsp;&nbsp;&nbsp;MQTT_PublishTemp_Cmd
</UL>

<P><STRONG><a name="[ad]"></a>__aeabi_f2d</STRONG> (Thumb, 38 bytes, Stack size 0 bytes, f2d.o(.text))
<BR><BR>[Called By]<UL><LI><a href="#[c1]">&gt;&gt;</a>&nbsp;&nbsp;&nbsp;Modbus_Handle_Master
<LI><a href="#[53]">&gt;&gt;</a>&nbsp;&nbsp;&nbsp;TIM3_IRQHandler
<LI><a href="#[19]">&gt;&gt;</a>&nbsp;&nbsp;&nbsp;DS18B20_Test
</UL>

<P><STRONG><a name="[82]"></a>__aeabi_d2f</STRONG> (Thumb, 56 bytes, Stack size 8 bytes, d2f.o(.text))
<BR><BR>[Stack]<UL><LI>Max Depth = 8<LI>Call Chain = __aeabi_d2f
</UL>
<BR>[Calls]<UL><LI><a href="#[83]">&gt;&gt;</a>&nbsp;&nbsp;&nbsp;_float_round
</UL>
<BR>[Called By]<UL><LI><a href="#[c1]">&gt;&gt;</a>&nbsp;&nbsp;&nbsp;Modbus_Handle_Master
<LI><a href="#[a4]">&gt;&gt;</a>&nbsp;&nbsp;&nbsp;DS18B20_GetTemperture
</UL>

<P><STRONG><a name="[11e]"></a>__aeabi_cfcmpeq</STRONG> (Thumb, 0 bytes, Stack size 0 bytes, cfcmple.o(.text), UNUSED)

<P><STRONG><a name="[ac]"></a>__aeabi_cfcmple</STRONG> (Thumb, 20 bytes, Stack size 0 bytes, cfcmple.o(.text))
<BR><BR>[Called By]<UL><LI><a href="#[19]">&gt;&gt;</a>&nbsp;&nbsp;&nbsp;DS18B20_Test
</UL>

<P><STRONG><a name="[11f]"></a>__aeabi_uidiv</STRONG> (Thumb, 0 bytes, Stack size 12 bytes, uidiv.o(.text), UNUSED)

<P><STRONG><a name="[104]"></a>__aeabi_uidivmod</STRONG> (Thumb, 44 bytes, Stack size 12 bytes, uidiv.o(.text), UNUSED)
<BR><BR>[Called By]<UL><LI><a href="#[fd]">&gt;&gt;</a>&nbsp;&nbsp;&nbsp;_printf_core
</UL>

<P><STRONG><a name="[84]"></a>__aeabi_uldivmod</STRONG> (Thumb, 98 bytes, Stack size 40 bytes, uldiv.o(.text), UNUSED)
<BR><BR>[Calls]<UL><LI><a href="#[85]">&gt;&gt;</a>&nbsp;&nbsp;&nbsp;__aeabi_llsr
<LI><a href="#[86]">&gt;&gt;</a>&nbsp;&nbsp;&nbsp;__aeabi_llsl
</UL>
<BR>[Called By]<UL><LI><a href="#[fd]">&gt;&gt;</a>&nbsp;&nbsp;&nbsp;_printf_core
<LI><a href="#[100]">&gt;&gt;</a>&nbsp;&nbsp;&nbsp;_fp_digits
</UL>

<P><STRONG><a name="[120]"></a>__I$use$fp</STRONG> (Thumb, 0 bytes, Stack size 0 bytes, iusefp.o(.text), UNUSED)

<P><STRONG><a name="[83]"></a>_float_round</STRONG> (Thumb, 18 bytes, Stack size 0 bytes, fepilogue.o(.text))
<BR><BR>[Called By]<UL><LI><a href="#[82]">&gt;&gt;</a>&nbsp;&nbsp;&nbsp;__aeabi_d2f
</UL>

<P><STRONG><a name="[121]"></a>_float_epilogue</STRONG> (Thumb, 92 bytes, Stack size 4 bytes, fepilogue.o(.text), UNUSED)

<P><STRONG><a name="[7f]"></a>_double_round</STRONG> (Thumb, 30 bytes, Stack size 8 bytes, depilogue.o(.text))
<BR><BR>[Stack]<UL><LI>Max Depth = 8<LI>Call Chain = _double_round
</UL>
<BR>[Called By]<UL><LI><a href="#[7e]">&gt;&gt;</a>&nbsp;&nbsp;&nbsp;__aeabi_ddiv
<LI><a href="#[7d]">&gt;&gt;</a>&nbsp;&nbsp;&nbsp;_double_epilogue
<LI><a href="#[87]">&gt;&gt;</a>&nbsp;&nbsp;&nbsp;__aeabi_dadd
</UL>

<P><STRONG><a name="[7d]"></a>_double_epilogue</STRONG> (Thumb, 156 bytes, Stack size 32 bytes, depilogue.o(.text))
<BR><BR>[Stack]<UL><LI>Max Depth = 40<LI>Call Chain = _double_epilogue &rArr; _double_round
</UL>
<BR>[Calls]<UL><LI><a href="#[85]">&gt;&gt;</a>&nbsp;&nbsp;&nbsp;__aeabi_llsr
<LI><a href="#[86]">&gt;&gt;</a>&nbsp;&nbsp;&nbsp;__aeabi_llsl
<LI><a href="#[7f]">&gt;&gt;</a>&nbsp;&nbsp;&nbsp;_double_round
</UL>
<BR>[Called By]<UL><LI><a href="#[80]">&gt;&gt;</a>&nbsp;&nbsp;&nbsp;__aeabi_i2d
<LI><a href="#[81]">&gt;&gt;</a>&nbsp;&nbsp;&nbsp;__aeabi_ui2d
<LI><a href="#[7c]">&gt;&gt;</a>&nbsp;&nbsp;&nbsp;__aeabi_dmul
<LI><a href="#[87]">&gt;&gt;</a>&nbsp;&nbsp;&nbsp;__aeabi_dadd
</UL>

<P><STRONG><a name="[87]"></a>__aeabi_dadd</STRONG> (Thumb, 322 bytes, Stack size 48 bytes, dadd.o(.text), UNUSED)
<BR><BR>[Calls]<UL><LI><a href="#[88]">&gt;&gt;</a>&nbsp;&nbsp;&nbsp;__aeabi_lasr
<LI><a href="#[86]">&gt;&gt;</a>&nbsp;&nbsp;&nbsp;__aeabi_llsl
<LI><a href="#[7f]">&gt;&gt;</a>&nbsp;&nbsp;&nbsp;_double_round
<LI><a href="#[7d]">&gt;&gt;</a>&nbsp;&nbsp;&nbsp;_double_epilogue
</UL>
<BR>[Called By]<UL><LI><a href="#[8a]">&gt;&gt;</a>&nbsp;&nbsp;&nbsp;__aeabi_drsub
<LI><a href="#[89]">&gt;&gt;</a>&nbsp;&nbsp;&nbsp;__aeabi_dsub
<LI><a href="#[100]">&gt;&gt;</a>&nbsp;&nbsp;&nbsp;_fp_digits
</UL>

<P><STRONG><a name="[89]"></a>__aeabi_dsub</STRONG> (Thumb, 6 bytes, Stack size 0 bytes, dadd.o(.text), UNUSED)
<BR><BR>[Calls]<UL><LI><a href="#[87]">&gt;&gt;</a>&nbsp;&nbsp;&nbsp;__aeabi_dadd
</UL>

<P><STRONG><a name="[8a]"></a>__aeabi_drsub</STRONG> (Thumb, 6 bytes, Stack size 0 bytes, dadd.o(.text), UNUSED)
<BR><BR>[Calls]<UL><LI><a href="#[87]">&gt;&gt;</a>&nbsp;&nbsp;&nbsp;__aeabi_dadd
</UL>

<P><STRONG><a name="[8b]"></a>__aeabi_d2ulz</STRONG> (Thumb, 48 bytes, Stack size 0 bytes, dfixul.o(.text), UNUSED)
<BR><BR>[Calls]<UL><LI><a href="#[85]">&gt;&gt;</a>&nbsp;&nbsp;&nbsp;__aeabi_llsr
<LI><a href="#[86]">&gt;&gt;</a>&nbsp;&nbsp;&nbsp;__aeabi_llsl
</UL>
<BR>[Called By]<UL><LI><a href="#[100]">&gt;&gt;</a>&nbsp;&nbsp;&nbsp;_fp_digits
</UL>

<P><STRONG><a name="[101]"></a>__aeabi_cdrcmple</STRONG> (Thumb, 48 bytes, Stack size 0 bytes, cdrcmple.o(.text), UNUSED)
<BR><BR>[Called By]<UL><LI><a href="#[100]">&gt;&gt;</a>&nbsp;&nbsp;&nbsp;_fp_digits
</UL>

<P><STRONG><a name="[78]"></a>__scatterload</STRONG> (Thumb, 28 bytes, Stack size 0 bytes, init.o(.text))
<BR><BR>[Calls]<UL><LI><a href="#[8c]">&gt;&gt;</a>&nbsp;&nbsp;&nbsp;__main_after_scatterload
</UL>
<BR>[Called By]<UL><LI><a href="#[77]">&gt;&gt;</a>&nbsp;&nbsp;&nbsp;_main_scatterload
</UL>

<P><STRONG><a name="[122]"></a>__scatterload_rt2</STRONG> (Thumb, 0 bytes, Stack size 0 bytes, init.o(.text), UNUSED)

<P><STRONG><a name="[86]"></a>__aeabi_llsl</STRONG> (Thumb, 30 bytes, Stack size 0 bytes, llshl.o(.text))
<BR><BR>[Called By]<UL><LI><a href="#[84]">&gt;&gt;</a>&nbsp;&nbsp;&nbsp;__aeabi_uldivmod
<LI><a href="#[7d]">&gt;&gt;</a>&nbsp;&nbsp;&nbsp;_double_epilogue
<LI><a href="#[87]">&gt;&gt;</a>&nbsp;&nbsp;&nbsp;__aeabi_dadd
<LI><a href="#[8b]">&gt;&gt;</a>&nbsp;&nbsp;&nbsp;__aeabi_d2ulz
</UL>

<P><STRONG><a name="[123]"></a>_ll_shift_l</STRONG> (Thumb, 0 bytes, Stack size 0 bytes, llshl.o(.text), UNUSED)

<P><STRONG><a name="[85]"></a>__aeabi_llsr</STRONG> (Thumb, 32 bytes, Stack size 0 bytes, llushr.o(.text))
<BR><BR>[Called By]<UL><LI><a href="#[84]">&gt;&gt;</a>&nbsp;&nbsp;&nbsp;__aeabi_uldivmod
<LI><a href="#[7d]">&gt;&gt;</a>&nbsp;&nbsp;&nbsp;_double_epilogue
<LI><a href="#[8b]">&gt;&gt;</a>&nbsp;&nbsp;&nbsp;__aeabi_d2ulz
</UL>

<P><STRONG><a name="[124]"></a>_ll_ushift_r</STRONG> (Thumb, 0 bytes, Stack size 0 bytes, llushr.o(.text), UNUSED)

<P><STRONG><a name="[88]"></a>__aeabi_lasr</STRONG> (Thumb, 36 bytes, Stack size 0 bytes, llsshr.o(.text), UNUSED)
<BR><BR>[Called By]<UL><LI><a href="#[87]">&gt;&gt;</a>&nbsp;&nbsp;&nbsp;__aeabi_dadd
</UL>

<P><STRONG><a name="[125]"></a>_ll_sshift_r</STRONG> (Thumb, 0 bytes, Stack size 0 bytes, llsshr.o(.text), UNUSED)

<P><STRONG><a name="[126]"></a>__decompress</STRONG> (Thumb, 0 bytes, Stack size unknown bytes, __dczerorl2.o(.text), UNUSED)

<P><STRONG><a name="[127]"></a>__decompress1</STRONG> (Thumb, 86 bytes, Stack size unknown bytes, __dczerorl2.o(.text), UNUSED)

<P><STRONG><a name="[6]"></a>AT24C02_Init</STRONG> (Thumb, 8 bytes, Stack size 8 bytes, at24c02.o(i.AT24C02_Init))
<BR><BR>[Stack]<UL><LI>Max Depth = 40<LI>Call Chain = AT24C02_Init &rArr; IIC_Init &rArr; GPIO_Init
</UL>
<BR>[Calls]<UL><LI><a href="#[8d]">&gt;&gt;</a>&nbsp;&nbsp;&nbsp;IIC_Init
</UL>
<BR>[Address Reference Count : 1]<UL><LI> init.o(.data)
</UL>
<P><STRONG><a name="[8e]"></a>AT24C02_ReadBlockData</STRONG> (Thumb, 86 bytes, Stack size 16 bytes, at24c02.o(i.AT24C02_ReadBlockData))
<BR><BR>[Stack]<UL><LI>Max Depth = 72<LI>Call Chain = AT24C02_ReadBlockData &rArr; IIC_Read_Byte &rArr; IIC_NAck &rArr; SDA_OUT &rArr; GPIO_Init
</UL>
<BR>[Calls]<UL><LI><a href="#[91]">&gt;&gt;</a>&nbsp;&nbsp;&nbsp;IIC_Wait_Ack
<LI><a href="#[93]">&gt;&gt;</a>&nbsp;&nbsp;&nbsp;IIC_Stop
<LI><a href="#[8f]">&gt;&gt;</a>&nbsp;&nbsp;&nbsp;IIC_Start
<LI><a href="#[90]">&gt;&gt;</a>&nbsp;&nbsp;&nbsp;IIC_Send_Byte
<LI><a href="#[92]">&gt;&gt;</a>&nbsp;&nbsp;&nbsp;IIC_Read_Byte
</UL>
<BR>[Called By]<UL><LI><a href="#[17]">&gt;&gt;</a>&nbsp;&nbsp;&nbsp;AT24C02_ReadMul
</UL>

<P><STRONG><a name="[94]"></a>AT24C02_ReadByte</STRONG> (Thumb, 60 bytes, Stack size 16 bytes, at24c02.o(i.AT24C02_ReadByte))
<BR><BR>[Stack]<UL><LI>Max Depth = 72<LI>Call Chain = AT24C02_ReadByte &rArr; IIC_Read_Byte &rArr; IIC_NAck &rArr; SDA_OUT &rArr; GPIO_Init
</UL>
<BR>[Calls]<UL><LI><a href="#[91]">&gt;&gt;</a>&nbsp;&nbsp;&nbsp;IIC_Wait_Ack
<LI><a href="#[93]">&gt;&gt;</a>&nbsp;&nbsp;&nbsp;IIC_Stop
<LI><a href="#[8f]">&gt;&gt;</a>&nbsp;&nbsp;&nbsp;IIC_Start
<LI><a href="#[90]">&gt;&gt;</a>&nbsp;&nbsp;&nbsp;IIC_Send_Byte
<LI><a href="#[92]">&gt;&gt;</a>&nbsp;&nbsp;&nbsp;IIC_Read_Byte
</UL>
<BR>[Called By]<UL><LI><a href="#[15]">&gt;&gt;</a>&nbsp;&nbsp;&nbsp;AT24C02_ReadOne
</UL>

<P><STRONG><a name="[17]"></a>AT24C02_ReadMul</STRONG> (Thumb, 48 bytes, Stack size 32 bytes, at24c02.o(i.AT24C02_ReadMul))
<BR><BR>[Stack]<UL><LI>Max Depth = 104<LI>Call Chain = AT24C02_ReadMul &rArr; AT24C02_ReadBlockData &rArr; IIC_Read_Byte &rArr; IIC_NAck &rArr; SDA_OUT &rArr; GPIO_Init
</UL>
<BR>[Calls]<UL><LI><a href="#[95]">&gt;&gt;</a>&nbsp;&nbsp;&nbsp;__aeabi_memclr4
<LI><a href="#[8e]">&gt;&gt;</a>&nbsp;&nbsp;&nbsp;AT24C02_ReadBlockData
<LI><a href="#[96]">&gt;&gt;</a>&nbsp;&nbsp;&nbsp;__2printf
</UL>
<BR>[Address Reference Count : 1]<UL><LI> cmd.o(.data)
</UL>
<P><STRONG><a name="[15]"></a>AT24C02_ReadOne</STRONG> (Thumb, 20 bytes, Stack size 8 bytes, at24c02.o(i.AT24C02_ReadOne))
<BR><BR>[Stack]<UL><LI>Max Depth = 80<LI>Call Chain = AT24C02_ReadOne &rArr; AT24C02_ReadByte &rArr; IIC_Read_Byte &rArr; IIC_NAck &rArr; SDA_OUT &rArr; GPIO_Init
</UL>
<BR>[Calls]<UL><LI><a href="#[94]">&gt;&gt;</a>&nbsp;&nbsp;&nbsp;AT24C02_ReadByte
<LI><a href="#[96]">&gt;&gt;</a>&nbsp;&nbsp;&nbsp;__2printf
</UL>
<BR>[Address Reference Count : 1]<UL><LI> cmd.o(.data)
</UL>
<P><STRONG><a name="[97]"></a>AT24C02_WriteBlockData</STRONG> (Thumb, 120 bytes, Stack size 16 bytes, at24c02.o(i.AT24C02_WriteBlockData))
<BR><BR>[Stack]<UL><LI>Max Depth = 64<LI>Call Chain = AT24C02_WriteBlockData &rArr; IIC_Wait_Ack &rArr; IIC_Stop &rArr; SDA_OUT &rArr; GPIO_Init
</UL>
<BR>[Calls]<UL><LI><a href="#[91]">&gt;&gt;</a>&nbsp;&nbsp;&nbsp;IIC_Wait_Ack
<LI><a href="#[93]">&gt;&gt;</a>&nbsp;&nbsp;&nbsp;IIC_Stop
<LI><a href="#[8f]">&gt;&gt;</a>&nbsp;&nbsp;&nbsp;IIC_Start
<LI><a href="#[90]">&gt;&gt;</a>&nbsp;&nbsp;&nbsp;IIC_Send_Byte
<LI><a href="#[98]">&gt;&gt;</a>&nbsp;&nbsp;&nbsp;delay_ms
</UL>
<BR>[Called By]<UL><LI><a href="#[18]">&gt;&gt;</a>&nbsp;&nbsp;&nbsp;AT24C02_WriteMul
</UL>

<P><STRONG><a name="[99]"></a>AT24C02_WriteByte</STRONG> (Thumb, 52 bytes, Stack size 16 bytes, at24c02.o(i.AT24C02_WriteByte))
<BR><BR>[Stack]<UL><LI>Max Depth = 64<LI>Call Chain = AT24C02_WriteByte &rArr; IIC_Wait_Ack &rArr; IIC_Stop &rArr; SDA_OUT &rArr; GPIO_Init
</UL>
<BR>[Calls]<UL><LI><a href="#[91]">&gt;&gt;</a>&nbsp;&nbsp;&nbsp;IIC_Wait_Ack
<LI><a href="#[93]">&gt;&gt;</a>&nbsp;&nbsp;&nbsp;IIC_Stop
<LI><a href="#[8f]">&gt;&gt;</a>&nbsp;&nbsp;&nbsp;IIC_Start
<LI><a href="#[90]">&gt;&gt;</a>&nbsp;&nbsp;&nbsp;IIC_Send_Byte
<LI><a href="#[98]">&gt;&gt;</a>&nbsp;&nbsp;&nbsp;delay_ms
</UL>
<BR>[Called By]<UL><LI><a href="#[16]">&gt;&gt;</a>&nbsp;&nbsp;&nbsp;AT24C02_WriteOne
</UL>

<P><STRONG><a name="[18]"></a>AT24C02_WriteMul</STRONG> (Thumb, 32 bytes, Stack size 24 bytes, at24c02.o(i.AT24C02_WriteMul))
<BR><BR>[Stack]<UL><LI>Max Depth = 88<LI>Call Chain = AT24C02_WriteMul &rArr; AT24C02_WriteBlockData &rArr; IIC_Wait_Ack &rArr; IIC_Stop &rArr; SDA_OUT &rArr; GPIO_Init
</UL>
<BR>[Calls]<UL><LI><a href="#[97]">&gt;&gt;</a>&nbsp;&nbsp;&nbsp;AT24C02_WriteBlockData
</UL>
<BR>[Address Reference Count : 1]<UL><LI> cmd.o(.data)
</UL>
<P><STRONG><a name="[16]"></a>AT24C02_WriteOne</STRONG> (Thumb, 12 bytes, Stack size 8 bytes, at24c02.o(i.AT24C02_WriteOne))
<BR><BR>[Stack]<UL><LI>Max Depth = 72<LI>Call Chain = AT24C02_WriteOne &rArr; AT24C02_WriteByte &rArr; IIC_Wait_Ack &rArr; IIC_Stop &rArr; SDA_OUT &rArr; GPIO_Init
</UL>
<BR>[Calls]<UL><LI><a href="#[99]">&gt;&gt;</a>&nbsp;&nbsp;&nbsp;AT24C02_WriteByte
</UL>
<BR>[Address Reference Count : 1]<UL><LI> cmd.o(.data)
</UL>
<P><STRONG><a name="[b]"></a>AliIoT_Parameter_Init</STRONG> (Thumb, 186 bytes, Stack size 144 bytes, mqtt.o(i.AliIoT_Parameter_Init))
<BR><BR>[Stack]<UL><LI>Max Depth = 572<LI>Call Chain = AliIoT_Parameter_Init &rArr; utils_hmac_sha1 &rArr; utils_sha1_finish &rArr; utils_sha1_update &rArr; utils_sha1_process
</UL>
<BR>[Calls]<UL><LI><a href="#[9b]">&gt;&gt;</a>&nbsp;&nbsp;&nbsp;strlen
<LI><a href="#[95]">&gt;&gt;</a>&nbsp;&nbsp;&nbsp;__aeabi_memclr4
<LI><a href="#[79]">&gt;&gt;</a>&nbsp;&nbsp;&nbsp;__aeabi_memclr
<LI><a href="#[9c]">&gt;&gt;</a>&nbsp;&nbsp;&nbsp;utils_hmac_sha1
<LI><a href="#[9a]">&gt;&gt;</a>&nbsp;&nbsp;&nbsp;__2sprintf
<LI><a href="#[96]">&gt;&gt;</a>&nbsp;&nbsp;&nbsp;__2printf
</UL>
<BR>[Address Reference Count : 1]<UL><LI> init.o(.data)
</UL>
<P><STRONG><a name="[3]"></a>BEEP_Init</STRONG> (Thumb, 50 bytes, Stack size 8 bytes, beep.o(i.BEEP_Init))
<BR><BR>[Stack]<UL><LI>Max Depth = 32<LI>Call Chain = BEEP_Init &rArr; GPIO_Init
</UL>
<BR>[Calls]<UL><LI><a href="#[9d]">&gt;&gt;</a>&nbsp;&nbsp;&nbsp;RCC_APB2PeriphClockCmd
<LI><a href="#[9f]">&gt;&gt;</a>&nbsp;&nbsp;&nbsp;GPIO_ResetBits
<LI><a href="#[9e]">&gt;&gt;</a>&nbsp;&nbsp;&nbsp;GPIO_Init
</UL>
<BR>[Address Reference Count : 1]<UL><LI> init.o(.data)
</UL>
<P><STRONG><a name="[14]"></a>BEEP_Off</STRONG> (Thumb, 14 bytes, Stack size 8 bytes, beep.o(i.BEEP_Off))
<BR><BR>[Stack]<UL><LI>Max Depth = 8<LI>Call Chain = BEEP_Off
</UL>
<BR>[Calls]<UL><LI><a href="#[9f]">&gt;&gt;</a>&nbsp;&nbsp;&nbsp;GPIO_ResetBits
</UL>
<BR>[Address Reference Count : 1]<UL><LI> cmd.o(.data)
</UL>
<P><STRONG><a name="[13]"></a>BEEP_On</STRONG> (Thumb, 14 bytes, Stack size 8 bytes, beep.o(i.BEEP_On))
<BR><BR>[Stack]<UL><LI>Max Depth = 8<LI>Call Chain = BEEP_On
</UL>
<BR>[Calls]<UL><LI><a href="#[a0]">&gt;&gt;</a>&nbsp;&nbsp;&nbsp;GPIO_SetBits
</UL>
<BR>[Address Reference Count : 1]<UL><LI> cmd.o(.data)
</UL>
<P><STRONG><a name="[30]"></a>BusFault_Handler</STRONG> (Thumb, 4 bytes, Stack size 0 bytes, stm32f10x_it.o(i.BusFault_Handler))
<BR>[Address Reference Count : 1]<UL><LI> startup_stm32f10x_hd.o(RESET)
</UL>
<P><STRONG><a name="[107]"></a>DEVICE_Init</STRONG> (Thumb, 20 bytes, Stack size 8 bytes, init.o(i.DEVICE_Init))
<BR><BR>[Stack]<UL><LI>Max Depth = 8<LI>Call Chain = DEVICE_Init
</UL>
<BR>[Called By]<UL><LI><a href="#[72]">&gt;&gt;</a>&nbsp;&nbsp;&nbsp;main
</UL>

<P><STRONG><a name="[42]"></a>DMA1_Channel2_IRQHandler</STRONG> (Thumb, 26 bytes, Stack size 8 bytes, interrupt.o(i.DMA1_Channel2_IRQHandler))
<BR><BR>[Stack]<UL><LI>Max Depth = 8<LI>Call Chain = DMA1_Channel2_IRQHandler
</UL>
<BR>[Calls]<UL><LI><a href="#[a1]">&gt;&gt;</a>&nbsp;&nbsp;&nbsp;DMA_GetITStatus
<LI><a href="#[a3]">&gt;&gt;</a>&nbsp;&nbsp;&nbsp;DMA_Cmd
<LI><a href="#[a2]">&gt;&gt;</a>&nbsp;&nbsp;&nbsp;DMA_ClearITPendingBit
</UL>
<BR>[Address Reference Count : 1]<UL><LI> startup_stm32f10x_hd.o(RESET)
</UL>
<P><STRONG><a name="[44]"></a>DMA1_Channel4_IRQHandler</STRONG> (Thumb, 36 bytes, Stack size 8 bytes, interrupt.o(i.DMA1_Channel4_IRQHandler))
<BR><BR>[Stack]<UL><LI>Max Depth = 8<LI>Call Chain = DMA1_Channel4_IRQHandler
</UL>
<BR>[Calls]<UL><LI><a href="#[a1]">&gt;&gt;</a>&nbsp;&nbsp;&nbsp;DMA_GetITStatus
<LI><a href="#[a3]">&gt;&gt;</a>&nbsp;&nbsp;&nbsp;DMA_Cmd
<LI><a href="#[a2]">&gt;&gt;</a>&nbsp;&nbsp;&nbsp;DMA_ClearITPendingBit
</UL>
<BR>[Address Reference Count : 1]<UL><LI> startup_stm32f10x_hd.o(RESET)
</UL>
<P><STRONG><a name="[e6]"></a>DMA_ClearFlag</STRONG> (Thumb, 18 bytes, Stack size 0 bytes, stm32f10x_dma.o(i.DMA_ClearFlag))
<BR><BR>[Called By]<UL><LI><a href="#[c0]">&gt;&gt;</a>&nbsp;&nbsp;&nbsp;UART2_TxData
</UL>

<P><STRONG><a name="[a2]"></a>DMA_ClearITPendingBit</STRONG> (Thumb, 18 bytes, Stack size 0 bytes, stm32f10x_dma.o(i.DMA_ClearITPendingBit))
<BR><BR>[Called By]<UL><LI><a href="#[44]">&gt;&gt;</a>&nbsp;&nbsp;&nbsp;DMA1_Channel4_IRQHandler
<LI><a href="#[42]">&gt;&gt;</a>&nbsp;&nbsp;&nbsp;DMA1_Channel2_IRQHandler
</UL>

<P><STRONG><a name="[a3]"></a>DMA_Cmd</STRONG> (Thumb, 24 bytes, Stack size 0 bytes, stm32f10x_dma.o(i.DMA_Cmd))
<BR><BR>[Called By]<UL><LI><a href="#[c0]">&gt;&gt;</a>&nbsp;&nbsp;&nbsp;UART2_TxData
<LI><a href="#[e1]">&gt;&gt;</a>&nbsp;&nbsp;&nbsp;UART2DMA_Init
<LI><a href="#[ba]">&gt;&gt;</a>&nbsp;&nbsp;&nbsp;UART3_TxData
<LI><a href="#[e9]">&gt;&gt;</a>&nbsp;&nbsp;&nbsp;UART3_Puts
<LI><a href="#[5d]">&gt;&gt;</a>&nbsp;&nbsp;&nbsp;USART3_IRQHandler
<LI><a href="#[5c]">&gt;&gt;</a>&nbsp;&nbsp;&nbsp;USART2_IRQHandler
<LI><a href="#[5b]">&gt;&gt;</a>&nbsp;&nbsp;&nbsp;USART1_IRQHandler
<LI><a href="#[44]">&gt;&gt;</a>&nbsp;&nbsp;&nbsp;DMA1_Channel4_IRQHandler
<LI><a href="#[42]">&gt;&gt;</a>&nbsp;&nbsp;&nbsp;DMA1_Channel2_IRQHandler
<LI><a href="#[1b]">&gt;&gt;</a>&nbsp;&nbsp;&nbsp;UART1DMA_Tx_Test
<LI><a href="#[8]">&gt;&gt;</a>&nbsp;&nbsp;&nbsp;UART1DMA_Init
</UL>

<P><STRONG><a name="[f2]"></a>DMA_GetCurrDataCounter</STRONG> (Thumb, 8 bytes, Stack size 0 bytes, stm32f10x_dma.o(i.DMA_GetCurrDataCounter))
<BR><BR>[Called By]<UL><LI><a href="#[5d]">&gt;&gt;</a>&nbsp;&nbsp;&nbsp;USART3_IRQHandler
<LI><a href="#[5c]">&gt;&gt;</a>&nbsp;&nbsp;&nbsp;USART2_IRQHandler
<LI><a href="#[5b]">&gt;&gt;</a>&nbsp;&nbsp;&nbsp;USART1_IRQHandler
</UL>

<P><STRONG><a name="[e5]"></a>DMA_GetFlagStatus</STRONG> (Thumb, 36 bytes, Stack size 0 bytes, stm32f10x_dma.o(i.DMA_GetFlagStatus))
<BR><BR>[Called By]<UL><LI><a href="#[c0]">&gt;&gt;</a>&nbsp;&nbsp;&nbsp;UART2_TxData
</UL>

<P><STRONG><a name="[a1]"></a>DMA_GetITStatus</STRONG> (Thumb, 36 bytes, Stack size 0 bytes, stm32f10x_dma.o(i.DMA_GetITStatus))
<BR><BR>[Called By]<UL><LI><a href="#[44]">&gt;&gt;</a>&nbsp;&nbsp;&nbsp;DMA1_Channel4_IRQHandler
<LI><a href="#[42]">&gt;&gt;</a>&nbsp;&nbsp;&nbsp;DMA1_Channel2_IRQHandler
</UL>

<P><STRONG><a name="[de]"></a>DMA_ITConfig</STRONG> (Thumb, 18 bytes, Stack size 0 bytes, stm32f10x_dma.o(i.DMA_ITConfig))
<BR><BR>[Called By]<UL><LI><a href="#[e7]">&gt;&gt;</a>&nbsp;&nbsp;&nbsp;UART3DMA_Init
<LI><a href="#[8]">&gt;&gt;</a>&nbsp;&nbsp;&nbsp;UART1DMA_Init
</UL>

<P><STRONG><a name="[dd]"></a>DMA_Init</STRONG> (Thumb, 60 bytes, Stack size 8 bytes, stm32f10x_dma.o(i.DMA_Init))
<BR><BR>[Stack]<UL><LI>Max Depth = 8<LI>Call Chain = DMA_Init
</UL>
<BR>[Called By]<UL><LI><a href="#[e1]">&gt;&gt;</a>&nbsp;&nbsp;&nbsp;UART2DMA_Init
<LI><a href="#[e7]">&gt;&gt;</a>&nbsp;&nbsp;&nbsp;UART3DMA_Init
<LI><a href="#[8]">&gt;&gt;</a>&nbsp;&nbsp;&nbsp;UART1DMA_Init
</UL>

<P><STRONG><a name="[e0]"></a>DMA_SetCurrDataCounter</STRONG> (Thumb, 4 bytes, Stack size 0 bytes, stm32f10x_dma.o(i.DMA_SetCurrDataCounter))
<BR><BR>[Called By]<UL><LI><a href="#[c0]">&gt;&gt;</a>&nbsp;&nbsp;&nbsp;UART2_TxData
<LI><a href="#[ba]">&gt;&gt;</a>&nbsp;&nbsp;&nbsp;UART3_TxData
<LI><a href="#[e9]">&gt;&gt;</a>&nbsp;&nbsp;&nbsp;UART3_Puts
<LI><a href="#[5b]">&gt;&gt;</a>&nbsp;&nbsp;&nbsp;USART1_IRQHandler
<LI><a href="#[1b]">&gt;&gt;</a>&nbsp;&nbsp;&nbsp;UART1DMA_Tx_Test
</UL>

<P><STRONG><a name="[a4]"></a>DS18B20_GetTemperture</STRONG> (Thumb, 128 bytes, Stack size 40 bytes, ds18b20.o(i.DS18B20_GetTemperture))
<BR><BR>[Stack]<UL><LI>Max Depth = 128<LI>Call Chain = DS18B20_GetTemperture &rArr; __aeabi_dmul &rArr; _double_epilogue &rArr; _double_round
</UL>
<BR>[Calls]<UL><LI><a href="#[81]">&gt;&gt;</a>&nbsp;&nbsp;&nbsp;__aeabi_ui2d
<LI><a href="#[7c]">&gt;&gt;</a>&nbsp;&nbsp;&nbsp;__aeabi_dmul
<LI><a href="#[82]">&gt;&gt;</a>&nbsp;&nbsp;&nbsp;__aeabi_d2f
<LI><a href="#[a7]">&gt;&gt;</a>&nbsp;&nbsp;&nbsp;DS18B20_Write_Byte
<LI><a href="#[a5]">&gt;&gt;</a>&nbsp;&nbsp;&nbsp;DS18B20_Reset
<LI><a href="#[a8]">&gt;&gt;</a>&nbsp;&nbsp;&nbsp;DS18B20_Read_Byte
<LI><a href="#[a6]">&gt;&gt;</a>&nbsp;&nbsp;&nbsp;DS18B20_MatchRom
</UL>
<BR>[Called By]<UL><LI><a href="#[53]">&gt;&gt;</a>&nbsp;&nbsp;&nbsp;TIM3_IRQHandler
<LI><a href="#[22]">&gt;&gt;</a>&nbsp;&nbsp;&nbsp;MQTT_PublishTemp_Cmd
<LI><a href="#[19]">&gt;&gt;</a>&nbsp;&nbsp;&nbsp;DS18B20_Test
</UL>

<P><STRONG><a name="[a9]"></a>DS18B20_IO_IN</STRONG> (Thumb, 26 bytes, Stack size 8 bytes, ds18b20.o(i.DS18B20_IO_IN))
<BR><BR>[Stack]<UL><LI>Max Depth = 32<LI>Call Chain = DS18B20_IO_IN &rArr; GPIO_Init
</UL>
<BR>[Calls]<UL><LI><a href="#[9e]">&gt;&gt;</a>&nbsp;&nbsp;&nbsp;GPIO_Init
</UL>
<BR>[Called By]<UL><LI><a href="#[a5]">&gt;&gt;</a>&nbsp;&nbsp;&nbsp;DS18B20_Reset
<LI><a href="#[a8]">&gt;&gt;</a>&nbsp;&nbsp;&nbsp;DS18B20_Read_Byte
</UL>

<P><STRONG><a name="[aa]"></a>DS18B20_IO_OUT</STRONG> (Thumb, 32 bytes, Stack size 8 bytes, ds18b20.o(i.DS18B20_IO_OUT))
<BR><BR>[Stack]<UL><LI>Max Depth = 32<LI>Call Chain = DS18B20_IO_OUT &rArr; GPIO_Init
</UL>
<BR>[Calls]<UL><LI><a href="#[9e]">&gt;&gt;</a>&nbsp;&nbsp;&nbsp;GPIO_Init
</UL>
<BR>[Called By]<UL><LI><a href="#[a7]">&gt;&gt;</a>&nbsp;&nbsp;&nbsp;DS18B20_Write_Byte
<LI><a href="#[a5]">&gt;&gt;</a>&nbsp;&nbsp;&nbsp;DS18B20_Reset
<LI><a href="#[a8]">&gt;&gt;</a>&nbsp;&nbsp;&nbsp;DS18B20_Read_Byte
</UL>

<P><STRONG><a name="[7]"></a>DS18B20_Init</STRONG> (Thumb, 40 bytes, Stack size 8 bytes, ds18b20.o(i.DS18B20_Init))
<BR><BR>[Stack]<UL><LI>Max Depth = 32<LI>Call Chain = DS18B20_Init &rArr; GPIO_Init
</UL>
<BR>[Calls]<UL><LI><a href="#[9d]">&gt;&gt;</a>&nbsp;&nbsp;&nbsp;RCC_APB2PeriphClockCmd
<LI><a href="#[9e]">&gt;&gt;</a>&nbsp;&nbsp;&nbsp;GPIO_Init
</UL>
<BR>[Address Reference Count : 1]<UL><LI> init.o(.data)
</UL>
<P><STRONG><a name="[a6]"></a>DS18B20_MatchRom</STRONG> (Thumb, 28 bytes, Stack size 8 bytes, ds18b20.o(i.DS18B20_MatchRom))
<BR><BR>[Stack]<UL><LI>Max Depth = 56<LI>Call Chain = DS18B20_MatchRom &rArr; DS18B20_Write_Byte &rArr; DS18B20_IO_OUT &rArr; GPIO_Init
</UL>
<BR>[Calls]<UL><LI><a href="#[a7]">&gt;&gt;</a>&nbsp;&nbsp;&nbsp;DS18B20_Write_Byte
</UL>
<BR>[Called By]<UL><LI><a href="#[a4]">&gt;&gt;</a>&nbsp;&nbsp;&nbsp;DS18B20_GetTemperture
</UL>

<P><STRONG><a name="[1a]"></a>DS18B20_ReadRom</STRONG> (Thumb, 48 bytes, Stack size 8 bytes, ds18b20.o(i.DS18B20_ReadRom))
<BR><BR>[Stack]<UL><LI>Max Depth = 56<LI>Call Chain = DS18B20_ReadRom &rArr; DS18B20_Write_Byte &rArr; DS18B20_IO_OUT &rArr; GPIO_Init
</UL>
<BR>[Calls]<UL><LI><a href="#[a7]">&gt;&gt;</a>&nbsp;&nbsp;&nbsp;DS18B20_Write_Byte
<LI><a href="#[a5]">&gt;&gt;</a>&nbsp;&nbsp;&nbsp;DS18B20_Reset
<LI><a href="#[a8]">&gt;&gt;</a>&nbsp;&nbsp;&nbsp;DS18B20_Read_Byte
<LI><a href="#[96]">&gt;&gt;</a>&nbsp;&nbsp;&nbsp;__2printf
</UL>
<BR>[Called By]<UL><LI><a href="#[53]">&gt;&gt;</a>&nbsp;&nbsp;&nbsp;TIM3_IRQHandler
<LI><a href="#[24]">&gt;&gt;</a>&nbsp;&nbsp;&nbsp;EHOME_Run
</UL>
<BR>[Address Reference Count : 1]<UL><LI> cmd.o(.data)
</UL>
<P><STRONG><a name="[a8]"></a>DS18B20_Read_Byte</STRONG> (Thumb, 64 bytes, Stack size 16 bytes, ds18b20.o(i.DS18B20_Read_Byte))
<BR><BR>[Stack]<UL><LI>Max Depth = 48<LI>Call Chain = DS18B20_Read_Byte &rArr; DS18B20_IO_OUT &rArr; GPIO_Init
</UL>
<BR>[Calls]<UL><LI><a href="#[aa]">&gt;&gt;</a>&nbsp;&nbsp;&nbsp;DS18B20_IO_OUT
<LI><a href="#[a9]">&gt;&gt;</a>&nbsp;&nbsp;&nbsp;DS18B20_IO_IN
<LI><a href="#[ab]">&gt;&gt;</a>&nbsp;&nbsp;&nbsp;delay_us
</UL>
<BR>[Called By]<UL><LI><a href="#[a4]">&gt;&gt;</a>&nbsp;&nbsp;&nbsp;DS18B20_GetTemperture
<LI><a href="#[1a]">&gt;&gt;</a>&nbsp;&nbsp;&nbsp;DS18B20_ReadRom
</UL>

<P><STRONG><a name="[a5]"></a>DS18B20_Reset</STRONG> (Thumb, 86 bytes, Stack size 8 bytes, ds18b20.o(i.DS18B20_Reset))
<BR><BR>[Stack]<UL><LI>Max Depth = 40<LI>Call Chain = DS18B20_Reset &rArr; DS18B20_IO_OUT &rArr; GPIO_Init
</UL>
<BR>[Calls]<UL><LI><a href="#[aa]">&gt;&gt;</a>&nbsp;&nbsp;&nbsp;DS18B20_IO_OUT
<LI><a href="#[a9]">&gt;&gt;</a>&nbsp;&nbsp;&nbsp;DS18B20_IO_IN
<LI><a href="#[ab]">&gt;&gt;</a>&nbsp;&nbsp;&nbsp;delay_us
<LI><a href="#[96]">&gt;&gt;</a>&nbsp;&nbsp;&nbsp;__2printf
</UL>
<BR>[Called By]<UL><LI><a href="#[a4]">&gt;&gt;</a>&nbsp;&nbsp;&nbsp;DS18B20_GetTemperture
<LI><a href="#[1a]">&gt;&gt;</a>&nbsp;&nbsp;&nbsp;DS18B20_ReadRom
</UL>

<P><STRONG><a name="[19]"></a>DS18B20_Test</STRONG> (Thumb, 54 bytes, Stack size 16 bytes, ds18b20.o(i.DS18B20_Test))
<BR><BR>[Stack]<UL><LI>Max Depth = 144<LI>Call Chain = DS18B20_Test &rArr; DS18B20_GetTemperture &rArr; __aeabi_dmul &rArr; _double_epilogue &rArr; _double_round
</UL>
<BR>[Calls]<UL><LI><a href="#[ad]">&gt;&gt;</a>&nbsp;&nbsp;&nbsp;__aeabi_f2d
<LI><a href="#[ac]">&gt;&gt;</a>&nbsp;&nbsp;&nbsp;__aeabi_cfcmple
<LI><a href="#[a4]">&gt;&gt;</a>&nbsp;&nbsp;&nbsp;DS18B20_GetTemperture
<LI><a href="#[96]">&gt;&gt;</a>&nbsp;&nbsp;&nbsp;__2printf
</UL>
<BR>[Address Reference Count : 1]<UL><LI> cmd.o(.data)
</UL>
<P><STRONG><a name="[a7]"></a>DS18B20_Write_Byte</STRONG> (Thumb, 84 bytes, Stack size 16 bytes, ds18b20.o(i.DS18B20_Write_Byte))
<BR><BR>[Stack]<UL><LI>Max Depth = 48<LI>Call Chain = DS18B20_Write_Byte &rArr; DS18B20_IO_OUT &rArr; GPIO_Init
</UL>
<BR>[Calls]<UL><LI><a href="#[aa]">&gt;&gt;</a>&nbsp;&nbsp;&nbsp;DS18B20_IO_OUT
<LI><a href="#[ab]">&gt;&gt;</a>&nbsp;&nbsp;&nbsp;delay_us
</UL>
<BR>[Called By]<UL><LI><a href="#[a6]">&gt;&gt;</a>&nbsp;&nbsp;&nbsp;DS18B20_MatchRom
<LI><a href="#[a4]">&gt;&gt;</a>&nbsp;&nbsp;&nbsp;DS18B20_GetTemperture
<LI><a href="#[1a]">&gt;&gt;</a>&nbsp;&nbsp;&nbsp;DS18B20_ReadRom
</UL>

<P><STRONG><a name="[33]"></a>DebugMon_Handler</STRONG> (Thumb, 2 bytes, Stack size 0 bytes, stm32f10x_it.o(i.DebugMon_Handler))
<BR>[Address Reference Count : 1]<UL><LI> startup_stm32f10x_hd.o(RESET)
</UL>
<P><STRONG><a name="[24]"></a>EHOME_Run</STRONG> (Thumb, 48 bytes, Stack size 8 bytes, run.o(i.EHOME_Run))
<BR><BR>[Stack]<UL><LI>Max Depth = 304<LI>Call Chain = EHOME_Run &rArr; MQTT_PublishLedState_Cmd &rArr; MQTT_Publish
</UL>
<BR>[Calls]<UL><LI><a href="#[b0]">&gt;&gt;</a>&nbsp;&nbsp;&nbsp;TIMER3_ENALBE_1S
<LI><a href="#[ae]">&gt;&gt;</a>&nbsp;&nbsp;&nbsp;MQTT_PublishLedState_Cmd
<LI><a href="#[af]">&gt;&gt;</a>&nbsp;&nbsp;&nbsp;MQTT_PublishBeepState_Cmd
<LI><a href="#[1e]">&gt;&gt;</a>&nbsp;&nbsp;&nbsp;WIFI_Connect
<LI><a href="#[21]">&gt;&gt;</a>&nbsp;&nbsp;&nbsp;MQTT_Sub_Cmd
<LI><a href="#[20]">&gt;&gt;</a>&nbsp;&nbsp;&nbsp;MQTT_Connect_Cmd
<LI><a href="#[1a]">&gt;&gt;</a>&nbsp;&nbsp;&nbsp;DS18B20_ReadRom
<LI><a href="#[98]">&gt;&gt;</a>&nbsp;&nbsp;&nbsp;delay_ms
</UL>
<BR>[Address Reference Count : 1]<UL><LI> cmd.o(.data)
</UL>
<P><STRONG><a name="[3c]"></a>EXTI0_IRQHandler</STRONG> (Thumb, 26 bytes, Stack size 8 bytes, exti.o(i.EXTI0_IRQHandler))
<BR><BR>[Stack]<UL><LI>Max Depth = 8<LI>Call Chain = EXTI0_IRQHandler
</UL>
<BR>[Calls]<UL><LI><a href="#[b1]">&gt;&gt;</a>&nbsp;&nbsp;&nbsp;EXTI_GetITStatus
<LI><a href="#[b2]">&gt;&gt;</a>&nbsp;&nbsp;&nbsp;EXTI_ClearITPendingBit
<LI><a href="#[98]">&gt;&gt;</a>&nbsp;&nbsp;&nbsp;delay_ms
</UL>
<BR>[Address Reference Count : 1]<UL><LI> startup_stm32f10x_hd.o(RESET)
</UL>
<P><STRONG><a name="[3f]"></a>EXTI3_IRQHandler</STRONG> (Thumb, 26 bytes, Stack size 8 bytes, exti.o(i.EXTI3_IRQHandler))
<BR><BR>[Stack]<UL><LI>Max Depth = 8<LI>Call Chain = EXTI3_IRQHandler
</UL>
<BR>[Calls]<UL><LI><a href="#[b1]">&gt;&gt;</a>&nbsp;&nbsp;&nbsp;EXTI_GetITStatus
<LI><a href="#[b2]">&gt;&gt;</a>&nbsp;&nbsp;&nbsp;EXTI_ClearITPendingBit
<LI><a href="#[98]">&gt;&gt;</a>&nbsp;&nbsp;&nbsp;delay_ms
</UL>
<BR>[Address Reference Count : 1]<UL><LI> startup_stm32f10x_hd.o(RESET)
</UL>
<P><STRONG><a name="[40]"></a>EXTI4_IRQHandler</STRONG> (Thumb, 26 bytes, Stack size 8 bytes, exti.o(i.EXTI4_IRQHandler))
<BR><BR>[Stack]<UL><LI>Max Depth = 8<LI>Call Chain = EXTI4_IRQHandler
</UL>
<BR>[Calls]<UL><LI><a href="#[b1]">&gt;&gt;</a>&nbsp;&nbsp;&nbsp;EXTI_GetITStatus
<LI><a href="#[b2]">&gt;&gt;</a>&nbsp;&nbsp;&nbsp;EXTI_ClearITPendingBit
<LI><a href="#[98]">&gt;&gt;</a>&nbsp;&nbsp;&nbsp;delay_ms
</UL>
<BR>[Address Reference Count : 1]<UL><LI> startup_stm32f10x_hd.o(RESET)
</UL>
<P><STRONG><a name="[b2]"></a>EXTI_ClearITPendingBit</STRONG> (Thumb, 6 bytes, Stack size 0 bytes, stm32f10x_exti.o(i.EXTI_ClearITPendingBit))
<BR><BR>[Called By]<UL><LI><a href="#[40]">&gt;&gt;</a>&nbsp;&nbsp;&nbsp;EXTI4_IRQHandler
<LI><a href="#[3f]">&gt;&gt;</a>&nbsp;&nbsp;&nbsp;EXTI3_IRQHandler
<LI><a href="#[3c]">&gt;&gt;</a>&nbsp;&nbsp;&nbsp;EXTI0_IRQHandler
</UL>

<P><STRONG><a name="[b1]"></a>EXTI_GetITStatus</STRONG> (Thumb, 34 bytes, Stack size 0 bytes, stm32f10x_exti.o(i.EXTI_GetITStatus))
<BR><BR>[Called By]<UL><LI><a href="#[40]">&gt;&gt;</a>&nbsp;&nbsp;&nbsp;EXTI4_IRQHandler
<LI><a href="#[3f]">&gt;&gt;</a>&nbsp;&nbsp;&nbsp;EXTI3_IRQHandler
<LI><a href="#[3c]">&gt;&gt;</a>&nbsp;&nbsp;&nbsp;EXTI0_IRQHandler
</UL>

<P><STRONG><a name="[c3]"></a>EXTI_Init</STRONG> (Thumb, 142 bytes, Stack size 0 bytes, stm32f10x_exti.o(i.EXTI_Init))
<BR><BR>[Called By]<UL><LI><a href="#[5]">&gt;&gt;</a>&nbsp;&nbsp;&nbsp;My_EXTI_Init
</UL>

<P><STRONG><a name="[c2]"></a>GPIO_EXTILineConfig</STRONG> (Thumb, 60 bytes, Stack size 12 bytes, stm32f10x_gpio.o(i.GPIO_EXTILineConfig))
<BR><BR>[Stack]<UL><LI>Max Depth = 12<LI>Call Chain = GPIO_EXTILineConfig
</UL>
<BR>[Called By]<UL><LI><a href="#[5]">&gt;&gt;</a>&nbsp;&nbsp;&nbsp;My_EXTI_Init
</UL>

<P><STRONG><a name="[9e]"></a>GPIO_Init</STRONG> (Thumb, 278 bytes, Stack size 24 bytes, stm32f10x_gpio.o(i.GPIO_Init))
<BR><BR>[Stack]<UL><LI>Max Depth = 24<LI>Call Chain = GPIO_Init
</UL>
<BR>[Called By]<UL><LI><a href="#[aa]">&gt;&gt;</a>&nbsp;&nbsp;&nbsp;DS18B20_IO_OUT
<LI><a href="#[a9]">&gt;&gt;</a>&nbsp;&nbsp;&nbsp;DS18B20_IO_IN
<LI><a href="#[b4]">&gt;&gt;</a>&nbsp;&nbsp;&nbsp;SDA_OUT
<LI><a href="#[b6]">&gt;&gt;</a>&nbsp;&nbsp;&nbsp;SDA_IN
<LI><a href="#[8d]">&gt;&gt;</a>&nbsp;&nbsp;&nbsp;IIC_Init
<LI><a href="#[a]">&gt;&gt;</a>&nbsp;&nbsp;&nbsp;WIFI_ResetIO_Init
<LI><a href="#[9]">&gt;&gt;</a>&nbsp;&nbsp;&nbsp;UART3_Init
<LI><a href="#[f]">&gt;&gt;</a>&nbsp;&nbsp;&nbsp;UART2_Init
<LI><a href="#[d]">&gt;&gt;</a>&nbsp;&nbsp;&nbsp;TIM2_CH2_PWM_Init
<LI><a href="#[e]">&gt;&gt;</a>&nbsp;&nbsp;&nbsp;SERVO_Init
<LI><a href="#[c]">&gt;&gt;</a>&nbsp;&nbsp;&nbsp;OLED_Init
<LI><a href="#[7]">&gt;&gt;</a>&nbsp;&nbsp;&nbsp;DS18B20_Init
<LI><a href="#[2]">&gt;&gt;</a>&nbsp;&nbsp;&nbsp;UART_IDLEInit
<LI><a href="#[4]">&gt;&gt;</a>&nbsp;&nbsp;&nbsp;KEY_Init
<LI><a href="#[3]">&gt;&gt;</a>&nbsp;&nbsp;&nbsp;BEEP_Init
<LI><a href="#[1]">&gt;&gt;</a>&nbsp;&nbsp;&nbsp;LED_Init
</UL>

<P><STRONG><a name="[d5]"></a>GPIO_PinRemapConfig</STRONG> (Thumb, 138 bytes, Stack size 20 bytes, stm32f10x_gpio.o(i.GPIO_PinRemapConfig))
<BR><BR>[Stack]<UL><LI>Max Depth = 20<LI>Call Chain = GPIO_PinRemapConfig
</UL>
<BR>[Called By]<UL><LI><a href="#[a]">&gt;&gt;</a>&nbsp;&nbsp;&nbsp;WIFI_ResetIO_Init
<LI><a href="#[d]">&gt;&gt;</a>&nbsp;&nbsp;&nbsp;TIM2_CH2_PWM_Init
</UL>

<P><STRONG><a name="[9f]"></a>GPIO_ResetBits</STRONG> (Thumb, 4 bytes, Stack size 0 bytes, stm32f10x_gpio.o(i.GPIO_ResetBits))
<BR><BR>[Called By]<UL><LI><a href="#[26]">&gt;&gt;</a>&nbsp;&nbsp;&nbsp;PWM_Test
<LI><a href="#[d]">&gt;&gt;</a>&nbsp;&nbsp;&nbsp;TIM2_CH2_PWM_Init
<LI><a href="#[14]">&gt;&gt;</a>&nbsp;&nbsp;&nbsp;BEEP_Off
<LI><a href="#[3]">&gt;&gt;</a>&nbsp;&nbsp;&nbsp;BEEP_Init
<LI><a href="#[11]">&gt;&gt;</a>&nbsp;&nbsp;&nbsp;LED_On
</UL>

<P><STRONG><a name="[a0]"></a>GPIO_SetBits</STRONG> (Thumb, 4 bytes, Stack size 0 bytes, stm32f10x_gpio.o(i.GPIO_SetBits))
<BR><BR>[Called By]<UL><LI><a href="#[26]">&gt;&gt;</a>&nbsp;&nbsp;&nbsp;PWM_Test
<LI><a href="#[d]">&gt;&gt;</a>&nbsp;&nbsp;&nbsp;TIM2_CH2_PWM_Init
<LI><a href="#[c]">&gt;&gt;</a>&nbsp;&nbsp;&nbsp;OLED_Init
<LI><a href="#[13]">&gt;&gt;</a>&nbsp;&nbsp;&nbsp;BEEP_On
<LI><a href="#[12]">&gt;&gt;</a>&nbsp;&nbsp;&nbsp;LED_Off
<LI><a href="#[1]">&gt;&gt;</a>&nbsp;&nbsp;&nbsp;LED_Init
</UL>

<P><STRONG><a name="[bf]"></a>Get_CRC16</STRONG> (Thumb, 68 bytes, Stack size 12 bytes, modbus.o(i.Get_CRC16))
<BR><BR>[Stack]<UL><LI>Max Depth = 12<LI>Call Chain = Get_CRC16
</UL>
<BR>[Called By]<UL><LI><a href="#[2b]">&gt;&gt;</a>&nbsp;&nbsp;&nbsp;Modbus_06_Master
<LI><a href="#[2a]">&gt;&gt;</a>&nbsp;&nbsp;&nbsp;Modbus_03_Master
</UL>

<P><STRONG><a name="[2e]"></a>HardFault_Handler</STRONG> (Thumb, 4 bytes, Stack size 0 bytes, stm32f10x_it.o(i.HardFault_Handler))
<BR>[Address Reference Count : 1]<UL><LI> startup_stm32f10x_hd.o(RESET)
</UL>
<P><STRONG><a name="[b3]"></a>IIC_Ack</STRONG> (Thumb, 48 bytes, Stack size 8 bytes, iic.o(i.IIC_Ack))
<BR><BR>[Stack]<UL><LI>Max Depth = 40<LI>Call Chain = IIC_Ack &rArr; SDA_OUT &rArr; GPIO_Init
</UL>
<BR>[Calls]<UL><LI><a href="#[b4]">&gt;&gt;</a>&nbsp;&nbsp;&nbsp;SDA_OUT
<LI><a href="#[ab]">&gt;&gt;</a>&nbsp;&nbsp;&nbsp;delay_us
</UL>
<BR>[Called By]<UL><LI><a href="#[92]">&gt;&gt;</a>&nbsp;&nbsp;&nbsp;IIC_Read_Byte
</UL>

<P><STRONG><a name="[8d]"></a>IIC_Init</STRONG> (Thumb, 76 bytes, Stack size 8 bytes, iic.o(i.IIC_Init))
<BR><BR>[Stack]<UL><LI>Max Depth = 32<LI>Call Chain = IIC_Init &rArr; GPIO_Init
</UL>
<BR>[Calls]<UL><LI><a href="#[9d]">&gt;&gt;</a>&nbsp;&nbsp;&nbsp;RCC_APB2PeriphClockCmd
<LI><a href="#[9e]">&gt;&gt;</a>&nbsp;&nbsp;&nbsp;GPIO_Init
</UL>
<BR>[Called By]<UL><LI><a href="#[6]">&gt;&gt;</a>&nbsp;&nbsp;&nbsp;AT24C02_Init
</UL>

<P><STRONG><a name="[b5]"></a>IIC_NAck</STRONG> (Thumb, 48 bytes, Stack size 8 bytes, iic.o(i.IIC_NAck))
<BR><BR>[Stack]<UL><LI>Max Depth = 40<LI>Call Chain = IIC_NAck &rArr; SDA_OUT &rArr; GPIO_Init
</UL>
<BR>[Calls]<UL><LI><a href="#[b4]">&gt;&gt;</a>&nbsp;&nbsp;&nbsp;SDA_OUT
<LI><a href="#[ab]">&gt;&gt;</a>&nbsp;&nbsp;&nbsp;delay_us
</UL>
<BR>[Called By]<UL><LI><a href="#[92]">&gt;&gt;</a>&nbsp;&nbsp;&nbsp;IIC_Read_Byte
</UL>

<P><STRONG><a name="[92]"></a>IIC_Read_Byte</STRONG> (Thumb, 80 bytes, Stack size 16 bytes, iic.o(i.IIC_Read_Byte))
<BR><BR>[Stack]<UL><LI>Max Depth = 56<LI>Call Chain = IIC_Read_Byte &rArr; IIC_NAck &rArr; SDA_OUT &rArr; GPIO_Init
</UL>
<BR>[Calls]<UL><LI><a href="#[b6]">&gt;&gt;</a>&nbsp;&nbsp;&nbsp;SDA_IN
<LI><a href="#[b5]">&gt;&gt;</a>&nbsp;&nbsp;&nbsp;IIC_NAck
<LI><a href="#[b3]">&gt;&gt;</a>&nbsp;&nbsp;&nbsp;IIC_Ack
<LI><a href="#[ab]">&gt;&gt;</a>&nbsp;&nbsp;&nbsp;delay_us
</UL>
<BR>[Called By]<UL><LI><a href="#[94]">&gt;&gt;</a>&nbsp;&nbsp;&nbsp;AT24C02_ReadByte
<LI><a href="#[8e]">&gt;&gt;</a>&nbsp;&nbsp;&nbsp;AT24C02_ReadBlockData
</UL>

<P><STRONG><a name="[90]"></a>IIC_Send_Byte</STRONG> (Thumb, 82 bytes, Stack size 16 bytes, iic.o(i.IIC_Send_Byte))
<BR><BR>[Stack]<UL><LI>Max Depth = 48<LI>Call Chain = IIC_Send_Byte &rArr; SDA_OUT &rArr; GPIO_Init
</UL>
<BR>[Calls]<UL><LI><a href="#[b4]">&gt;&gt;</a>&nbsp;&nbsp;&nbsp;SDA_OUT
<LI><a href="#[ab]">&gt;&gt;</a>&nbsp;&nbsp;&nbsp;delay_us
</UL>
<BR>[Called By]<UL><LI><a href="#[99]">&gt;&gt;</a>&nbsp;&nbsp;&nbsp;AT24C02_WriteByte
<LI><a href="#[97]">&gt;&gt;</a>&nbsp;&nbsp;&nbsp;AT24C02_WriteBlockData
<LI><a href="#[94]">&gt;&gt;</a>&nbsp;&nbsp;&nbsp;AT24C02_ReadByte
<LI><a href="#[8e]">&gt;&gt;</a>&nbsp;&nbsp;&nbsp;AT24C02_ReadBlockData
</UL>

<P><STRONG><a name="[8f]"></a>IIC_Start</STRONG> (Thumb, 48 bytes, Stack size 8 bytes, iic.o(i.IIC_Start))
<BR><BR>[Stack]<UL><LI>Max Depth = 40<LI>Call Chain = IIC_Start &rArr; SDA_OUT &rArr; GPIO_Init
</UL>
<BR>[Calls]<UL><LI><a href="#[b4]">&gt;&gt;</a>&nbsp;&nbsp;&nbsp;SDA_OUT
<LI><a href="#[ab]">&gt;&gt;</a>&nbsp;&nbsp;&nbsp;delay_us
</UL>
<BR>[Called By]<UL><LI><a href="#[99]">&gt;&gt;</a>&nbsp;&nbsp;&nbsp;AT24C02_WriteByte
<LI><a href="#[97]">&gt;&gt;</a>&nbsp;&nbsp;&nbsp;AT24C02_WriteBlockData
<LI><a href="#[94]">&gt;&gt;</a>&nbsp;&nbsp;&nbsp;AT24C02_ReadByte
<LI><a href="#[8e]">&gt;&gt;</a>&nbsp;&nbsp;&nbsp;AT24C02_ReadBlockData
</UL>

<P><STRONG><a name="[93]"></a>IIC_Stop</STRONG> (Thumb, 40 bytes, Stack size 8 bytes, iic.o(i.IIC_Stop))
<BR><BR>[Stack]<UL><LI>Max Depth = 40<LI>Call Chain = IIC_Stop &rArr; SDA_OUT &rArr; GPIO_Init
</UL>
<BR>[Calls]<UL><LI><a href="#[b4]">&gt;&gt;</a>&nbsp;&nbsp;&nbsp;SDA_OUT
<LI><a href="#[ab]">&gt;&gt;</a>&nbsp;&nbsp;&nbsp;delay_us
</UL>
<BR>[Called By]<UL><LI><a href="#[91]">&gt;&gt;</a>&nbsp;&nbsp;&nbsp;IIC_Wait_Ack
<LI><a href="#[99]">&gt;&gt;</a>&nbsp;&nbsp;&nbsp;AT24C02_WriteByte
<LI><a href="#[97]">&gt;&gt;</a>&nbsp;&nbsp;&nbsp;AT24C02_WriteBlockData
<LI><a href="#[94]">&gt;&gt;</a>&nbsp;&nbsp;&nbsp;AT24C02_ReadByte
<LI><a href="#[8e]">&gt;&gt;</a>&nbsp;&nbsp;&nbsp;AT24C02_ReadBlockData
</UL>

<P><STRONG><a name="[91]"></a>IIC_Wait_Ack</STRONG> (Thumb, 76 bytes, Stack size 8 bytes, iic.o(i.IIC_Wait_Ack))
<BR><BR>[Stack]<UL><LI>Max Depth = 48<LI>Call Chain = IIC_Wait_Ack &rArr; IIC_Stop &rArr; SDA_OUT &rArr; GPIO_Init
</UL>
<BR>[Calls]<UL><LI><a href="#[b6]">&gt;&gt;</a>&nbsp;&nbsp;&nbsp;SDA_IN
<LI><a href="#[93]">&gt;&gt;</a>&nbsp;&nbsp;&nbsp;IIC_Stop
<LI><a href="#[ab]">&gt;&gt;</a>&nbsp;&nbsp;&nbsp;delay_us
<LI><a href="#[96]">&gt;&gt;</a>&nbsp;&nbsp;&nbsp;__2printf
</UL>
<BR>[Called By]<UL><LI><a href="#[99]">&gt;&gt;</a>&nbsp;&nbsp;&nbsp;AT24C02_WriteByte
<LI><a href="#[97]">&gt;&gt;</a>&nbsp;&nbsp;&nbsp;AT24C02_WriteBlockData
<LI><a href="#[94]">&gt;&gt;</a>&nbsp;&nbsp;&nbsp;AT24C02_ReadByte
<LI><a href="#[8e]">&gt;&gt;</a>&nbsp;&nbsp;&nbsp;AT24C02_ReadBlockData
</UL>

<P><STRONG><a name="[4]"></a>KEY_Init</STRONG> (Thumb, 64 bytes, Stack size 8 bytes, key.o(i.KEY_Init))
<BR><BR>[Stack]<UL><LI>Max Depth = 32<LI>Call Chain = KEY_Init &rArr; GPIO_Init
</UL>
<BR>[Calls]<UL><LI><a href="#[9d]">&gt;&gt;</a>&nbsp;&nbsp;&nbsp;RCC_APB2PeriphClockCmd
<LI><a href="#[9e]">&gt;&gt;</a>&nbsp;&nbsp;&nbsp;GPIO_Init
</UL>
<BR>[Address Reference Count : 1]<UL><LI> init.o(.data)
</UL>
<P><STRONG><a name="[b7]"></a>KEY_Scan</STRONG> (Thumb, 110 bytes, Stack size 8 bytes, key.o(i.KEY_Scan))
<BR><BR>[Stack]<UL><LI>Max Depth = 8<LI>Call Chain = KEY_Scan
</UL>
<BR>[Calls]<UL><LI><a href="#[98]">&gt;&gt;</a>&nbsp;&nbsp;&nbsp;delay_ms
</UL>
<BR>[Called By]<UL><LI><a href="#[109]">&gt;&gt;</a>&nbsp;&nbsp;&nbsp;show_main_menu
<LI><a href="#[10b]">&gt;&gt;</a>&nbsp;&nbsp;&nbsp;show_led_ctrl_menu
<LI><a href="#[10a]">&gt;&gt;</a>&nbsp;&nbsp;&nbsp;show_get_temp_menu
<LI><a href="#[10c]">&gt;&gt;</a>&nbsp;&nbsp;&nbsp;show_beep_ctrl_menu
<LI><a href="#[26]">&gt;&gt;</a>&nbsp;&nbsp;&nbsp;PWM_Test
<LI><a href="#[25]">&gt;&gt;</a>&nbsp;&nbsp;&nbsp;OLED_Test
</UL>

<P><STRONG><a name="[1]"></a>LED_Init</STRONG> (Thumb, 80 bytes, Stack size 8 bytes, led.o(i.LED_Init))
<BR><BR>[Stack]<UL><LI>Max Depth = 32<LI>Call Chain = LED_Init &rArr; GPIO_Init
</UL>
<BR>[Calls]<UL><LI><a href="#[9d]">&gt;&gt;</a>&nbsp;&nbsp;&nbsp;RCC_APB2PeriphClockCmd
<LI><a href="#[a0]">&gt;&gt;</a>&nbsp;&nbsp;&nbsp;GPIO_SetBits
<LI><a href="#[9e]">&gt;&gt;</a>&nbsp;&nbsp;&nbsp;GPIO_Init
</UL>
<BR>[Address Reference Count : 1]<UL><LI> init.o(.data)
</UL>
<P><STRONG><a name="[12]"></a>LED_Off</STRONG> (Thumb, 20 bytes, Stack size 8 bytes, led.o(i.LED_Off))
<BR><BR>[Stack]<UL><LI>Max Depth = 8<LI>Call Chain = LED_Off
</UL>
<BR>[Calls]<UL><LI><a href="#[a0]">&gt;&gt;</a>&nbsp;&nbsp;&nbsp;GPIO_SetBits
</UL>
<BR>[Address Reference Count : 1]<UL><LI> cmd.o(.data)
</UL>
<P><STRONG><a name="[11]"></a>LED_On</STRONG> (Thumb, 20 bytes, Stack size 8 bytes, led.o(i.LED_On))
<BR><BR>[Stack]<UL><LI>Max Depth = 8<LI>Call Chain = LED_On
</UL>
<BR>[Calls]<UL><LI><a href="#[9f]">&gt;&gt;</a>&nbsp;&nbsp;&nbsp;GPIO_ResetBits
</UL>
<BR>[Address Reference Count : 1]<UL><LI> cmd.o(.data)
</UL>
<P><STRONG><a name="[b8]"></a>MQTT_ConnectPack</STRONG> (Thumb, 514 bytes, Stack size 16 bytes, mqtt.o(i.MQTT_ConnectPack))
<BR><BR>[Stack]<UL><LI>Max Depth = 16<LI>Call Chain = MQTT_ConnectPack
</UL>
<BR>[Calls]<UL><LI><a href="#[b9]">&gt;&gt;</a>&nbsp;&nbsp;&nbsp;__aeabi_memcpy
</UL>
<BR>[Called By]<UL><LI><a href="#[20]">&gt;&gt;</a>&nbsp;&nbsp;&nbsp;MQTT_Connect_Cmd
</UL>

<P><STRONG><a name="[20]"></a>MQTT_Connect_Cmd</STRONG> (Thumb, 42 bytes, Stack size 8 bytes, mqtt.o(i.MQTT_Connect_Cmd))
<BR><BR>[Stack]<UL><LI>Max Depth = 32<LI>Call Chain = MQTT_Connect_Cmd &rArr; __2printf
</UL>
<BR>[Calls]<UL><LI><a href="#[b8]">&gt;&gt;</a>&nbsp;&nbsp;&nbsp;MQTT_ConnectPack
<LI><a href="#[ba]">&gt;&gt;</a>&nbsp;&nbsp;&nbsp;UART3_TxData
<LI><a href="#[98]">&gt;&gt;</a>&nbsp;&nbsp;&nbsp;delay_ms
<LI><a href="#[96]">&gt;&gt;</a>&nbsp;&nbsp;&nbsp;__2printf
</UL>
<BR>[Called By]<UL><LI><a href="#[24]">&gt;&gt;</a>&nbsp;&nbsp;&nbsp;EHOME_Run
</UL>
<BR>[Address Reference Count : 1]<UL><LI> cmd.o(.data)
</UL>
<P><STRONG><a name="[bb]"></a>MQTT_PingREQ</STRONG> (Thumb, 36 bytes, Stack size 8 bytes, mqtt.o(i.MQTT_PingREQ))
<BR><BR>[Stack]<UL><LI>Max Depth = 8<LI>Call Chain = MQTT_PingREQ
</UL>
<BR>[Calls]<UL><LI><a href="#[b9]">&gt;&gt;</a>&nbsp;&nbsp;&nbsp;__aeabi_memcpy
</UL>
<BR>[Called By]<UL><LI><a href="#[23]">&gt;&gt;</a>&nbsp;&nbsp;&nbsp;MQTT_Ping_Cmd
</UL>

<P><STRONG><a name="[23]"></a>MQTT_Ping_Cmd</STRONG> (Thumb, 14 bytes, Stack size 8 bytes, mqtt.o(i.MQTT_Ping_Cmd))
<BR><BR>[Stack]<UL><LI>Max Depth = 24<LI>Call Chain = MQTT_Ping_Cmd &rArr; UART3_TxData
</UL>
<BR>[Calls]<UL><LI><a href="#[bb]">&gt;&gt;</a>&nbsp;&nbsp;&nbsp;MQTT_PingREQ
<LI><a href="#[ba]">&gt;&gt;</a>&nbsp;&nbsp;&nbsp;UART3_TxData
</UL>
<BR>[Address Reference Count : 1]<UL><LI> cmd.o(.data)
</UL>
<P><STRONG><a name="[bc]"></a>MQTT_Publish</STRONG> (Thumb, 236 bytes, Stack size 32 bytes, mqtt.o(i.MQTT_Publish))
<BR><BR>[Stack]<UL><LI>Max Depth = 32<LI>Call Chain = MQTT_Publish
</UL>
<BR>[Calls]<UL><LI><a href="#[9b]">&gt;&gt;</a>&nbsp;&nbsp;&nbsp;strlen
<LI><a href="#[b9]">&gt;&gt;</a>&nbsp;&nbsp;&nbsp;__aeabi_memcpy
</UL>
<BR>[Called By]<UL><LI><a href="#[ae]">&gt;&gt;</a>&nbsp;&nbsp;&nbsp;MQTT_PublishLedState_Cmd
<LI><a href="#[af]">&gt;&gt;</a>&nbsp;&nbsp;&nbsp;MQTT_PublishBeepState_Cmd
<LI><a href="#[22]">&gt;&gt;</a>&nbsp;&nbsp;&nbsp;MQTT_PublishTemp_Cmd
</UL>

<P><STRONG><a name="[af]"></a>MQTT_PublishBeepState_Cmd</STRONG> (Thumb, 44 bytes, Stack size 264 bytes, mqtt.o(i.MQTT_PublishBeepState_Cmd))
<BR><BR>[Stack]<UL><LI>Max Depth = 296<LI>Call Chain = MQTT_PublishBeepState_Cmd &rArr; MQTT_Publish
</UL>
<BR>[Calls]<UL><LI><a href="#[9b]">&gt;&gt;</a>&nbsp;&nbsp;&nbsp;strlen
<LI><a href="#[bc]">&gt;&gt;</a>&nbsp;&nbsp;&nbsp;MQTT_Publish
<LI><a href="#[ba]">&gt;&gt;</a>&nbsp;&nbsp;&nbsp;UART3_TxData
<LI><a href="#[9a]">&gt;&gt;</a>&nbsp;&nbsp;&nbsp;__2sprintf
</UL>
<BR>[Called By]<UL><LI><a href="#[24]">&gt;&gt;</a>&nbsp;&nbsp;&nbsp;EHOME_Run
</UL>

<P><STRONG><a name="[ae]"></a>MQTT_PublishLedState_Cmd</STRONG> (Thumb, 68 bytes, Stack size 264 bytes, mqtt.o(i.MQTT_PublishLedState_Cmd))
<BR><BR>[Stack]<UL><LI>Max Depth = 296<LI>Call Chain = MQTT_PublishLedState_Cmd &rArr; MQTT_Publish
</UL>
<BR>[Calls]<UL><LI><a href="#[9b]">&gt;&gt;</a>&nbsp;&nbsp;&nbsp;strlen
<LI><a href="#[bc]">&gt;&gt;</a>&nbsp;&nbsp;&nbsp;MQTT_Publish
<LI><a href="#[ba]">&gt;&gt;</a>&nbsp;&nbsp;&nbsp;UART3_TxData
<LI><a href="#[9a]">&gt;&gt;</a>&nbsp;&nbsp;&nbsp;__2sprintf
</UL>
<BR>[Called By]<UL><LI><a href="#[24]">&gt;&gt;</a>&nbsp;&nbsp;&nbsp;EHOME_Run
</UL>

<P><STRONG><a name="[22]"></a>MQTT_PublishTemp_Cmd</STRONG> (Thumb, 66 bytes, Stack size 272 bytes, mqtt.o(i.MQTT_PublishTemp_Cmd))
<BR><BR>[Stack]<UL><LI>Max Depth = 400<LI>Call Chain = MQTT_PublishTemp_Cmd &rArr; DS18B20_GetTemperture &rArr; __aeabi_dmul &rArr; _double_epilogue &rArr; _double_round
</UL>
<BR>[Calls]<UL><LI><a href="#[9b]">&gt;&gt;</a>&nbsp;&nbsp;&nbsp;strlen
<LI><a href="#[bd]">&gt;&gt;</a>&nbsp;&nbsp;&nbsp;__aeabi_f2uiz
<LI><a href="#[bc]">&gt;&gt;</a>&nbsp;&nbsp;&nbsp;MQTT_Publish
<LI><a href="#[ba]">&gt;&gt;</a>&nbsp;&nbsp;&nbsp;UART3_TxData
<LI><a href="#[a4]">&gt;&gt;</a>&nbsp;&nbsp;&nbsp;DS18B20_GetTemperture
<LI><a href="#[9a]">&gt;&gt;</a>&nbsp;&nbsp;&nbsp;__2sprintf
<LI><a href="#[96]">&gt;&gt;</a>&nbsp;&nbsp;&nbsp;__2printf
</UL>
<BR>[Address Reference Count : 1]<UL><LI> cmd.o(.data)
</UL>
<P><STRONG><a name="[21]"></a>MQTT_Sub_Cmd</STRONG> (Thumb, 48 bytes, Stack size 8 bytes, mqtt.o(i.MQTT_Sub_Cmd))
<BR><BR>[Stack]<UL><LI>Max Depth = 40<LI>Call Chain = MQTT_Sub_Cmd &rArr; MQTT_Subscribe
</UL>
<BR>[Calls]<UL><LI><a href="#[be]">&gt;&gt;</a>&nbsp;&nbsp;&nbsp;MQTT_Subscribe
<LI><a href="#[ba]">&gt;&gt;</a>&nbsp;&nbsp;&nbsp;UART3_TxData
<LI><a href="#[98]">&gt;&gt;</a>&nbsp;&nbsp;&nbsp;delay_ms
<LI><a href="#[96]">&gt;&gt;</a>&nbsp;&nbsp;&nbsp;__2printf
</UL>
<BR>[Called By]<UL><LI><a href="#[24]">&gt;&gt;</a>&nbsp;&nbsp;&nbsp;EHOME_Run
</UL>
<BR>[Address Reference Count : 1]<UL><LI> cmd.o(.data)
</UL>
<P><STRONG><a name="[be]"></a>MQTT_Subscribe</STRONG> (Thumb, 244 bytes, Stack size 32 bytes, mqtt.o(i.MQTT_Subscribe))
<BR><BR>[Stack]<UL><LI>Max Depth = 32<LI>Call Chain = MQTT_Subscribe
</UL>
<BR>[Calls]<UL><LI><a href="#[9b]">&gt;&gt;</a>&nbsp;&nbsp;&nbsp;strlen
<LI><a href="#[b9]">&gt;&gt;</a>&nbsp;&nbsp;&nbsp;__aeabi_memcpy
</UL>
<BR>[Called By]<UL><LI><a href="#[21]">&gt;&gt;</a>&nbsp;&nbsp;&nbsp;MQTT_Sub_Cmd
</UL>

<P><STRONG><a name="[2f]"></a>MemManage_Handler</STRONG> (Thumb, 4 bytes, Stack size 0 bytes, stm32f10x_it.o(i.MemManage_Handler))
<BR>[Address Reference Count : 1]<UL><LI> startup_stm32f10x_hd.o(RESET)
</UL>
<P><STRONG><a name="[2a]"></a>Modbus_03_Master</STRONG> (Thumb, 88 bytes, Stack size 0 bytes, modbus.o(i.Modbus_03_Master))
<BR><BR>[Stack]<UL><LI>Max Depth = 96<LI>Call Chain = Modbus_03_Master &rArr; Modbus_Handle_Master &rArr; __aeabi_i2d &rArr; _double_epilogue &rArr; _double_round
</UL>
<BR>[Calls]<UL><LI><a href="#[c1]">&gt;&gt;</a>&nbsp;&nbsp;&nbsp;Modbus_Handle_Master
<LI><a href="#[bf]">&gt;&gt;</a>&nbsp;&nbsp;&nbsp;Get_CRC16
<LI><a href="#[c0]">&gt;&gt;</a>&nbsp;&nbsp;&nbsp;UART2_TxData
<LI><a href="#[98]">&gt;&gt;</a>&nbsp;&nbsp;&nbsp;delay_ms
</UL>
<BR>[Address Reference Count : 1]<UL><LI> cmd.o(.data)
</UL>
<P><STRONG><a name="[2b]"></a>Modbus_06_Master</STRONG> (Thumb, 76 bytes, Stack size 8 bytes, modbus.o(i.Modbus_06_Master))
<BR><BR>[Stack]<UL><LI>Max Depth = 104<LI>Call Chain = Modbus_06_Master &rArr; Modbus_Handle_Master &rArr; __aeabi_i2d &rArr; _double_epilogue &rArr; _double_round
</UL>
<BR>[Calls]<UL><LI><a href="#[c1]">&gt;&gt;</a>&nbsp;&nbsp;&nbsp;Modbus_Handle_Master
<LI><a href="#[bf]">&gt;&gt;</a>&nbsp;&nbsp;&nbsp;Get_CRC16
<LI><a href="#[c0]">&gt;&gt;</a>&nbsp;&nbsp;&nbsp;UART2_TxData
</UL>
<BR>[Address Reference Count : 1]<UL><LI> cmd.o(.data)
</UL>
<P><STRONG><a name="[c1]"></a>Modbus_Handle_Master</STRONG> (Thumb, 168 bytes, Stack size 40 bytes, modbus.o(i.Modbus_Handle_Master))
<BR><BR>[Stack]<UL><LI>Max Depth = 96<LI>Call Chain = Modbus_Handle_Master &rArr; __aeabi_i2d &rArr; _double_epilogue &rArr; _double_round
</UL>
<BR>[Calls]<UL><LI><a href="#[80]">&gt;&gt;</a>&nbsp;&nbsp;&nbsp;__aeabi_i2d
<LI><a href="#[7e]">&gt;&gt;</a>&nbsp;&nbsp;&nbsp;__aeabi_ddiv
<LI><a href="#[ad]">&gt;&gt;</a>&nbsp;&nbsp;&nbsp;__aeabi_f2d
<LI><a href="#[82]">&gt;&gt;</a>&nbsp;&nbsp;&nbsp;__aeabi_d2f
<LI><a href="#[96]">&gt;&gt;</a>&nbsp;&nbsp;&nbsp;__2printf
</UL>
<BR>[Called By]<UL><LI><a href="#[2b]">&gt;&gt;</a>&nbsp;&nbsp;&nbsp;Modbus_06_Master
<LI><a href="#[2a]">&gt;&gt;</a>&nbsp;&nbsp;&nbsp;Modbus_03_Master
</UL>

<P><STRONG><a name="[5]"></a>My_EXTI_Init</STRONG> (Thumb, 180 bytes, Stack size 16 bytes, exti.o(i.My_EXTI_Init))
[...]
<BR><BR>[Stack]<UL><LI>Max Depth = 56<LI>Call Chain = WIFI_JoinAP &rArr; UART3_Puts &rArr; vsprintf
</UL>
<BR>[Calls]<UL><LI><a href="#[fb]">&gt;&gt;</a>&nbsp;&nbsp;&nbsp;strstr
<LI><a href="#[79]">&gt;&gt;</a>&nbsp;&nbsp;&nbsp;__aeabi_memclr
<LI><a href="#[e9]">&gt;&gt;</a>&nbsp;&nbsp;&nbsp;UART3_Puts
<LI><a href="#[98]">&gt;&gt;</a>&nbsp;&nbsp;&nbsp;delay_ms
<LI><a href="#[96]">&gt;&gt;</a>&nbsp;&nbsp;&nbsp;__2printf
</UL>
<BR>[Called By]<UL><LI><a href="#[f6]">&gt;&gt;</a>&nbsp;&nbsp;&nbsp;WIFI_Connect_IOTServer
</UL>

<P><STRONG><a name="[f7]"></a>WIFI_Reset</STRONG> (Thumb, 82 bytes, Stack size 8 bytes, esp8266.o(i.WIFI_Reset))
<BR><BR>[Stack]<UL><LI>Max Depth = 32<LI>Call Chain = WIFI_Reset &rArr; __2printf
</UL>
<BR>[Calls]<UL><LI><a href="#[fb]">&gt;&gt;</a>&nbsp;&nbsp;&nbsp;strstr
<LI><a href="#[98]">&gt;&gt;</a>&nbsp;&nbsp;&nbsp;delay_ms
<LI><a href="#[96]">&gt;&gt;</a>&nbsp;&nbsp;&nbsp;__2printf
</UL>
<BR>[Called By]<UL><LI><a href="#[f6]">&gt;&gt;</a>&nbsp;&nbsp;&nbsp;WIFI_Connect_IOTServer
</UL>

<P><STRONG><a name="[a]"></a>WIFI_ResetIO_Init</STRONG> (Thumb, 62 bytes, Stack size 8 bytes, esp8266.o(i.WIFI_ResetIO_Init))
<BR><BR>[Stack]<UL><LI>Max Depth = 32<LI>Call Chain = WIFI_ResetIO_Init &rArr; GPIO_Init
</UL>
<BR>[Calls]<UL><LI><a href="#[9d]">&gt;&gt;</a>&nbsp;&nbsp;&nbsp;RCC_APB2PeriphClockCmd
<LI><a href="#[d5]">&gt;&gt;</a>&nbsp;&nbsp;&nbsp;GPIO_PinRemapConfig
<LI><a href="#[9e]">&gt;&gt;</a>&nbsp;&nbsp;&nbsp;GPIO_Init
</UL>
<BR>[Address Reference Count : 1]<UL><LI> init.o(.data)
</UL>
<P><STRONG><a name="[f8]"></a>WIFI_SendCmd</STRONG> (Thumb, 86 bytes, Stack size 16 bytes, esp8266.o(i.WIFI_SendCmd))
<BR><BR>[Stack]<UL><LI>Max Depth = 64<LI>Call Chain = WIFI_SendCmd &rArr; UART3_Puts &rArr; vsprintf
</UL>
<BR>[Calls]<UL><LI><a href="#[fb]">&gt;&gt;</a>&nbsp;&nbsp;&nbsp;strstr
<LI><a href="#[79]">&gt;&gt;</a>&nbsp;&nbsp;&nbsp;__aeabi_memclr
<LI><a href="#[e9]">&gt;&gt;</a>&nbsp;&nbsp;&nbsp;UART3_Puts
<LI><a href="#[98]">&gt;&gt;</a>&nbsp;&nbsp;&nbsp;delay_ms
<LI><a href="#[96]">&gt;&gt;</a>&nbsp;&nbsp;&nbsp;__2printf
</UL>
<BR>[Called By]<UL><LI><a href="#[f6]">&gt;&gt;</a>&nbsp;&nbsp;&nbsp;WIFI_Connect_IOTServer
</UL>

<P><STRONG><a name="[1f]"></a>WIFI_Send_Data</STRONG> (Thumb, 14 bytes, Stack size 8 bytes, esp8266.o(i.WIFI_Send_Data))
<BR><BR>[Stack]<UL><LI>Max Depth = 56<LI>Call Chain = WIFI_Send_Data &rArr; UART3_Puts &rArr; vsprintf
</UL>
<BR>[Calls]<UL><LI><a href="#[e9]">&gt;&gt;</a>&nbsp;&nbsp;&nbsp;UART3_Puts
</UL>
<BR>[Address Reference Count : 1]<UL><LI> cmd.o(.data)
</UL>
<P><STRONG><a name="[28]"></a>X6818_TCPTest</STRONG> (Thumb, 2 bytes, Stack size 0 bytes, esp8266.o(i.X6818_TCPTest))
<BR>[Address Reference Count : 1]<UL><LI> cmd.o(.data)
</UL>
<P><STRONG><a name="[fc]"></a>__0printf</STRONG> (Thumb, 22 bytes, Stack size 24 bytes, printfa.o(i.__0printf), UNUSED)
<BR><BR>[Calls]<UL><LI><a href="#[fd]">&gt;&gt;</a>&nbsp;&nbsp;&nbsp;_printf_core
</UL>

<P><STRONG><a name="[128]"></a>__1printf</STRONG> (Thumb, 0 bytes, Stack size 24 bytes, printfa.o(i.__0printf), UNUSED)

<P><STRONG><a name="[96]"></a>__2printf</STRONG> (Thumb, 0 bytes, Stack size 24 bytes, printfa.o(i.__0printf))
<BR><BR>[Stack]<UL><LI>Max Depth = 24<LI>Call Chain = __2printf
</UL>
<BR>[Called By]<UL><LI><a href="#[72]">&gt;&gt;</a>&nbsp;&nbsp;&nbsp;main
<LI><a href="#[c1]">&gt;&gt;</a>&nbsp;&nbsp;&nbsp;Modbus_Handle_Master
<LI><a href="#[f8]">&gt;&gt;</a>&nbsp;&nbsp;&nbsp;WIFI_SendCmd
<LI><a href="#[f7]">&gt;&gt;</a>&nbsp;&nbsp;&nbsp;WIFI_Reset
<LI><a href="#[f9]">&gt;&gt;</a>&nbsp;&nbsp;&nbsp;WIFI_JoinAP
<LI><a href="#[fa]">&gt;&gt;</a>&nbsp;&nbsp;&nbsp;WIFI_Connect_Server
<LI><a href="#[f6]">&gt;&gt;</a>&nbsp;&nbsp;&nbsp;WIFI_Connect_IOTServer
<LI><a href="#[a5]">&gt;&gt;</a>&nbsp;&nbsp;&nbsp;DS18B20_Reset
<LI><a href="#[91]">&gt;&gt;</a>&nbsp;&nbsp;&nbsp;IIC_Wait_Ack
<LI><a href="#[1b]">&gt;&gt;</a>&nbsp;&nbsp;&nbsp;UART1DMA_Tx_Test
<LI><a href="#[26]">&gt;&gt;</a>&nbsp;&nbsp;&nbsp;PWM_Test
<LI><a href="#[21]">&gt;&gt;</a>&nbsp;&nbsp;&nbsp;MQTT_Sub_Cmd
<LI><a href="#[22]">&gt;&gt;</a>&nbsp;&nbsp;&nbsp;MQTT_PublishTemp_Cmd
<LI><a href="#[20]">&gt;&gt;</a>&nbsp;&nbsp;&nbsp;MQTT_Connect_Cmd
<LI><a href="#[19]">&gt;&gt;</a>&nbsp;&nbsp;&nbsp;DS18B20_Test
<LI><a href="#[1a]">&gt;&gt;</a>&nbsp;&nbsp;&nbsp;DS18B20_ReadRom
<LI><a href="#[15]">&gt;&gt;</a>&nbsp;&nbsp;&nbsp;AT24C02_ReadOne
<LI><a href="#[17]">&gt;&gt;</a>&nbsp;&nbsp;&nbsp;AT24C02_ReadMul
<LI><a href="#[b]">&gt;&gt;</a>&nbsp;&nbsp;&nbsp;AliIoT_Parameter_Init
</UL>

<P><STRONG><a name="[129]"></a>__c89printf</STRONG> (Thumb, 0 bytes, Stack size 24 bytes, printfa.o(i.__0printf), UNUSED)

<P><STRONG><a name="[12a]"></a>printf</STRONG> (Thumb, 0 bytes, Stack size 24 bytes, printfa.o(i.__0printf), UNUSED)

<P><STRONG><a name="[fe]"></a>__0sprintf</STRONG> (Thumb, 34 bytes, Stack size 24 bytes, printfa.o(i.__0sprintf), UNUSED)
<BR><BR>[Calls]<UL><LI><a href="#[76]">&gt;&gt;</a>&nbsp;&nbsp;&nbsp;_sputc
<LI><a href="#[fd]">&gt;&gt;</a>&nbsp;&nbsp;&nbsp;_printf_core
</UL>

<P><STRONG><a name="[12b]"></a>__1sprintf</STRONG> (Thumb, 0 bytes, Stack size 24 bytes, printfa.o(i.__0sprintf), UNUSED)

<P><STRONG><a name="[9a]"></a>__2sprintf</STRONG> (Thumb, 0 bytes, Stack size 24 bytes, printfa.o(i.__0sprintf))
<BR><BR>[Stack]<UL><LI>Max Depth = 24<LI>Call Chain = __2sprintf
</UL>
<BR>[Called By]<UL><LI><a href="#[53]">&gt;&gt;</a>&nbsp;&nbsp;&nbsp;TIM3_IRQHandler
<LI><a href="#[ae]">&gt;&gt;</a>&nbsp;&nbsp;&nbsp;MQTT_PublishLedState_Cmd
<LI><a href="#[af]">&gt;&gt;</a>&nbsp;&nbsp;&nbsp;MQTT_PublishBeepState_Cmd
<LI><a href="#[22]">&gt;&gt;</a>&nbsp;&nbsp;&nbsp;MQTT_PublishTemp_Cmd
<LI><a href="#[b]">&gt;&gt;</a>&nbsp;&nbsp;&nbsp;AliIoT_Parameter_Init
</UL>

<P><STRONG><a name="[12c]"></a>__c89sprintf</STRONG> (Thumb, 0 bytes, Stack size 24 bytes, printfa.o(i.__0sprintf), UNUSED)

<P><STRONG><a name="[12d]"></a>sprintf</STRONG> (Thumb, 0 bytes, Stack size 24 bytes, printfa.o(i.__0sprintf), UNUSED)

<P><STRONG><a name="[ff]"></a>__0vsprintf</STRONG> (Thumb, 30 bytes, Stack size 24 bytes, printfa.o(i.__0vsprintf), UNUSED)
<BR><BR>[Calls]<UL><LI><a href="#[76]">&gt;&gt;</a>&nbsp;&nbsp;&nbsp;_sputc
<LI><a href="#[fd]">&gt;&gt;</a>&nbsp;&nbsp;&nbsp;_printf_core
</UL>

<P><STRONG><a name="[12e]"></a>__1vsprintf</STRONG> (Thumb, 0 bytes, Stack size 24 bytes, printfa.o(i.__0vsprintf), UNUSED)

<P><STRONG><a name="[12f]"></a>__2vsprintf</STRONG> (Thumb, 0 bytes, Stack size 24 bytes, printfa.o(i.__0vsprintf), UNUSED)

<P><STRONG><a name="[130]"></a>__c89vsprintf</STRONG> (Thumb, 0 bytes, Stack size 24 bytes, printfa.o(i.__0vsprintf), UNUSED)

<P><STRONG><a name="[ea]"></a>vsprintf</STRONG> (Thumb, 0 bytes, Stack size 24 bytes, printfa.o(i.__0vsprintf))
<BR><BR>[Stack]<UL><LI>Max Depth = 24<LI>Call Chain = vsprintf
</UL>
<BR>[Called By]<UL><LI><a href="#[e9]">&gt;&gt;</a>&nbsp;&nbsp;&nbsp;UART3_Puts
</UL>

<P><STRONG><a name="[131]"></a>__scatterload_copy</STRONG> (Thumb, 14 bytes, Stack size unknown bytes, handlers.o(i.__scatterload_copy), UNUSED)

<P><STRONG><a name="[132]"></a>__scatterload_null</STRONG> (Thumb, 2 bytes, Stack size unknown bytes, handlers.o(i.__scatterload_null), UNUSED)

<P><STRONG><a name="[133]"></a>__scatterload_zeroinit</STRONG> (Thumb, 14 bytes, Stack size unknown bytes, handlers.o(i.__scatterload_zeroinit), UNUSED)

<P><STRONG><a name="[98]"></a>delay_ms</STRONG> (Thumb, 72 bytes, Stack size 0 bytes, systick.o(i.delay_ms))
<BR><BR>[Called By]<UL><LI><a href="#[c0]">&gt;&gt;</a>&nbsp;&nbsp;&nbsp;UART2_TxData
<LI><a href="#[f8]">&gt;&gt;</a>&nbsp;&nbsp;&nbsp;WIFI_SendCmd
<LI><a href="#[f7]">&gt;&gt;</a>&nbsp;&nbsp;&nbsp;WIFI_Reset
<LI><a href="#[f9]">&gt;&gt;</a>&nbsp;&nbsp;&nbsp;WIFI_JoinAP
<LI><a href="#[fa]">&gt;&gt;</a>&nbsp;&nbsp;&nbsp;WIFI_Connect_Server
<LI><a href="#[f6]">&gt;&gt;</a>&nbsp;&nbsp;&nbsp;WIFI_Connect_IOTServer
<LI><a href="#[99]">&gt;&gt;</a>&nbsp;&nbsp;&nbsp;AT24C02_WriteByte
<LI><a href="#[97]">&gt;&gt;</a>&nbsp;&nbsp;&nbsp;AT24C02_WriteBlockData
<LI><a href="#[1b]">&gt;&gt;</a>&nbsp;&nbsp;&nbsp;UART1DMA_Tx_Test
<LI><a href="#[27]">&gt;&gt;</a>&nbsp;&nbsp;&nbsp;SERVO_Test
<LI><a href="#[26]">&gt;&gt;</a>&nbsp;&nbsp;&nbsp;PWM_Test
<LI><a href="#[2a]">&gt;&gt;</a>&nbsp;&nbsp;&nbsp;Modbus_03_Master
<LI><a href="#[21]">&gt;&gt;</a>&nbsp;&nbsp;&nbsp;MQTT_Sub_Cmd
<LI><a href="#[20]">&gt;&gt;</a>&nbsp;&nbsp;&nbsp;MQTT_Connect_Cmd
<LI><a href="#[24]">&gt;&gt;</a>&nbsp;&nbsp;&nbsp;EHOME_Run
<LI><a href="#[c]">&gt;&gt;</a>&nbsp;&nbsp;&nbsp;OLED_Init
<LI><a href="#[40]">&gt;&gt;</a>&nbsp;&nbsp;&nbsp;EXTI4_IRQHandler
<LI><a href="#[3f]">&gt;&gt;</a>&nbsp;&nbsp;&nbsp;EXTI3_IRQHandler
<LI><a href="#[3c]">&gt;&gt;</a>&nbsp;&nbsp;&nbsp;EXTI0_IRQHandler
<LI><a href="#[b7]">&gt;&gt;</a>&nbsp;&nbsp;&nbsp;KEY_Scan
</UL>

<P><STRONG><a name="[ab]"></a>delay_us</STRONG> (Thumb, 72 bytes, Stack size 0 bytes, systick.o(i.delay_us))
<BR><BR>[Called By]<UL><LI><a href="#[a7]">&gt;&gt;</a>&nbsp;&nbsp;&nbsp;DS18B20_Write_Byte
<LI><a href="#[a5]">&gt;&gt;</a>&nbsp;&nbsp;&nbsp;DS18B20_Reset
<LI><a href="#[a8]">&gt;&gt;</a>&nbsp;&nbsp;&nbsp;DS18B20_Read_Byte
<LI><a href="#[b5]">&gt;&gt;</a>&nbsp;&nbsp;&nbsp;IIC_NAck
<LI><a href="#[b3]">&gt;&gt;</a>&nbsp;&nbsp;&nbsp;IIC_Ack
<LI><a href="#[91]">&gt;&gt;</a>&nbsp;&nbsp;&nbsp;IIC_Wait_Ack
<LI><a href="#[93]">&gt;&gt;</a>&nbsp;&nbsp;&nbsp;IIC_Stop
<LI><a href="#[8f]">&gt;&gt;</a>&nbsp;&nbsp;&nbsp;IIC_Start
<LI><a href="#[90]">&gt;&gt;</a>&nbsp;&nbsp;&nbsp;IIC_Send_Byte
<LI><a href="#[92]">&gt;&gt;</a>&nbsp;&nbsp;&nbsp;IIC_Read_Byte
</UL>

<P><STRONG><a name="[105]"></a>find_cmd</STRONG> (Thumb, 44 bytes, Stack size 16 bytes, cmd.o(i.find_cmd))
<BR><BR>[Stack]<UL><LI>Max Depth = 24<LI>Call Chain = find_cmd &rArr; strcmp
</UL>
<BR>[Calls]<UL><LI><a href="#[106]">&gt;&gt;</a>&nbsp;&nbsp;&nbsp;strcmp
</UL>
<BR>[Called By]<UL><LI><a href="#[72]">&gt;&gt;</a>&nbsp;&nbsp;&nbsp;main
</UL>

<P><STRONG><a name="[75]"></a>fputc</STRONG> (Thumb, 32 bytes, Stack size 16 bytes, uart.o(i.fputc))
<BR><BR>[Stack]<UL><LI>Max Depth = 16<LI>Call Chain = fputc
</UL>
<BR>[Calls]<UL><LI><a href="#[ed]">&gt;&gt;</a>&nbsp;&nbsp;&nbsp;USART_SendData
<LI><a href="#[ec]">&gt;&gt;</a>&nbsp;&nbsp;&nbsp;USART_GetFlagStatus
</UL>
<BR>[Address Reference Count : 1]<UL><LI> printfa.o(i.__0printf)
</UL>
<P><STRONG><a name="[72]"></a>main</STRONG> (Thumb, 70 bytes, Stack size 0 bytes, main.o(i.main))
<BR><BR>[Stack]<UL><LI>Max Depth = 24<LI>Call Chain = main &rArr; find_cmd &rArr; strcmp
</UL>
<BR>[Calls]<UL><LI><a href="#[105]">&gt;&gt;</a>&nbsp;&nbsp;&nbsp;find_cmd
<LI><a href="#[ee]">&gt;&gt;</a>&nbsp;&nbsp;&nbsp;UART_Puts
<LI><a href="#[108]">&gt;&gt;</a>&nbsp;&nbsp;&nbsp;NVIC_PriorityGroupConfig
<LI><a href="#[107]">&gt;&gt;</a>&nbsp;&nbsp;&nbsp;DEVICE_Init
<LI><a href="#[96]">&gt;&gt;</a>&nbsp;&nbsp;&nbsp;__2printf
</UL>
<BR>[Address Reference Count : 1]<UL><LI> entry9a.o(.ARM.Collect$$$$0000000B)
</UL>
<P><STRONG><a name="[cb]"></a>menu</STRONG> (Thumb, 38 bytes, Stack size 8 bytes, oled.o(i.menu))
<BR><BR>[Stack]<UL><LI>Max Depth = 84<LI>Call Chain = menu &rArr; show_main_menu &rArr; OLED_Draw_String &rArr; OLED_Draw_Char &rArr; OLED_Draw_Point &rArr; OLED_WR_Byte
</UL>
<BR>[Calls]<UL><LI><a href="#[109]">&gt;&gt;</a>&nbsp;&nbsp;&nbsp;show_main_menu
<LI><a href="#[10b]">&gt;&gt;</a>&nbsp;&nbsp;&nbsp;show_led_ctrl_menu
<LI><a href="#[10a]">&gt;&gt;</a>&nbsp;&nbsp;&nbsp;show_get_temp_menu
<LI><a href="#[10c]">&gt;&gt;</a>&nbsp;&nbsp;&nbsp;show_beep_ctrl_menu
</UL>
<BR>[Called By]<UL><LI><a href="#[10b]">&gt;&gt;</a>&nbsp;&nbsp;&nbsp;show_led_ctrl_menu
<LI><a href="#[10a]">&gt;&gt;</a>&nbsp;&nbsp;&nbsp;show_get_temp_menu
<LI><a href="#[10c]">&gt;&gt;</a>&nbsp;&nbsp;&nbsp;show_beep_ctrl_menu
<LI><a href="#[25]">&gt;&gt;</a>&nbsp;&nbsp;&nbsp;OLED_Test
</UL>

<P><STRONG><a name="[10c]"></a>show_beep_ctrl_menu</STRONG> (Thumb, 68 bytes, Stack size 0 bytes, oled.o(i.show_beep_ctrl_menu))
<BR><BR>[Stack]<UL><LI>Max Depth = 68 + In Cycle
<LI>Call Chain = show_beep_ctrl_menu &rArr;  menu (Cycle)
</UL>
<BR>[Calls]<UL><LI><a href="#[cb]">&gt;&gt;</a>&nbsp;&nbsp;&nbsp;menu
<LI><a href="#[c5]">&gt;&gt;</a>&nbsp;&nbsp;&nbsp;OLED_Clear
<LI><a href="#[ca]">&gt;&gt;</a>&nbsp;&nbsp;&nbsp;OLED_Draw_String
<LI><a href="#[b7]">&gt;&gt;</a>&nbsp;&nbsp;&nbsp;KEY_Scan
</UL>
<BR>[Called By]<UL><LI><a href="#[cb]">&gt;&gt;</a>&nbsp;&nbsp;&nbsp;menu
</UL>

<P><STRONG><a name="[10a]"></a>show_get_temp_menu</STRONG> (Thumb, 36 bytes, Stack size 0 bytes, oled.o(i.show_get_temp_menu))
<BR><BR>[Stack]<UL><LI>Max Depth = 24 + In Cycle
<LI>Call Chain = show_get_temp_menu &rArr;  menu (Cycle)
</UL>
<BR>[Calls]<UL><LI><a href="#[cb]">&gt;&gt;</a>&nbsp;&nbsp;&nbsp;menu
<LI><a href="#[c5]">&gt;&gt;</a>&nbsp;&nbsp;&nbsp;OLED_Clear
<LI><a href="#[b7]">&gt;&gt;</a>&nbsp;&nbsp;&nbsp;KEY_Scan
</UL>
<BR>[Called By]<UL><LI><a href="#[cb]">&gt;&gt;</a>&nbsp;&nbsp;&nbsp;menu
</UL>

<P><STRONG><a name="[10b]"></a>show_led_ctrl_menu</STRONG> (Thumb, 68 bytes, Stack size 0 bytes, oled.o(i.show_led_ctrl_menu))
<BR><BR>[Stack]<UL><LI>Max Depth = 68 + In Cycle
<LI>Call Chain = show_led_ctrl_menu &rArr;  menu (Cycle)
</UL>
<BR>[Calls]<UL><LI><a href="#[cb]">&gt;&gt;</a>&nbsp;&nbsp;&nbsp;menu
<LI><a href="#[c5]">&gt;&gt;</a>&nbsp;&nbsp;&nbsp;OLED_Clear
<LI><a href="#[ca]">&gt;&gt;</a>&nbsp;&nbsp;&nbsp;OLED_Draw_String
<LI><a href="#[b7]">&gt;&gt;</a>&nbsp;&nbsp;&nbsp;KEY_Scan
</UL>
<BR>[Called By]<UL><LI><a href="#[cb]">&gt;&gt;</a>&nbsp;&nbsp;&nbsp;menu
</UL>

<P><STRONG><a name="[109]"></a>show_main_menu</STRONG> (Thumb, 70 bytes, Stack size 8 bytes, oled.o(i.show_main_menu))
<BR><BR>[Stack]<UL><LI>Max Depth = 76<LI>Call Chain = show_main_menu &rArr; OLED_Draw_String &rArr; OLED_Draw_Char &rArr; OLED_Draw_Point &rArr; OLED_WR_Byte
</UL>
<BR>[Calls]<UL><LI><a href="#[c5]">&gt;&gt;</a>&nbsp;&nbsp;&nbsp;OLED_Clear
<LI><a href="#[ca]">&gt;&gt;</a>&nbsp;&nbsp;&nbsp;OLED_Draw_String
<LI><a href="#[b7]">&gt;&gt;</a>&nbsp;&nbsp;&nbsp;KEY_Scan
</UL>
<BR>[Called By]<UL><LI><a href="#[cb]">&gt;&gt;</a>&nbsp;&nbsp;&nbsp;menu
</UL>

<P><STRONG><a name="[111]"></a>utils_hb2hex</STRONG> (Thumb, 24 bytes, Stack size 0 bytes, utils_md5.o(i.utils_hb2hex))
<BR><BR>[Called By]<UL><LI><a href="#[9c]">&gt;&gt;</a>&nbsp;&nbsp;&nbsp;utils_hmac_sha1
</UL>

<P><STRONG><a name="[9c]"></a>utils_hmac_sha1</STRONG> (Thumb, 232 bytes, Stack size 272 bytes, utils_hmac.o(i.utils_hmac_sha1))
<BR><BR>[Stack]<UL><LI>Max Depth = 428<LI>Call Chain = utils_hmac_sha1 &rArr; utils_sha1_finish &rArr; utils_sha1_update &rArr; utils_sha1_process
</UL>
<BR>[Calls]<UL><LI><a href="#[95]">&gt;&gt;</a>&nbsp;&nbsp;&nbsp;__aeabi_memclr4
<LI><a href="#[b9]">&gt;&gt;</a>&nbsp;&nbsp;&nbsp;__aeabi_memcpy
<LI><a href="#[10f]">&gt;&gt;</a>&nbsp;&nbsp;&nbsp;utils_sha1_update
<LI><a href="#[10e]">&gt;&gt;</a>&nbsp;&nbsp;&nbsp;utils_sha1_starts
<LI><a href="#[10d]">&gt;&gt;</a>&nbsp;&nbsp;&nbsp;utils_sha1_init
<LI><a href="#[110]">&gt;&gt;</a>&nbsp;&nbsp;&nbsp;utils_sha1_finish
<LI><a href="#[111]">&gt;&gt;</a>&nbsp;&nbsp;&nbsp;utils_hb2hex
</UL>
<BR>[Called By]<UL><LI><a href="#[b]">&gt;&gt;</a>&nbsp;&nbsp;&nbsp;AliIoT_Parameter_Init
</UL>

<P><STRONG><a name="[110]"></a>utils_sha1_finish</STRONG> (Thumb, 228 bytes, Stack size 40 bytes, utils_sha1.o(i.utils_sha1_finish))
<BR><BR>[Stack]<UL><LI>Max Depth = 156<LI>Call Chain = utils_sha1_finish &rArr; utils_sha1_update &rArr; utils_sha1_process
</UL>
<BR>[Calls]<UL><LI><a href="#[10f]">&gt;&gt;</a>&nbsp;&nbsp;&nbsp;utils_sha1_update
</UL>
<BR>[Called By]<UL><LI><a href="#[9c]">&gt;&gt;</a>&nbsp;&nbsp;&nbsp;utils_hmac_sha1
</UL>

<P><STRONG><a name="[10d]"></a>utils_sha1_init</STRONG> (Thumb, 14 bytes, Stack size 8 bytes, utils_sha1.o(i.utils_sha1_init))
<BR><BR>[Stack]<UL><LI>Max Depth = 8<LI>Call Chain = utils_sha1_init
</UL>
<BR>[Calls]<UL><LI><a href="#[95]">&gt;&gt;</a>&nbsp;&nbsp;&nbsp;__aeabi_memclr4
</UL>
<BR>[Called By]<UL><LI><a href="#[9c]">&gt;&gt;</a>&nbsp;&nbsp;&nbsp;utils_hmac_sha1
</UL>

<P><STRONG><a name="[112]"></a>utils_sha1_process</STRONG> (Thumb, 6420 bytes, Stack size 92 bytes, utils_sha1.o(i.utils_sha1_process))
<BR><BR>[Stack]<UL><LI>Max Depth = 92<LI>Call Chain = utils_sha1_process
</UL>
<BR>[Called By]<UL><LI><a href="#[10f]">&gt;&gt;</a>&nbsp;&nbsp;&nbsp;utils_sha1_update
</UL>

<P><STRONG><a name="[10e]"></a>utils_sha1_starts</STRONG> (Thumb, 30 bytes, Stack size 0 bytes, utils_sha1.o(i.utils_sha1_starts))
<BR><BR>[Called By]<UL><LI><a href="#[9c]">&gt;&gt;</a>&nbsp;&nbsp;&nbsp;utils_hmac_sha1
</UL>

<P><STRONG><a name="[10f]"></a>utils_sha1_update</STRONG> (Thumb, 124 bytes, Stack size 24 bytes, utils_sha1.o(i.utils_sha1_update))
<BR><BR>[Stack]<UL><LI>Max Depth = 116<LI>Call Chain = utils_sha1_update &rArr; utils_sha1_process
</UL>
<BR>[Calls]<UL><LI><a href="#[b9]">&gt;&gt;</a>&nbsp;&nbsp;&nbsp;__aeabi_memcpy
<LI><a href="#[112]">&gt;&gt;</a>&nbsp;&nbsp;&nbsp;utils_sha1_process
</UL>
<BR>[Called By]<UL><LI><a href="#[110]">&gt;&gt;</a>&nbsp;&nbsp;&nbsp;utils_sha1_finish
<LI><a href="#[9c]">&gt;&gt;</a>&nbsp;&nbsp;&nbsp;utils_hmac_sha1
</UL>
<P>
<H3>
Local Symbols
</H3>
<P><STRONG><a name="[d3]"></a>SetSysClock</STRONG> (Thumb, 8 bytes, Stack size 8 bytes, system_stm32f10x.o(i.SetSysClock))
<BR><BR>[Stack]<UL><LI>Max Depth = 20<LI>Call Chain = SetSysClock &rArr; SetSysClockTo72
</UL>
<BR>[Calls]<UL><LI><a href="#[d4]">&gt;&gt;</a>&nbsp;&nbsp;&nbsp;SetSysClockTo72
</UL>
<BR>[Called By]<UL><LI><a href="#[73]">&gt;&gt;</a>&nbsp;&nbsp;&nbsp;SystemInit
</UL>

<P><STRONG><a name="[d4]"></a>SetSysClockTo72</STRONG> (Thumb, 214 bytes, Stack size 12 bytes, system_stm32f10x.o(i.SetSysClockTo72))
<BR><BR>[Stack]<UL><LI>Max Depth = 12<LI>Call Chain = SetSysClockTo72
</UL>
<BR>[Called By]<UL><LI><a href="#[d3]">&gt;&gt;</a>&nbsp;&nbsp;&nbsp;SetSysClock
</UL>

<P><STRONG><a name="[100]"></a>_fp_digits</STRONG> (Thumb, 366 bytes, Stack size 64 bytes, printfa.o(i._fp_digits), UNUSED)
<BR><BR>[Calls]<UL><LI><a href="#[7e]">&gt;&gt;</a>&nbsp;&nbsp;&nbsp;__aeabi_ddiv
<LI><a href="#[7c]">&gt;&gt;</a>&nbsp;&nbsp;&nbsp;__aeabi_dmul
<LI><a href="#[84]">&gt;&gt;</a>&nbsp;&nbsp;&nbsp;__aeabi_uldivmod
<LI><a href="#[87]">&gt;&gt;</a>&nbsp;&nbsp;&nbsp;__aeabi_dadd
<LI><a href="#[8b]">&gt;&gt;</a>&nbsp;&nbsp;&nbsp;__aeabi_d2ulz
<LI><a href="#[101]">&gt;&gt;</a>&nbsp;&nbsp;&nbsp;__aeabi_cdrcmple
</UL>
<BR>[Called By]<UL><LI><a href="#[fd]">&gt;&gt;</a>&nbsp;&nbsp;&nbsp;_printf_core
</UL>

<P><STRONG><a name="[fd]"></a>_printf_core</STRONG> (Thumb, 1744 bytes, Stack size 136 bytes, printfa.o(i._printf_core), UNUSED)
<BR><BR>[Calls]<UL><LI><a href="#[84]">&gt;&gt;</a>&nbsp;&nbsp;&nbsp;__aeabi_uldivmod
<LI><a href="#[104]">&gt;&gt;</a>&nbsp;&nbsp;&nbsp;__aeabi_uidivmod
<LI><a href="#[102]">&gt;&gt;</a>&nbsp;&nbsp;&nbsp;_printf_pre_padding
<LI><a href="#[103]">&gt;&gt;</a>&nbsp;&nbsp;&nbsp;_printf_post_padding
<LI><a href="#[100]">&gt;&gt;</a>&nbsp;&nbsp;&nbsp;_fp_digits
</UL>
<BR>[Called By]<UL><LI><a href="#[ff]">&gt;&gt;</a>&nbsp;&nbsp;&nbsp;__0vsprintf
<LI><a href="#[fe]">&gt;&gt;</a>&nbsp;&nbsp;&nbsp;__0sprintf
<LI><a href="#[fc]">&gt;&gt;</a>&nbsp;&nbsp;&nbsp;__0printf
</UL>

<P><STRONG><a name="[103]"></a>_printf_post_padding</STRONG> (Thumb, 36 bytes, Stack size 24 bytes, printfa.o(i._printf_post_padding), UNUSED)
<BR><BR>[Called By]<UL><LI><a href="#[fd]">&gt;&gt;</a>&nbsp;&nbsp;&nbsp;_printf_core
</UL>

<P><STRONG><a name="[102]"></a>_printf_pre_padding</STRONG> (Thumb, 46 bytes, Stack size 24 bytes, printfa.o(i._printf_pre_padding), UNUSED)
<BR><BR>[Called By]<UL><LI><a href="#[fd]">&gt;&gt;</a>&nbsp;&nbsp;&nbsp;_printf_core
</UL>

<P><STRONG><a name="[76]"></a>_sputc</STRONG> (Thumb, 10 bytes, Stack size 0 bytes, printfa.o(i._sputc))
<BR><BR>[Called By]<UL><LI><a href="#[ff]">&gt;&gt;</a>&nbsp;&nbsp;&nbsp;__0vsprintf
<LI><a href="#[fe]">&gt;&gt;</a>&nbsp;&nbsp;&nbsp;__0sprintf
</UL>
<BR>[Address Reference Count : 2]<UL><LI> printfa.o(i.__0sprintf)
<LI> printfa.o(i.__0vsprintf)
</UL><P>
<H3>
Undefined Global Symbols
</H3><HR></body></html>
