Component: ARM Compiler 5.06 update 6 (build 750) Tool: armlink [4d35ed]

==============================================================================

Section Cross References

    main.o(i.main) refers to init.o(i.DEVICE_Init) for DEVICE_Init
    main.o(i.main) refers to misc.o(i.NVIC_PriorityGroupConfig) for NVIC_PriorityGroupConfig
    main.o(i.main) refers to uart.o(i.UART_Puts) for UART_Puts
    main.o(i.main) refers to cmd.o(i.find_cmd) for find_cmd
    main.o(i.main) refers to printfa.o(i.__0printf) for __2printf
    main.o(i.main) refers to mqtt.o(i.MQTT_Push_Handle) for MQTT_Push_Handle
    main.o(i.main) refers to mqtt.o(i.MQTT_Ctrl_LedState) for MQTT_Ctrl_LedState
    main.o(i.main) refers to mqtt.o(i.MQTT_Ctrl_BeepState) for MQTT_Ctrl_BeepState
    main.o(i.main) refers to dma.o(.data) for UART1DMA_RxCounter
    main.o(i.main) refers to dma.o(.bss) for UART1DMA_RxBuff
    main.o(i.main) refers to main.o(.data) for pcmd
    main.o(i.main) refers to uart3.o(.data) for UART3_RxCounter
    main.o(i.main) refers to mqtt.o(.bss) for MQTT_RxDataBuf
    startup_stm32f10x_hd.o(RESET) refers to startup_stm32f10x_hd.o(STACK) for __initial_sp
    startup_stm32f10x_hd.o(RESET) refers to startup_stm32f10x_hd.o(.text) for Reset_Handler
    startup_stm32f10x_hd.o(RESET) refers to stm32f10x_it.o(i.NMI_Handler) for NMI_Handler
    startup_stm32f10x_hd.o(RESET) refers to stm32f10x_it.o(i.HardFault_Handler) for HardFault_Handler
    startup_stm32f10x_hd.o(RESET) refers to stm32f10x_it.o(i.MemManage_Handler) for MemManage_Handler
    startup_stm32f10x_hd.o(RESET) refers to stm32f10x_it.o(i.BusFault_Handler) for BusFault_Handler
    startup_stm32f10x_hd.o(RESET) refers to stm32f10x_it.o(i.UsageFault_Handler) for UsageFault_Handler
    startup_stm32f10x_hd.o(RESET) refers to stm32f10x_it.o(i.SVC_Handler) for SVC_Handler
    startup_stm32f10x_hd.o(RESET) refers to stm32f10x_it.o(i.DebugMon_Handler) for DebugMon_Handler
    startup_stm32f10x_hd.o(RESET) refers to stm32f10x_it.o(i.PendSV_Handler) for PendSV_Handler
    startup_stm32f10x_hd.o(RESET) refers to stm32f10x_it.o(i.SysTick_Handler) for SysTick_Handler
    startup_stm32f10x_hd.o(RESET) refers to exti.o(i.EXTI0_IRQHandler) for EXTI0_IRQHandler
    startup_stm32f10x_hd.o(RESET) refers to exti.o(i.EXTI3_IRQHandler) for EXTI3_IRQHandler
    startup_stm32f10x_hd.o(RESET) refers to exti.o(i.EXTI4_IRQHandler) for EXTI4_IRQHandler
    startup_stm32f10x_hd.o(RESET) refers to interrupt.o(i.DMA1_Channel2_IRQHandler) for DMA1_Channel2_IRQHandler
    startup_stm32f10x_hd.o(RESET) refers to interrupt.o(i.DMA1_Channel4_IRQHandler) for DMA1_Channel4_IRQHandler
    startup_stm32f10x_hd.o(RESET) refers to timer3.o(i.TIM3_IRQHandler) for TIM3_IRQHandler
    startup_stm32f10x_hd.o(RESET) refers to timer4.o(i.TIM4_IRQHandler) for TIM4_IRQHandler
    startup_stm32f10x_hd.o(RESET) refers to interrupt.o(i.USART1_IRQHandler) for USART1_IRQHandler
    startup_stm32f10x_hd.o(RESET) refers to interrupt.o(i.USART3_IRQHandler) for USART3_IRQHandler
    startup_stm32f10x_hd.o(.text) refers to system_stm32f10x.o(i.SystemInit) for SystemInit
    startup_stm32f10x_hd.o(.text) refers to entry.o(.ARM.Collect$$$$00000000) for __main
    stm32f10x_gpio.o(i.GPIO_AFIODeInit) refers to stm32f10x_rcc.o(i.RCC_APB2PeriphResetCmd) for RCC_APB2PeriphResetCmd
    stm32f10x_gpio.o(i.GPIO_DeInit) refers to stm32f10x_rcc.o(i.RCC_APB2PeriphResetCmd) for RCC_APB2PeriphResetCmd
    stm32f10x_rcc.o(i.RCC_GetClocksFreq) refers to stm32f10x_rcc.o(.data) for APBAHBPrescTable
    stm32f10x_rcc.o(i.RCC_WaitForHSEStartUp) refers to stm32f10x_rcc.o(i.RCC_GetFlagStatus) for RCC_GetFlagStatus
    stm32f10x_usart.o(i.USART_DeInit) refers to stm32f10x_rcc.o(i.RCC_APB2PeriphResetCmd) for RCC_APB2PeriphResetCmd
    stm32f10x_usart.o(i.USART_DeInit) refers to stm32f10x_rcc.o(i.RCC_APB1PeriphResetCmd) for RCC_APB1PeriphResetCmd
    stm32f10x_usart.o(i.USART_Init) refers to stm32f10x_rcc.o(i.RCC_GetClocksFreq) for RCC_GetClocksFreq
    stm32f10x_i2c.o(i.I2C_DeInit) refers to stm32f10x_rcc.o(i.RCC_APB1PeriphResetCmd) for RCC_APB1PeriphResetCmd
    stm32f10x_i2c.o(i.I2C_Init) refers to stm32f10x_rcc.o(i.RCC_GetClocksFreq) for RCC_GetClocksFreq
    stm32f10x_tim.o(i.TIM_DeInit) refers to stm32f10x_rcc.o(i.RCC_APB2PeriphResetCmd) for RCC_APB2PeriphResetCmd
    stm32f10x_tim.o(i.TIM_DeInit) refers to stm32f10x_rcc.o(i.RCC_APB1PeriphResetCmd) for RCC_APB1PeriphResetCmd
    stm32f10x_tim.o(i.TIM_ETRClockMode1Config) refers to stm32f10x_tim.o(i.TIM_ETRConfig) for TIM_ETRConfig
    stm32f10x_tim.o(i.TIM_ETRClockMode2Config) refers to stm32f10x_tim.o(i.TIM_ETRConfig) for TIM_ETRConfig
    stm32f10x_tim.o(i.TIM_ICInit) refers to stm32f10x_tim.o(i.TI1_Config) for TI1_Config
    stm32f10x_tim.o(i.TIM_ICInit) refers to stm32f10x_tim.o(i.TIM_SetIC1Prescaler) for TIM_SetIC1Prescaler
    stm32f10x_tim.o(i.TIM_ICInit) refers to stm32f10x_tim.o(i.TI2_Config) for TI2_Config
[...]
    .text                                    0x080004a8   Section        0  depilogue.o(.text)
    .text                                    0x08000562   Section        0  dadd.o(.text)
    .text                                    0x080006b0   Section        0  ddiv.o(.text)
    .text                                    0x0800078e   Section        0  dfixul.o(.text)
    .text                                    0x080007c0   Section       48  cdrcmple.o(.text)
    .text                                    0x080007f0   Section       36  init.o(.text)
    .text                                    0x08000814   Section        0  llshl.o(.text)
    .text                                    0x08000832   Section        0  llushr.o(.text)
    .text                                    0x08000852   Section        0  llsshr.o(.text)
    .text                                    0x08000876   Section        0  __dczerorl2.o(.text)
    i.AT24C02_Init                           0x080008cc   Section        0  at24c02.o(i.AT24C02_Init)
    i.AT24C02_ReadBlockData                  0x080008d4   Section        0  at24c02.o(i.AT24C02_ReadBlockData)
    i.AT24C02_ReadByte                       0x0800092a   Section        0  at24c02.o(i.AT24C02_ReadByte)
    i.AT24C02_ReadMul                        0x08000968   Section        0  at24c02.o(i.AT24C02_ReadMul)
    i.AT24C02_ReadOne                        0x080009a8   Section        0  at24c02.o(i.AT24C02_ReadOne)
    i.AT24C02_WriteBlockData                 0x080009d0   Section        0  at24c02.o(i.AT24C02_WriteBlockData)
    i.AT24C02_WriteByte                      0x08000a48   Section        0  at24c02.o(i.AT24C02_WriteByte)
    i.AT24C02_WriteMul                       0x08000a7c   Section        0  at24c02.o(i.AT24C02_WriteMul)
    i.AT24C02_WriteOne                       0x08000a9c   Section        0  at24c02.o(i.AT24C02_WriteOne)
    i.AliIoT_Parameter_Init                  0x08000aa8   Section        0  mqtt.o(i.AliIoT_Parameter_Init)
    i.BEEP_Init                              0x08000c7c   Section        0  beep.o(i.BEEP_Init)
    i.BEEP_Off                               0x08000cb4   Section        0  beep.o(i.BEEP_Off)
    i.BEEP_On                                0x08000cc8   Section        0  beep.o(i.BEEP_On)
    i.BusFault_Handler                       0x08000cdc   Section        0  stm32f10x_it.o(i.BusFault_Handler)
    i.DEVICE_Init                            0x08000ce0   Section        0  init.o(i.DEVICE_Init)
    i.DMA1_Channel2_IRQHandler               0x08000cf8   Section        0  interrupt.o(i.DMA1_Channel2_IRQHandler)
    i.DMA1_Channel4_IRQHandler               0x08000d18   Section        0  interrupt.o(i.DMA1_Channel4_IRQHandler)
    i.DMA_ClearITPendingBit                  0x08000d44   Section        0  stm32f10x_dma.o(i.DMA_ClearITPendingBit)
    i.DMA_Cmd                                0x08000d60   Section        0  stm32f10x_dma.o(i.DMA_Cmd)
    i.DMA_GetCurrDataCounter                 0x08000d78   Section        0  stm32f10x_dma.o(i.DMA_GetCurrDataCounter)
    i.DMA_GetITStatus                        0x08000d80   Section        0  stm32f10x_dma.o(i.DMA_GetITStatus)
    i.DMA_ITConfig                           0x08000dac   Section        0  stm32f10x_dma.o(i.DMA_ITConfig)
    i.DMA_Init                               0x08000dbe   Section        0  stm32f10x_dma.o(i.DMA_Init)
    i.DMA_SetCurrDataCounter                 0x08000dfa   Section        0  stm32f10x_dma.o(i.DMA_SetCurrDataCounter)
    i.DS18B20_GetTemperture                  0x08000e00   Section        0  ds18b20.o(i.DS18B20_GetTemperture)
    i.DS18B20_IO_IN                          0x08000e84   Section        0  ds18b20.o(i.DS18B20_IO_IN)
    i.DS18B20_IO_OUT                         0x08000ea4   Section        0  ds18b20.o(i.DS18B20_IO_OUT)
    i.DS18B20_Init                           0x08000ec8   Section        0  ds18b20.o(i.DS18B20_Init)
    i.DS18B20_MatchRom                       0x08000ef4   Section        0  ds18b20.o(i.DS18B20_MatchRom)
    i.DS18B20_ReadRom                        0x08000f14   Section        0  ds18b20.o(i.DS18B20_ReadRom)
    i.DS18B20_Read_Byte                      0x08000f54   Section        0  ds18b20.o(i.DS18B20_Read_Byte)
    i.DS18B20_Reset                          0x08000f9c   Section        0  ds18b20.o(i.DS18B20_Reset)
    i.DS18B20_Test                           0x08001020   Section        0  ds18b20.o(i.DS18B20_Test)
    i.DS18B20_Write_Byte                     0x08001080   Section        0  ds18b20.o(i.DS18B20_Write_Byte)
    i.DebugMon_Handler                       0x080010dc   Section        0  stm32f10x_it.o(i.DebugMon_Handler)
    i.EHOME_Run                              0x080010de   Section        0  run.o(i.EHOME_Run)
    i.EXTI0_IRQHandler                       0x0800110e   Section        0  exti.o(i.EXTI0_IRQHandler)
    i.EXTI3_IRQHandler                       0x08001128   Section        0  exti.o(i.EXTI3_IRQHandler)
    i.EXTI4_IRQHandler                       0x08001144   Section        0  exti.o(i.EXTI4_IRQHandler)
    i.EXTI_ClearITPendingBit                 0x0800117c   Section        0  stm32f10x_exti.o(i.EXTI_ClearITPendingBit)
    i.EXTI_GetITStatus                       0x08001188   Section        0  stm32f10x_exti.o(i.EXTI_GetITStatus)
    i.EXTI_Init                              0x080011b0   Section        0  stm32f10x_exti.o(i.EXTI_Init)
    i.GPIO_EXTILineConfig                    0x08001244   Section        0  stm32f10x_gpio.o(i.GPIO_EXTILineConfig)
    i.GPIO_Init                              0x08001284   Section        0  stm32f10x_gpio.o(i.GPIO_Init)
    i.GPIO_PinRemapConfig                    0x0800139c   Section        0  stm32f10x_gpio.o(i.GPIO_PinRemapConfig)
    i.GPIO_ResetBits                         0x0800142c   Section        0  stm32f10x_gpio.o(i.GPIO_ResetBits)
    i.GPIO_SetBits                           0x08001430   Section        0  stm32f10x_gpio.o(i.GPIO_SetBits)
    i.HardFault_Handler                      0x08001434   Section        0  stm32f10x_it.o(i.HardFault_Handler)
    i.IIC_Ack                                0x08001438   Section        0  iic.o(i.IIC_Ack)
    i.IIC_Init                               0x08001470   Section        0  iic.o(i.IIC_Init)
    i.IIC_NAck                               0x080014c8   Section        0  iic.o(i.IIC_NAck)
    i.IIC_Read_Byte                          0x08001500   Section        0  iic.o(i.IIC_Read_Byte)
    i.IIC_Send_Byte                          0x08001558   Section        0  iic.o(i.IIC_Send_Byte)
    i.IIC_Start                              0x080015b4   Section        0  iic.o(i.IIC_Start)
    i.IIC_Stop                               0x080015ec   Section        0  iic.o(i.IIC_Stop)
    i.IIC_Wait_Ack                           0x0800161c   Section        0  iic.o(i.IIC_Wait_Ack)
    i.KEY_Init                               0x08001684   Section        0  key.o(i.KEY_Init)
    i.KEY_Scan                               0x080016cc   Section        0  key.o(i.KEY_Scan)
    i.LED_Init                               0x08001748   Section        0  led.o(i.LED_Init)
    i.LED_Off                                0x080017a0   Section        0  led.o(i.LED_Off)
    i.LED_On                                 0x080017bc   Section        0  led.o(i.LED_On)
    i.MQTT_ConnectPack                       0x080017d8   Section        0  mqtt.o(i.MQTT_ConnectPack)
    i.MQTT_Connect_Cmd                       0x08001a08   Section        0  mqtt.o(i.MQTT_Connect_Cmd)
    i.MQTT_Ctrl_BeepState                    0x08001a54   Section        0  mqtt.o(i.MQTT_Ctrl_BeepState)
    i.MQTT_Ctrl_LedState                     0x08001ac4   Section        0  mqtt.o(i.MQTT_Ctrl_LedState)
    i.MQTT_PingREQ                           0x08001b88   Section        0  mqtt.o(i.MQTT_PingREQ)
    i.MQTT_Ping_Cmd                          0x08001bb4   Section        0  mqtt.o(i.MQTT_Ping_Cmd)
    i.MQTT_Publish                           0x08001bc8   Section        0  mqtt.o(i.MQTT_Publish)
    i.MQTT_PublishBeepState_Cmd              0x08001cc8   Section        0  mqtt.o(i.MQTT_PublishBeepState_Cmd)
    i.MQTT_PublishLedState_Cmd               0x08001d34   Section        0  mqtt.o(i.MQTT_PublishLedState_Cmd)
    i.MQTT_PublishTemp_Cmd                   0x08001dbc   Section        0  mqtt.o(i.MQTT_PublishTemp_Cmd)
    i.MQTT_Push_Handle                       0x08001e5c   Section        0  mqtt.o(i.MQTT_Push_Handle)
    i.MQTT_Sub_Cmd                           0x08001ee4   Section        0  mqtt.o(i.MQTT_Sub_Cmd)
    i.MQTT_Subscribe                         0x08001f70   Section        0  mqtt.o(i.MQTT_Subscribe)
    i.MemManage_Handler                      0x08002078   Section        0  stm32f10x_it.o(i.MemManage_Handler)
    i.My_EXTI_Init                           0x0800207c   Section        0  exti.o(i.My_EXTI_Init)
    i.NMI_Handler                            0x08002130   Section        0  stm32f10x_it.o(i.NMI_Handler)
    i.NVIC_Init                              0x08002134   Section        0  misc.o(i.NVIC_Init)
    i.NVIC_PriorityGroupConfig               0x080021a4   Section        0  misc.o(i.NVIC_PriorityGroupConfig)
    i.OLED_Clear                             0x080021b8   Section        0  oled.o(i.OLED_Clear)
    i.OLED_DrawPoint                         0x080021e8   Section        0  oled.o(i.OLED_DrawPoint)
    i.OLED_Init                              0x08002250   Section        0  oled.o(i.OLED_Init)
    i.OLED_Refresh_Gram                      0x08002378   Section        0  oled.o(i.OLED_Refresh_Gram)
    i.OLED_ShowChar                          0x080023c4   Section        0  oled.o(i.OLED_ShowChar)
    i.OLED_ShowFontHZ                        0x080024d0   Section        0  oled.o(i.OLED_ShowFontHZ)
    i.OLED_ShowString                        0x080025bc   Section        0  oled.o(i.OLED_ShowString)
    i.OLED_Test                              0x0800261c   Section        0  oled.o(i.OLED_Test)
    i.OLED_WR_Byte                           0x080026cc   Section        0  oled.o(i.OLED_WR_Byte)
    i.PWM_Test                               0x08002728   Section        0  pwm.o(i.PWM_Test)
    i.PendSV_Handler                         0x080027f4   Section        0  stm32f10x_it.o(i.PendSV_Handler)
    i.RCC_AHBPeriphClockCmd                  0x080027f8   Section        0  stm32f10x_rcc.o(i.RCC_AHBPeriphClockCmd)
    i.RCC_APB1PeriphClockCmd                 0x08002818   Section        0  stm32f10x_rcc.o(i.RCC_APB1PeriphClockCmd)
    i.RCC_APB1PeriphResetCmd                 0x08002838   Section        0  stm32f10x_rcc.o(i.RCC_APB1PeriphResetCmd)
    i.RCC_APB2PeriphClockCmd                 0x08002858   Section        0  stm32f10x_rcc.o(i.RCC_APB2PeriphClockCmd)
    i.RCC_APB2PeriphResetCmd                 0x08002878   Section        0  stm32f10x_rcc.o(i.RCC_APB2PeriphResetCmd)
    i.RCC_GetClocksFreq                      0x08002898   Section        0  stm32f10x_rcc.o(i.RCC_GetClocksFreq)
    i.SDA_IN                                 0x0800296c   Section        0  iic.o(i.SDA_IN)
    i.SDA_OUT                                0x08002988   Section        0  iic.o(i.SDA_OUT)
    i.SVC_Handler                            0x080029ac   Section        0  stm32f10x_it.o(i.SVC_Handler)
    i.SetSysClock                            0x080029ae   Section        0  system_stm32f10x.o(i.SetSysClock)
    SetSysClock                              0x080029af   Thumb Code     8  system_stm32f10x.o(i.SetSysClock)
    i.SetSysClockTo72                        0x080029b8   Section        0  system_stm32f10x.o(i.SetSysClockTo72)
    SetSysClockTo72                          0x080029b9   Thumb Code   214  system_stm32f10x.o(i.SetSysClockTo72)
    i.SysTick_Handler                        0x08002a98   Section        0  stm32f10x_it.o(i.SysTick_Handler)
    i.SysTick_Init                           0x08002a9c   Section        0  systick.o(i.SysTick_Init)
    i.SystemInit                             0x08002acc   Section        0  system_stm32f10x.o(i.SystemInit)
    i.TIM2_CH2_PWM_Init                      0x08002b2c   Section        0  pwm.o(i.TIM2_CH2_PWM_Init)
    i.TIM3_IRQHandler                        0x08002cb0   Section        0  timer3.o(i.TIM3_IRQHandler)
    i.TIM4_IRQHandler                        0x08002d9c   Section        0  timer4.o(i.TIM4_IRQHandler)
    i.TIMER3_ENALBE_1S                       0x08002dcc   Section        0  timer3.o(i.TIMER3_ENALBE_1S)
    i.TIMER4_Init                            0x08002e30   Section        0  timer4.o(i.TIMER4_Init)
    i.TIMER4_Start                           0x08002e94   Section        0  timer4.o(i.TIMER4_Start)
    i.TIMER4_Stop                            0x08002ea4   Section        0  timer4.o(i.TIMER4_Stop)
    i.TIM_ARRPreloadConfig                   0x08002eb4   Section        0  stm32f10x_tim.o(i.TIM_ARRPreloadConfig)
    i.TIM_ClearITPendingBit                  0x08002ecc   Section        0  stm32f10x_tim.o(i.TIM_ClearITPendingBit)
    i.TIM_Cmd                                0x08002ed2   Section        0  stm32f10x_tim.o(i.TIM_Cmd)
    i.TIM_GetITStatus                        0x08002eea   Section        0  stm32f10x_tim.o(i.TIM_GetITStatus)
    i.TIM_ITConfig                           0x08002f0c   Section        0  stm32f10x_tim.o(i.TIM_ITConfig)
    i.TIM_OC2Init                            0x08002f20   Section        0  stm32f10x_tim.o(i.TIM_OC2Init)
    i.TIM_OC2PreloadConfig                   0x08002fc4   Section        0  stm32f10x_tim.o(i.TIM_OC2PreloadConfig)
    i.TIM_OC4Init                            0x08002fe0   Section        0  stm32f10x_tim.o(i.TIM_OC4Init)
    i.TIM_OC4PreloadConfig                   0x0800305c   Section        0  stm32f10x_tim.o(i.TIM_OC4PreloadConfig)
    i.TIM_SetCompare2                        0x08003076   Section        0  stm32f10x_tim.o(i.TIM_SetCompare2)
    i.TIM_SetCompare4                        0x0800307a   Section        0  stm32f10x_tim.o(i.TIM_SetCompare4)
    i.TIM_TimeBaseInit                       0x08003080   Section        0  stm32f10x_tim.o(i.TIM_TimeBaseInit)
    i.UART1DMA_Init                          0x08003124   Section        0  dma.o(i.UART1DMA_Init)
    i.UART1DMA_Tx_Test                       0x080031dc   Section        0  dma.o(i.UART1DMA_Tx_Test)
    i.UART3DMA_Init                          0x08003270   Section        0  uart3.o(i.UART3DMA_Init)
    i.UART3_Init                             0x08003320   Section        0  uart3.o(i.UART3_Init)
    i.UART3_Puts                             0x080033e8   Section        0  uart3.o(i.UART3_Puts)
    i.UART3_TxData                           0x08003428   Section        0  uart3.o(i.UART3_TxData)
    i.UART_IDLEInit                          0x0800345c   Section        0  uart.o(i.UART_IDLEInit)
    i.UART_Putc                              0x0800351c   Section        0  uart.o(i.UART_Putc)
    i.UART_Puts                              0x0800353c   Section        0  uart.o(i.UART_Puts)
    i.USART1_IRQHandler                      0x08003554   Section        0  interrupt.o(i.USART1_IRQHandler)
    i.USART3_IRQHandler                      0x08003608   Section        0  interrupt.o(i.USART3_IRQHandler)
    i.USART_ClearITPendingBit                0x0800366c   Section        0  stm32f10x_usart.o(i.USART_ClearITPendingBit)
    i.USART_Cmd                              0x0800368a   Section        0  stm32f10x_usart.o(i.USART_Cmd)
    i.USART_DMACmd                           0x080036a2   Section        0  stm32f10x_usart.o(i.USART_DMACmd)
    i.USART_DeInit                           0x080036b4   Section        0  stm32f10x_usart.o(i.USART_DeInit)
    i.USART_GetFlagStatus                    0x08003750   Section        0  stm32f10x_usart.o(i.USART_GetFlagStatus)
    i.USART_GetITStatus                      0x0800376a   Section        0  stm32f10x_usart.o(i.USART_GetITStatus)
    i.USART_ITConfig                         0x080037be   Section        0  stm32f10x_usart.o(i.USART_ITConfig)
    i.USART_Init                             0x08003808   Section        0  stm32f10x_usart.o(i.USART_Init)
    i.USART_ReceiveData                      0x080038e0   Section        0  stm32f10x_usart.o(i.USART_ReceiveData)
    i.USART_SendData                         0x080038ea   Section        0  stm32f10x_usart.o(i.USART_SendData)
    i.UsageFault_Handler                     0x080038f2   Section        0  stm32f10x_it.o(i.UsageFault_Handler)
    i.WIFI_Connect                           0x080038f6   Section        0  esp8266.o(i.WIFI_Connect)
    i.WIFI_Connect_IOTServer                 0x08003904   Section        0  esp8266.o(i.WIFI_Connect_IOTServer)
    i.WIFI_Connect_Server                    0x08003c8c   Section        0  esp8266.o(i.WIFI_Connect_Server)
    i.WIFI_JoinAP                            0x08003e04   Section        0  esp8266.o(i.WIFI_JoinAP)
    i.WIFI_Reset                             0x08003ea8   Section        0  esp8266.o(i.WIFI_Reset)
    i.WIFI_ResetIO_Init                      0x08003f18   Section        0  esp8266.o(i.WIFI_ResetIO_Init)
    i.WIFI_SendCmd                           0x08003f64   Section        0  esp8266.o(i.WIFI_SendCmd)
    i.WIFI_Send_Data                         0x08003fd8   Section        0  esp8266.o(i.WIFI_Send_Data)
    i.X6818_TCPTest                          0x08003ff8   Section        0  esp8266.o(i.X6818_TCPTest)
    i.__0printf                              0x08003ffc   Section        0  printfa.o(i.__0printf)
    i.__0sprintf                             0x0800401c   Section        0  printfa.o(i.__0sprintf)
    i.__0vsprintf                            0x08004044   Section        0  printfa.o(i.__0vsprintf)
    i.__scatterload_copy                     0x08004068   Section       14  handlers.o(i.__scatterload_copy)
    i.__scatterload_null                     0x08004076   Section        2  handlers.o(i.__scatterload_null)
    i.__scatterload_zeroinit                 0x08004078   Section       14  handlers.o(i.__scatterload_zeroinit)
    i._fp_digits                             0x08004088   Section        0  printfa.o(i._fp_digits)
    _fp_digits                               0x08004089   Thumb Code   366  printfa.o(i._fp_digits)
    i._printf_core                           0x0800420c   Section        0  printfa.o(i._printf_core)
    _printf_core                             0x0800420d   Thumb Code  1744  printfa.o(i._printf_core)
    i._printf_post_padding                   0x080048e8   Section        0  printfa.o(i._printf_post_padding)
    _printf_post_padding                     0x080048e9   Thumb Code    36  printfa.o(i._printf_post_padding)
    i._printf_pre_padding                    0x0800490c   Section        0  printfa.o(i._printf_pre_padding)
    _printf_pre_padding                      0x0800490d   Thumb Code    46  printfa.o(i._printf_pre_padding)
    i._sputc                                 0x0800493a   Section        0  printfa.o(i._sputc)
    _sputc                                   0x0800493b   Thumb Code    10  printfa.o(i._sputc)
    i.delay_ms                               0x08004944   Section        0  systick.o(i.delay_ms)
    i.delay_us                               0x08004990   Section        0  systick.o(i.delay_us)
    i.find_cmd                               0x080049dc   Section        0  cmd.o(i.find_cmd)
    i.fputc                                  0x08004a10   Section        0  uart.o(i.fputc)
    i.main                                   0x08004a34   Section        0  main.o(i.main)
    i.utils_hb2hex                           0x08004b04   Section        0  utils_md5.o(i.utils_hb2hex)
    i.utils_hmac_sha1                        0x08004b1c   Section        0  utils_hmac.o(i.utils_hmac_sha1)
    i.utils_sha1_finish                      0x08004c04   Section        0  utils_sha1.o(i.utils_sha1_finish)
    i.utils_sha1_init                        0x08004cec   Section        0  utils_sha1.o(i.utils_sha1_init)
    i.utils_sha1_process                     0x08004cfc   Section        0  utils_sha1.o(i.utils_sha1_process)
    i.utils_sha1_starts                      0x08006618   Section        0  utils_sha1.o(i.utils_sha1_starts)
    i.utils_sha1_update                      0x08006644   Section        0  utils_sha1.o(i.utils_sha1_update)
    .constdata                               0x080066c0   Section       64  utils_sha1.o(.constdata)
    iot_sha1_padding                         0x080066c0   Data          64  utils_sha1.o(.constdata)
    .constdata                               0x08006700   Section     6272  oled.o(.constdata)
    .conststring                             0x08007f80   Section      247  cmd.o(.conststring)
    .conststring                             0x08008078   Section      308  mqtt.o(.conststring)
    .data                                    0x20000000   Section        4  main.o(.data)
    pcmd                                     0x20000000   Data           4  main.o(.data)
    .data                                    0x20000004   Section       20  stm32f10x_rcc.o(.data)
    APBAHBPrescTable                         0x20000004   Data          16  stm32f10x_rcc.o(.data)
    ADCPrescTable                            0x20000014   Data           4  stm32f10x_rcc.o(.data)
    .data                                    0x20000018   Section        8  systick.o(.data)
    fac_us                                   0x20000018   Data           4  systick.o(.data)
    fac_ms                                   0x2000001c   Data           4  systick.o(.data)
    .data                                    0x20000020   Section        1  key.o(.data)
    ispressed                                0x20000020   Data           1  key.o(.data)
    .data                                    0x20000024   Section       64  init.o(.data)
    init_func                                0x20000024   Data          64  init.o(.data)
    .data                                    0x20000064   Section      188  cmd.o(.data)
    .data                                    0x20000120   Section        5  interrupt.o(.data)
    .data                                    0x20000125   Section        8  ds18b20.o(.data)
    rom                                      0x20000125   Data           8  ds18b20.o(.data)
    .data                                    0x20000130   Section       12  dma.o(.data)
    .data                                    0x2000013c   Section        4  uart3.o(.data)
    .data                                    0x20000140   Section       28  mqtt.o(.data)
    .data                                    0x2000015c   Section        4  stdout.o(.data)
    .bss                                     0x20000160   Section     1024  interrupt.o(.bss)
    .bss                                     0x20000560   Section     5120  dma.o(.bss)
    .bss                                     0x20001960   Section     2048  uart3.o(.bss)
    .bss                                     0x20002160   Section     1712  mqtt.o(.bss)
    .bss                                     0x20002810   Section     1024  oled.o(.bss)
    STACK                                    0x20002c10   Section     1024  startup_stm32f10x_hd.o(STACK)

    Global Symbols

    Symbol Name                              Value     Ov Type        Size  Object(Section)

    BuildAttributes$$THM_ISAv4$P$D$K$B$S$PE$A:L22UL41UL21$X:L11$S22US41US21$IEEE1$IW$USESV6$~STKCKD$USESV7$~SHL$OTIME$ROPI$EBA8$MICROLIB$REQ8$PRES8$EABIv2 0x00000000   Number         0  anon$$obj.o ABSOLUTE
    __ARM_use_no_argv                        0x00000000   Number         0  main.o ABSOLUTE
    _printf_a                                0x00000000   Number         0  stubs.o ABSOLUTE
    _printf_c                                0x00000000   Number         0  stubs.o ABSOLUTE
    _printf_charcount                        0x00000000   Number         0  stubs.o ABSOLUTE
    _printf_d                                0x00000000   Number         0  stubs.o ABSOLUTE
    _printf_e                                0x00000000   Number         0  stubs.o ABSOLUTE
    _printf_f                                0x00000000   Number         0  stubs.o ABSOLUTE
    _printf_flags                            0x00000000   Number         0  stubs.o ABSOLUTE
    _printf_fp_dec                           0x00000000   Number         0  stubs.o ABSOLUTE
    _printf_fp_hex                           0x00000000   Number         0  stubs.o ABSOLUTE
    _printf_g                                0x00000000   Number         0  stubs.o ABSOLUTE
    _printf_i                                0x00000000   Number         0  stubs.o ABSOLUTE
    _printf_int_dec                          0x00000000   Number         0  stubs.o ABSOLUTE
    _printf_l                                0x00000000   Number         0  stubs.o ABSOLUTE
    _printf_lc                               0x00000000   Number         0  stubs.o ABSOLUTE
    _printf_ll                               0x00000000   Number         0  stubs.o ABSOLUTE
    _printf_lld                              0x00000000   Number         0  stubs.o ABSOLUTE
    _printf_lli                              0x00000000   Number         0  stubs.o ABSOLUTE
    _printf_llo                              0x00000000   Number         0  stubs.o ABSOLUTE
    _printf_llu                              0x00000000   Number         0  stubs.o ABSOLUTE
    _printf_llx                              0x00000000   Number         0  stubs.o ABSOLUTE
    _printf_longlong_dec                     0x00000000   Number         0  stubs.o ABSOLUTE
    _printf_longlong_hex                     0x00000000   Number         0  stubs.o ABSOLUTE
    _printf_longlong_oct                     0x00000000   Number         0  stubs.o ABSOLUTE
    _printf_ls                               0x00000000   Number         0  stubs.o ABSOLUTE
    _printf_mbtowc                           0x00000000   Number         0  stubs.o ABSOLUTE
    _printf_n                                0x00000000   Number         0  stubs.o ABSOLUTE
    _printf_o                                0x00000000   Number         0  stubs.o ABSOLUTE
    _printf_p                                0x00000000   Number         0  stubs.o ABSOLUTE
    _printf_percent                          0x00000000   Number         0  stubs.o ABSOLUTE
    _printf_pre_padding                      0x00000000   Number         0  stubs.o ABSOLUTE
    _printf_return_value                     0x00000000   Number         0  stubs.o ABSOLUTE
    _printf_s                                0x00000000   Number         0  stubs.o ABSOLUTE
    _printf_sizespec                         0x00000000   Number         0  stubs.o ABSOLUTE
    _printf_str                              0x00000000   Number         0  stubs.o ABSOLUTE
    _printf_truncate_signed                  0x00000000   Number         0  stubs.o ABSOLUTE
    _printf_truncate_unsigned                0x00000000   Number         0  stubs.o ABSOLUTE
    _printf_u                                0x00000000   Number         0  stubs.o ABSOLUTE
    _printf_wc                               0x00000000   Number         0  stubs.o ABSOLUTE
    _printf_wctomb                           0x00000000   Number         0  stubs.o ABSOLUTE
    _printf_widthprec                        0x00000000   Number         0  stubs.o ABSOLUTE
    _printf_x                                0x00000000   Number         0  stubs.o ABSOLUTE
    __cpp_initialize__aeabi_                  - Undefined Weak Reference
    __cxa_finalize                            - Undefined Weak Reference
    _clock_init                               - Undefined Weak Reference
    _microlib_exit                            - Undefined Weak Reference
    __Vectors_Size                           0x00000130   Number         0  startup_stm32f10x_hd.o ABSOLUTE
    __Vectors                                0x08000000   Data           4  startup_stm32f10x_hd.o(RESET)
    __Vectors_End                            0x08000130   Data           0  startup_stm32f10x_hd.o(RESET)
    __main                                   0x08000131   Thumb Code     0  entry.o(.ARM.Collect$$$$00000000)
    _main_stk                                0x08000131   Thumb Code     0  entry2.o(.ARM.Collect$$$$00000001)
    _main_scatterload                        0x08000135   Thumb Code     0  entry5.o(.ARM.Collect$$$$00000004)
    __main_after_scatterload                 0x08000139   Thumb Code     0  entry5.o(.ARM.Collect$$$$00000004)
    _main_clock                              0x08000139   Thumb Code     0  entry7b.o(.ARM.Collect$$$$00000008)
    _main_cpp_init                           0x08000139   Thumb Code     0  entry8b.o(.ARM.Collect$$$$0000000A)
    _main_init                               0x08000139   Thumb Code     0  entry9a.o(.ARM.Collect$$$$0000000B)
    __rt_final_cpp                           0x08000141   Thumb Code     0  entry10a.o(.ARM.Collect$$$$0000000D)
    __rt_final_exit                          0x08000141   Thumb Code     0  entry11a.o(.ARM.Collect$$$$0000000F)
    Reset_Handler                            0x08000145   Thumb Code     8  startup_stm32f10x_hd.o(.text)
    ADC1_2_IRQHandler                        0x0800015f   Thumb Code     0  startup_stm32f10x_hd.o(.text)
    ADC3_IRQHandler                          0x0800015f   Thumb Code     0  startup_stm32f10x_hd.o(.text)
    CAN1_RX1_IRQHandler                      0x0800015f   Thumb Code     0  startup_stm32f10x_hd.o(.text)
    CAN1_SCE_IRQHandler                      0x0800015f   Thumb Code     0  startup_stm32f10x_hd.o(.text)
    DMA1_Channel1_IRQHandler                 0x0800015f   Thumb Code     0  startup_stm32f10x_hd.o(.text)
    DMA1_Channel3_IRQHandler                 0x0800015f   Thumb Code     0  startup_stm32f10x_hd.o(.text)
    DMA1_Channel5_IRQHandler                 0x0800015f   Thumb Code     0  startup_stm32f10x_hd.o(.text)
    DMA1_Channel6_IRQHandler                 0x0800015f   Thumb Code     0  startup_stm32f10x_hd.o(.text)
    DMA1_Channel7_IRQHandler                 0x0800015f   Thumb Code     0  startup_stm32f10x_hd.o(.text)
    DMA2_Channel1_IRQHandler                 0x0800015f   Thumb Code     0  startup_stm32f10x_hd.o(.text)
    DMA2_Channel2_IRQHandler                 0x0800015f   Thumb Code     0  startup_stm32f10x_hd.o(.text)
    DMA2_Channel3_IRQHandler                 0x0800015f   Thumb Code     0  startup_stm32f10x_hd.o(.text)
    DMA2_Channel4_5_IRQHandler               0x0800015f   Thumb Code     0  startup_stm32f10x_hd.o(.text)
    EXTI15_10_IRQHandler                     0x0800015f   Thumb Code     0  startup_stm32f10x_hd.o(.text)
    EXTI1_IRQHandler                         0x0800015f   Thumb Code     0  startup_stm32f10x_hd.o(.text)
    EXTI2_IRQHandler                         0x0800015f   Thumb Code     0  startup_stm32f10x_hd.o(.text)
    EXTI9_5_IRQHandler                       0x0800015f   Thumb Code     0  startup_stm32f10x_hd.o(.text)
    FLASH_IRQHandler                         0x0800015f   Thumb Code     0  startup_stm32f10x_hd.o(.text)
    FSMC_IRQHandler                          0x0800015f   Thumb Code     0  startup_stm32f10x_hd.o(.text)
    I2C1_ER_IRQHandler                       0x0800015f   Thumb Code     0  startup_stm32f10x_hd.o(.text)
    I2C1_EV_IRQHandler                       0x0800015f   Thumb Code     0  startup_stm32f10x_hd.o(.text)
    I2C2_ER_IRQHandler                       0x0800015f   Thumb Code     0  startup_stm32f10x_hd.o(.text)
    I2C2_EV_IRQHandler                       0x0800015f   Thumb Code     0  startup_stm32f10x_hd.o(.text)
    PVD_IRQHandler                           0x0800015f   Thumb Code     0  startup_stm32f10x_hd.o(.text)
    RCC_IRQHandler                           0x0800015f   Thumb Code     0  startup_stm32f10x_hd.o(.text)
    RTCAlarm_IRQHandler                      0x0800015f   Thumb Code     0  startup_stm32f10x_hd.o(.text)
    RTC_IRQHandler                           0x0800015f   Thumb Code     0  startup_stm32f10x_hd.o(.text)
    SDIO_IRQHandler                          0x0800015f   Thumb Code     0  startup_stm32f10x_hd.o(.text)
    SPI1_IRQHandler                          0x0800015f   Thumb Code     0  startup_stm32f10x_hd.o(.text)
    SPI2_IRQHandler                          0x0800015f   Thumb Code     0  startup_stm32f10x_hd.o(.text)
    SPI3_IRQHandler                          0x0800015f   Thumb Code     0  startup_stm32f10x_hd.o(.text)
    TAMPER_IRQHandler                        0x0800015f   Thumb Code     0  startup_stm32f10x_hd.o(.text)
    TIM1_BRK_IRQHandler                      0x0800015f   Thumb Code     0  startup_stm32f10x_hd.o(.text)
    TIM1_CC_IRQHandler                       0x0800015f   Thumb Code     0  startup_stm32f10x_hd.o(.text)
    TIM1_TRG_COM_IRQHandler                  0x0800015f   Thumb Code     0  startup_stm32f10x_hd.o(.text)
    TIM1_UP_IRQHandler                       0x0800015f   Thumb Code     0  startup_stm32f10x_hd.o(.text)
    TIM2_IRQHandler                          0x0800015f   Thumb Code     0  startup_stm32f10x_hd.o(.text)
    TIM5_IRQHandler                          0x0800015f   Thumb Code     0  startup_stm32f10x_hd.o(.text)
    TIM6_IRQHandler                          0x0800015f   Thumb Code     0  startup_stm32f10x_hd.o(.text)
    TIM7_IRQHandler                          0x0800015f   Thumb Code     0  startup_stm32f10x_hd.o(.text)
    TIM8_BRK_IRQHandler                      0x0800015f   Thumb Code     0  startup_stm32f10x_hd.o(.text)
    TIM8_CC_IRQHandler                       0x0800015f   Thumb Code     0  startup_stm32f10x_hd.o(.text)
    TIM8_TRG_COM_IRQHandler                  0x0800015f   Thumb Code     0  startup_stm32f10x_hd.o(.text)
    TIM8_UP_IRQHandler                       0x0800015f   Thumb Code     0  startup_stm32f10x_hd.o(.text)
    UART4_IRQHandler                         0x0800015f   Thumb Code     0  startup_stm32f10x_hd.o(.text)
    UART5_IRQHandler                         0x0800015f   Thumb Code     0  startup_stm32f10x_hd.o(.text)
    USART2_IRQHandler                        0x0800015f   Thumb Code     0  startup_stm32f10x_hd.o(.text)
    USBWakeUp_IRQHandler                     0x0800015f   Thumb Code     0  startup_stm32f10x_hd.o(.text)
    USB_HP_CAN1_TX_IRQHandler                0x0800015f   Thumb Code     0  startup_stm32f10x_hd.o(.text)
    USB_LP_CAN1_RX0_IRQHandler               0x0800015f   Thumb Code     0  startup_stm32f10x_hd.o(.text)
    WWDG_IRQHandler                          0x0800015f   Thumb Code     0  startup_stm32f10x_hd.o(.text)
    __aeabi_memcpy                           0x08000169   Thumb Code    36  memcpya.o(.text)
    __aeabi_memcpy4                          0x08000169   Thumb Code     0  memcpya.o(.text)
    __aeabi_memcpy8                          0x08000169   Thumb Code     0  memcpya.o(.text)
    __aeabi_memset                           0x0800018d   Thumb Code    14  memseta.o(.text)
    __aeabi_memset4                          0x0800018d   Thumb Code     0  memseta.o(.text)
    __aeabi_memset8                          0x0800018d   Thumb Code     0  memseta.o(.text)
    __aeabi_memclr                           0x0800019b   Thumb Code     4  memseta.o(.text)
    __aeabi_memclr4                          0x0800019b   Thumb Code     0  memseta.o(.text)
    __aeabi_memclr8                          0x0800019b   Thumb Code     0  memseta.o(.text)
    _memset$wrapper                          0x0800019f   Thumb Code    18  memseta.o(.text)
    strstr                                   0x080001b1   Thumb Code    36  strstr.o(.text)
    strlen                                   0x080001d5   Thumb Code    14  strlen.o(.text)
    strcmp                                   0x080001e3   Thumb Code    28  strcmp.o(.text)
    __aeabi_dmul                             0x080001ff   Thumb Code   228  dmul.o(.text)
    __aeabi_ui2d                             0x080002e3   Thumb Code    26  dfltui.o(.text)
    __aeabi_f2uiz                            0x080002fd   Thumb Code    40  ffixui.o(.text)
    __aeabi_f2d                              0x08000325   Thumb Code    38  f2d.o(.text)
    __aeabi_d2f                              0x0800034b   Thumb Code    56  d2f.o(.text)
    __aeabi_cfcmpeq                          0x08000385   Thumb Code     0  cfcmple.o(.text)
    __aeabi_cfcmple                          0x08000385   Thumb Code    20  cfcmple.o(.text)
    __aeabi_cfrcmple                         0x08000399   Thumb Code    20  cfrcmple.o(.text)
    __aeabi_uidiv                            0x080003ad   Thumb Code     0  uidiv.o(.text)
    __aeabi_uidivmod                         0x080003ad   Thumb Code    44  uidiv.o(.text)
    __aeabi_uldivmod                         0x080003d9   Thumb Code    98  uldiv.o(.text)
    __I$use$fp                               0x0800043b   Thumb Code     0  iusefp.o(.text)
    _float_round                             0x0800043b   Thumb Code    18  fepilogue.o(.text)
    _float_epilogue                          0x0800044d   Thumb Code    92  fepilogue.o(.text)
    _double_round                            0x080004a9   Thumb Code    30  depilogue.o(.text)
    _double_epilogue                         0x080004c7   Thumb Code   156  depilogue.o(.text)
    __aeabi_dadd                             0x08000563   Thumb Code   322  dadd.o(.text)
    __aeabi_dsub                             0x080006a5   Thumb Code     6  dadd.o(.text)
    __aeabi_drsub                            0x080006ab   Thumb Code     6  dadd.o(.text)
    __aeabi_ddiv                             0x080006b1   Thumb Code   222  ddiv.o(.text)
    __aeabi_d2ulz                            0x0800078f   Thumb Code    48  dfixul.o(.text)
    __aeabi_cdrcmple                         0x080007c1   Thumb Code    48  cdrcmple.o(.text)
    __scatterload                            0x080007f1   Thumb Code    28  init.o(.text)
    __scatterload_rt2                        0x080007f1   Thumb Code     0  init.o(.text)
    __aeabi_llsl                             0x08000815   Thumb Code    30  llshl.o(.text)
    _ll_shift_l                              0x08000815   Thumb Code     0  llshl.o(.text)
    __aeabi_llsr                             0x08000833   Thumb Code    32  llushr.o(.text)
    _ll_ushift_r                             0x08000833   Thumb Code     0  llushr.o(.text)
    __aeabi_lasr                             0x08000853   Thumb Code    36  llsshr.o(.text)
    _ll_sshift_r                             0x08000853   Thumb Code     0  llsshr.o(.text)
    __decompress                             0x08000877   Thumb Code     0  __dczerorl2.o(.text)
    __decompress1                            0x08000877   Thumb Code    86  __dczerorl2.o(.text)
    AT24C02_Init                             0x080008cd   Thumb Code     8  at24c02.o(i.AT24C02_Init)
    AT24C02_ReadBlockData                    0x080008d5   Thumb Code    86  at24c02.o(i.AT24C02_ReadBlockData)
    AT24C02_ReadByte                         0x0800092b   Thumb Code    60  at24c02.o(i.AT24C02_ReadByte)
    AT24C02_ReadMul                          0x08000969   Thumb Code    42  at24c02.o(i.AT24C02_ReadMul)
    AT24C02_ReadOne                          0x080009a9   Thumb Code    20  at24c02.o(i.AT24C02_ReadOne)
    AT24C02_WriteBlockData                   0x080009d1   Thumb Code   120  at24c02.o(i.AT24C02_WriteBlockData)
    AT24C02_WriteByte                        0x08000a49   Thumb Code    52  at24c02.o(i.AT24C02_WriteByte)
    AT24C02_WriteMul                         0x08000a7d   Thumb Code    32  at24c02.o(i.AT24C02_WriteMul)
    AT24C02_WriteOne                         0x08000a9d   Thumb Code    12  at24c02.o(i.AT24C02_WriteOne)
    AliIoT_Parameter_Init                    0x08000aa9   Thumb Code   186  mqtt.o(i.AliIoT_Parameter_Init)
    BEEP_Init                                0x08000c7d   Thumb Code    50  beep.o(i.BEEP_Init)
    BEEP_Off                                 0x08000cb5   Thumb Code    14  beep.o(i.BEEP_Off)
    BEEP_On                                  0x08000cc9   Thumb Code    14  beep.o(i.BEEP_On)
    BusFault_Handler                         0x08000cdd   Thumb Code     4  stm32f10x_it.o(i.BusFault_Handler)
    DEVICE_Init                              0x08000ce1   Thumb Code    20  init.o(i.DEVICE_Init)
    DMA1_Channel2_IRQHandler                 0x08000cf9   Thumb Code    26  interrupt.o(i.DMA1_Channel2_IRQHandler)
    DMA1_Channel4_IRQHandler                 0x08000d19   Thumb Code    36  interrupt.o(i.DMA1_Channel4_IRQHandler)
    DMA_ClearITPendingBit                    0x08000d45   Thumb Code    18  stm32f10x_dma.o(i.DMA_ClearITPendingBit)
    DMA_Cmd                                  0x08000d61   Thumb Code    24  stm32f10x_dma.o(i.DMA_Cmd)
    DMA_GetCurrDataCounter                   0x08000d79   Thumb Code     8  stm32f10x_dma.o(i.DMA_GetCurrDataCounter)
    DMA_GetITStatus                          0x08000d81   Thumb Code    36  stm32f10x_dma.o(i.DMA_GetITStatus)
    DMA_ITConfig                             0x08000dad   Thumb Code    18  stm32f10x_dma.o(i.DMA_ITConfig)
    DMA_Init                                 0x08000dbf   Thumb Code    60  stm32f10x_dma.o(i.DMA_Init)
    DMA_SetCurrDataCounter                   0x08000dfb   Thumb Code     4  stm32f10x_dma.o(i.DMA_SetCurrDataCounter)
    DS18B20_GetTemperture                    0x08000e01   Thumb Code   128  ds18b20.o(i.DS18B20_GetTemperture)
    DS18B20_IO_IN                            0x08000e85   Thumb Code    26  ds18b20.o(i.DS18B20_IO_IN)
    DS18B20_IO_OUT                           0x08000ea5   Thumb Code    32  ds18b20.o(i.DS18B20_IO_OUT)
    DS18B20_Init                             0x08000ec9   Thumb Code    40  ds18b20.o(i.DS18B20_Init)
    DS18B20_MatchRom                         0x08000ef5   Thumb Code    28  ds18b20.o(i.DS18B20_MatchRom)
    DS18B20_ReadRom                          0x08000f15   Thumb Code    48  ds18b20.o(i.DS18B20_ReadRom)
    DS18B20_Read_Byte                        0x08000f55   Thumb Code    64  ds18b20.o(i.DS18B20_Read_Byte)
    DS18B20_Reset                            0x08000f9d   Thumb Code    86  ds18b20.o(i.DS18B20_Reset)
    DS18B20_Test                             0x08001021   Thumb Code    54  ds18b20.o(i.DS18B20_Test)
    DS18B20_Write_Byte                       0x08001081   Thumb Code    84  ds18b20.o(i.DS18B20_Write_Byte)
    DebugMon_Handler                         0x080010dd   Thumb Code     2  stm32f10x_it.o(i.DebugMon_Handler)
    EHOME_Run                                0x080010df   Thumb Code    48  run.o(i.EHOME_Run)
    EXTI0_IRQHandler                         0x0800110f   Thumb Code    26  exti.o(i.EXTI0_IRQHandler)
    EXTI3_IRQHandler                         0x08001129   Thumb Code    26  exti.o(i.EXTI3_IRQHandler)
    EXTI4_IRQHandler                         0x08001145   Thumb Code    52  exti.o(i.EXTI4_IRQHandler)
    EXTI_ClearITPendingBit                   0x0800117d   Thumb Code     6  stm32f10x_exti.o(i.EXTI_ClearITPendingBit)
    EXTI_GetITStatus                         0x08001189   Thumb Code    34  stm32f10x_exti.o(i.EXTI_GetITStatus)
    EXTI_Init                                0x080011b1   Thumb Code   142  stm32f10x_exti.o(i.EXTI_Init)
    GPIO_EXTILineConfig                      0x08001245   Thumb Code    60  stm32f10x_gpio.o(i.GPIO_EXTILineConfig)
    GPIO_Init                                0x08001285   Thumb Code   278  stm32f10x_gpio.o(i.GPIO_Init)
    GPIO_PinRemapConfig                      0x0800139d   Thumb Code   138  stm32f10x_gpio.o(i.GPIO_PinRemapConfig)
    GPIO_ResetBits                           0x0800142d   Thumb Code     4  stm32f10x_gpio.o(i.GPIO_ResetBits)
    GPIO_SetBits                             0x08001431   Thumb Code     4  stm32f10x_gpio.o(i.GPIO_SetBits)
    HardFault_Handler                        0x08001435   Thumb Code     4  stm32f10x_it.o(i.HardFault_Handler)
    IIC_Ack                                  0x08001439   Thumb Code    48  iic.o(i.IIC_Ack)
    IIC_Init                                 0x08001471   Thumb Code    76  iic.o(i.IIC_Init)
    IIC_NAck                                 0x080014c9   Thumb Code    48  iic.o(i.IIC_NAck)
    IIC_Read_Byte                            0x08001501   Thumb Code    80  iic.o(i.IIC_Read_Byte)
    IIC_Send_Byte                            0x08001559   Thumb Code    82  iic.o(i.IIC_Send_Byte)
    IIC_Start                                0x080015b5   Thumb Code    48  iic.o(i.IIC_Start)
    IIC_Stop                                 0x080015ed   Thumb Code    40  iic.o(i.IIC_Stop)
    IIC_Wait_Ack                             0x0800161d   Thumb Code    76  iic.o(i.IIC_Wait_Ack)
    KEY_Init                                 0x08001685   Thumb Code    64  key.o(i.KEY_Init)
    KEY_Scan                                 0x080016cd   Thumb Code   110  key.o(i.KEY_Scan)
    LED_Init                                 0x08001749   Thumb Code    80  led.o(i.LED_Init)
    LED_Off                                  0x080017a1   Thumb Code    20  led.o(i.LED_Off)
    LED_On                                   0x080017bd   Thumb Code    20  led.o(i.LED_On)
    MQTT_ConnectPack                         0x080017d9   Thumb Code   514  mqtt.o(i.MQTT_ConnectPack)
    MQTT_Connect_Cmd                         0x08001a09   Thumb Code    42  mqtt.o(i.MQTT_Connect_Cmd)
    MQTT_Ctrl_BeepState                      0x08001a55   Thumb Code    46  mqtt.o(i.MQTT_Ctrl_BeepState)
    MQTT_Ctrl_LedState                       0x08001ac5   Thumb Code    88  mqtt.o(i.MQTT_Ctrl_LedState)
    MQTT_PingREQ                             0x08001b89   Thumb Code    36  mqtt.o(i.MQTT_PingREQ)
    MQTT_Ping_Cmd                            0x08001bb5   Thumb Code    14  mqtt.o(i.MQTT_Ping_Cmd)
    MQTT_Publish                             0x08001bc9   Thumb Code   236  mqtt.o(i.MQTT_Publish)
    MQTT_PublishBeepState_Cmd                0x08001cc9   Thumb Code    44  mqtt.o(i.MQTT_PublishBeepState_Cmd)
    MQTT_PublishLedState_Cmd                 0x08001d35   Thumb Code    68  mqtt.o(i.MQTT_PublishLedState_Cmd)
    MQTT_PublishTemp_Cmd                     0x08001dbd   Thumb Code    66  mqtt.o(i.MQTT_PublishTemp_Cmd)
    MQTT_Push_Handle                         0x08001e5d   Thumb Code   124  mqtt.o(i.MQTT_Push_Handle)
    MQTT_Sub_Cmd                             0x08001ee5   Thumb Code    48  mqtt.o(i.MQTT_Sub_Cmd)
    MQTT_Subscribe                           0x08001f71   Thumb Code   244  mqtt.o(i.MQTT_Subscribe)
    MemManage_Handler                        0x08002079   Thumb Code     4  stm32f10x_it.o(i.MemManage_Handler)
    My_EXTI_Init                             0x0800207d   Thumb Code   180  exti.o(i.My_EXTI_Init)
    NMI_Handler                              0x08002131   Thumb Code     2  stm32f10x_it.o(i.NMI_Handler)
    NVIC_Init                                0x08002135   Thumb Code   100  misc.o(i.NVIC_Init)
    NVIC_PriorityGroupConfig                 0x080021a5   Thumb Code    10  misc.o(i.NVIC_PriorityGroupConfig)
    OLED_Clear                               0x080021b9   Thumb Code    42  oled.o(i.OLED_Clear)
    OLED_DrawPoint                           0x080021e9   Thumb Code   100  oled.o(i.OLED_DrawPoint)
    OLED_Init                                0x08002251   Thumb Code   282  oled.o(i.OLED_Init)
    OLED_Refresh_Gram                        0x08002379   Thumb Code    70  oled.o(i.OLED_Refresh_Gram)
    OLED_ShowChar                            0x080023c5   Thumb Code   254  oled.o(i.OLED_ShowChar)
    OLED_ShowFontHZ                          0x080024d1   Thumb Code   230  oled.o(i.OLED_ShowFontHZ)
    OLED_ShowString                          0x080025bd   Thumb Code    94  oled.o(i.OLED_ShowString)
    OLED_Test                                0x0800261d   Thumb Code   160  oled.o(i.OLED_Test)
    OLED_WR_Byte                             0x080026cd   Thumb Code    84  oled.o(i.OLED_WR_Byte)
    PWM_Test                                 0x08002729   Thumb Code   182  pwm.o(i.PWM_Test)
    PendSV_Handler                           0x080027f5   Thumb Code     2  stm32f10x_it.o(i.PendSV_Handler)
    RCC_AHBPeriphClockCmd                    0x080027f9   Thumb Code    26  stm32f10x_rcc.o(i.RCC_AHBPeriphClockCmd)
    RCC_APB1PeriphClockCmd                   0x08002819   Thumb Code    26  stm32f10x_rcc.o(i.RCC_APB1PeriphClockCmd)
    RCC_APB1PeriphResetCmd                   0x08002839   Thumb Code    26  stm32f10x_rcc.o(i.RCC_APB1PeriphResetCmd)
    RCC_APB2PeriphClockCmd                   0x08002859   Thumb Code    26  stm32f10x_rcc.o(i.RCC_APB2PeriphClockCmd)
    RCC_APB2PeriphResetCmd                   0x08002879   Thumb Code    26  stm32f10x_rcc.o(i.RCC_APB2PeriphResetCmd)
    RCC_GetClocksFreq                        0x08002899   Thumb Code   192  stm32f10x_rcc.o(i.RCC_GetClocksFreq)
    SDA_IN                                   0x0800296d   Thumb Code    24  iic.o(i.SDA_IN)
    SDA_OUT                                  0x08002989   Thumb Code    30  iic.o(i.SDA_OUT)
    SVC_Handler                              0x080029ad   Thumb Code     2  stm32f10x_it.o(i.SVC_Handler)
    SysTick_Handler                          0x08002a99   Thumb Code     2  stm32f10x_it.o(i.SysTick_Handler)
    SysTick_Init                             0x08002a9d   Thumb Code    38  systick.o(i.SysTick_Init)
    SystemInit                               0x08002acd   Thumb Code    78  system_stm32f10x.o(i.SystemInit)
    TIM2_CH2_PWM_Init                        0x08002b2d   Thumb Code   374  pwm.o(i.TIM2_CH2_PWM_Init)
    TIM3_IRQHandler                          0x08002cb1   Thumb Code   212  timer3.o(i.TIM3_IRQHandler)
    TIM4_IRQHandler                          0x08002d9d   Thumb Code    38  timer4.o(i.TIM4_IRQHandler)
    TIMER3_ENALBE_1S                         0x08002dcd   Thumb Code    94  timer3.o(i.TIMER3_ENALBE_1S)
    TIMER4_Init                              0x08002e31   Thumb Code    94  timer4.o(i.TIMER4_Init)
    TIMER4_Start                             0x08002e95   Thumb Code    12  timer4.o(i.TIMER4_Start)
    TIMER4_Stop                              0x08002ea5   Thumb Code    12  timer4.o(i.TIMER4_Stop)
    TIM_ARRPreloadConfig                     0x08002eb5   Thumb Code    24  stm32f10x_tim.o(i.TIM_ARRPreloadConfig)
    TIM_ClearITPendingBit                    0x08002ecd   Thumb Code     6  stm32f10x_tim.o(i.TIM_ClearITPendingBit)
    TIM_Cmd                                  0x08002ed3   Thumb Code    24  stm32f10x_tim.o(i.TIM_Cmd)
    TIM_GetITStatus                          0x08002eeb   Thumb Code    34  stm32f10x_tim.o(i.TIM_GetITStatus)
    TIM_ITConfig                             0x08002f0d   Thumb Code    18  stm32f10x_tim.o(i.TIM_ITConfig)
    TIM_OC2Init                              0x08002f21   Thumb Code   154  stm32f10x_tim.o(i.TIM_OC2Init)
    TIM_OC2PreloadConfig                     0x08002fc5   Thumb Code    26  stm32f10x_tim.o(i.TIM_OC2PreloadConfig)
    TIM_OC4Init                              0x08002fe1   Thumb Code   114  stm32f10x_tim.o(i.TIM_OC4Init)
    TIM_OC4PreloadConfig                     0x0800305d   Thumb Code    26  stm32f10x_tim.o(i.TIM_OC4PreloadConfig)
    TIM_SetCompare2                          0x08003077   Thumb Code     4  stm32f10x_tim.o(i.TIM_SetCompare2)
    TIM_SetCompare4                          0x0800307b   Thumb Code     6  stm32f10x_tim.o(i.TIM_SetCompare4)
    TIM_TimeBaseInit                         0x08003081   Thumb Code   122  stm32f10x_tim.o(i.TIM_TimeBaseInit)
    UART1DMA_Init                            0x08003125   Thumb Code   168  dma.o(i.UART1DMA_Init)
    UART1DMA_Tx_Test                         0x080031dd   Thumb Code   106  dma.o(i.UART1DMA_Tx_Test)
    UART3DMA_Init                            0x08003271   Thumb Code   160  uart3.o(i.UART3DMA_Init)
    UART3_Init                               0x08003321   Thumb Code   190  uart3.o(i.UART3_Init)
    UART3_Puts                               0x080033e9   Thumb Code    54  uart3.o(i.UART3_Puts)
    UART3_TxData                             0x08003429   Thumb Code    46  uart3.o(i.UART3_TxData)
    UART_IDLEInit                            0x0800345d   Thumb Code   182  uart.o(i.UART_IDLEInit)
    UART_Putc                                0x0800351d   Thumb Code    28  uart.o(i.UART_Putc)
    UART_Puts                                0x0800353d   Thumb Code    22  uart.o(i.UART_Puts)
    USART1_IRQHandler                        0x08003555   Thumb Code   150  interrupt.o(i.USART1_IRQHandler)
    USART3_IRQHandler                        0x08003609   Thumb Code    78  interrupt.o(i.USART3_IRQHandler)
    USART_ClearITPendingBit                  0x0800366d   Thumb Code    30  stm32f10x_usart.o(i.USART_ClearITPendingBit)
    USART_Cmd                                0x0800368b   Thumb Code    24  stm32f10x_usart.o(i.USART_Cmd)
    USART_DMACmd                             0x080036a3   Thumb Code    18  stm32f10x_usart.o(i.USART_DMACmd)
    USART_DeInit                             0x080036b5   Thumb Code   134  stm32f10x_usart.o(i.USART_DeInit)
    USART_GetFlagStatus                      0x08003751   Thumb Code    26  stm32f10x_usart.o(i.USART_GetFlagStatus)
    USART_GetITStatus                        0x0800376b   Thumb Code    84  stm32f10x_usart.o(i.USART_GetITStatus)
    USART_ITConfig                           0x080037bf   Thumb Code    74  stm32f10x_usart.o(i.USART_ITConfig)
    USART_Init                               0x08003809   Thumb Code   210  stm32f10x_usart.o(i.USART_Init)
    USART_ReceiveData                        0x080038e1   Thumb Code    10  stm32f10x_usart.o(i.USART_ReceiveData)
    USART_SendData                           0x080038eb   Thumb Code     8  stm32f10x_usart.o(i.USART_SendData)
    UsageFault_Handler                       0x080038f3   Thumb Code     4  stm32f10x_it.o(i.UsageFault_Handler)
    WIFI_Connect                             0x080038f7   Thumb Code    14  esp8266.o(i.WIFI_Connect)
    WIFI_Connect_IOTServer                   0x08003905   Thumb Code   240  esp8266.o(i.WIFI_Connect_IOTServer)
    WIFI_Connect_Server                      0x08003c8d   Thumb Code   198  esp8266.o(i.WIFI_Connect_Server)
    WIFI_JoinAP                              0x08003e05   Thumb Code    88  esp8266.o(i.WIFI_JoinAP)
    WIFI_Reset                               0x08003ea9   Thumb Code    82  esp8266.o(i.WIFI_Reset)
    WIFI_ResetIO_Init                        0x08003f19   Thumb Code    62  esp8266.o(i.WIFI_ResetIO_Init)
    WIFI_SendCmd                             0x08003f65   Thumb Code    86  esp8266.o(i.WIFI_SendCmd)
    WIFI_Send_Data                           0x08003fd9   Thumb Code    14  esp8266.o(i.WIFI_Send_Data)
    X6818_TCPTest                            0x08003ff9   Thumb Code     2  esp8266.o(i.X6818_TCPTest)
    __0printf                                0x08003ffd   Thumb Code    22  printfa.o(i.__0printf)
    __1printf                                0x08003ffd   Thumb Code     0  printfa.o(i.__0printf)
    __2printf                                0x08003ffd   Thumb Code     0  printfa.o(i.__0printf)
    __c89printf                              0x08003ffd   Thumb Code     0  printfa.o(i.__0printf)
    printf                                   0x08003ffd   Thumb Code     0  printfa.o(i.__0printf)
    __0sprintf                               0x0800401d   Thumb Code    34  printfa.o(i.__0sprintf)
    __1sprintf                               0x0800401d   Thumb Code     0  printfa.o(i.__0sprintf)
    __2sprintf                               0x0800401d   Thumb Code     0  printfa.o(i.__0sprintf)
    __c89sprintf                             0x0800401d   Thumb Code     0  printfa.o(i.__0sprintf)
    sprintf                                  0x0800401d   Thumb Code     0  printfa.o(i.__0sprintf)
    __0vsprintf                              0x08004045   Thumb Code    30  printfa.o(i.__0vsprintf)
    __1vsprintf                              0x08004045   Thumb Code     0  printfa.o(i.__0vsprintf)
    __2vsprintf                              0x08004045   Thumb Code     0  printfa.o(i.__0vsprintf)
    __c89vsprintf                            0x08004045   Thumb Code     0  printfa.o(i.__0vsprintf)
    vsprintf                                 0x08004045   Thumb Code     0  printfa.o(i.__0vsprintf)
    __scatterload_copy                       0x08004069   Thumb Code    14  handlers.o(i.__scatterload_copy)
    __scatterload_null                       0x08004077   Thumb Code     2  handlers.o(i.__scatterload_null)
    __scatterload_zeroinit                   0x08004079   Thumb Code    14  handlers.o(i.__scatterload_zeroinit)
    delay_ms                                 0x08004945   Thumb Code    72  systick.o(i.delay_ms)
    delay_us                                 0x08004991   Thumb Code    72  systick.o(i.delay_us)
    find_cmd                                 0x080049dd   Thumb Code    44  cmd.o(i.find_cmd)
    fputc                                    0x08004a11   Thumb Code    32  uart.o(i.fputc)
    main                                     0x08004a35   Thumb Code   126  main.o(i.main)
    utils_hb2hex                             0x08004b05   Thumb Code    24  utils_md5.o(i.utils_hb2hex)
    utils_hmac_sha1                          0x08004b1d   Thumb Code   232  utils_hmac.o(i.utils_hmac_sha1)
    utils_sha1_finish                        0x08004c05   Thumb Code   228  utils_sha1.o(i.utils_sha1_finish)
    utils_sha1_init                          0x08004ced   Thumb Code    14  utils_sha1.o(i.utils_sha1_init)
    utils_sha1_process                       0x08004cfd   Thumb Code  6420  utils_sha1.o(i.utils_sha1_process)
    utils_sha1_starts                        0x08006619   Thumb Code    30  utils_sha1.o(i.utils_sha1_starts)
    utils_sha1_update                        0x08006645   Thumb Code   124  utils_sha1.o(i.utils_sha1_update)
    ascii_1206                               0x08006700   Data        1140  oled.o(.constdata)
    ascii_1608                               0x08006b74   Data        1520  oled.o(.constdata)
    ascii_2412                               0x08007164   Data        3420  oled.o(.constdata)
    FontHzk                                  0x08007ec0   Data         192  oled.o(.constdata)
    Region$$Table$$Base                      0x080081ac   Number         0  anon$$obj.o(Region$$Table)
    Region$$Table$$Limit                     0x080081cc   Number         0  anon$$obj.o(Region$$Table)
    cmd_tbl                                  0x20000064   Data         184  cmd.o(.data)
    cmd_num                                  0x2000011c   Data           4  cmd.o(.data)
    UART_RxCounter                           0x20000120   Data           4  interrupt.o(.data)
    UART_Send_Flag                           0x20000124   Data           1  interrupt.o(.data)
    UART1DMA_TxCounter                       0x20000130   Data           4  dma.o(.data)
    DMA_TcFlags                              0x20000134   Data           4  dma.o(.data)
    UART1DMA_RxCounter                       0x20000138   Data           4  dma.o(.data)
    UART3_RxCounter                          0x2000013c   Data           4  uart3.o(.data)
    Clientid_len                             0x20000140   Data           4  mqtt.o(.data)
    Username_len                             0x20000144   Data           4  mqtt.o(.data)
    Passwd_len                               0x20000148   Data           4  mqtt.o(.data)
    ServerPort                               0x2000014c   Data           4  mqtt.o(.data)
    Fixed_len                                0x20000150   Data           4  mqtt.o(.data)
    Variable_len                             0x20000154   Data           4  mqtt.o(.data)
    Payload_len                              0x20000158   Data           4  mqtt.o(.data)
    __stdout                                 0x2000015c   Data           4  stdout.o(.data)
    UART_RxBuff                              0x20000160   Data        1024  interrupt.o(.bss)
    UART1DMA_TxBuff                          0x20000560   Data        4096  dma.o(.bss)
    UART1DMA_RxBuff                          0x20001560   Data        1024  dma.o(.bss)
    UART3_RxBuff                             0x20001960   Data        1024  uart3.o(.bss)
    UART3_TxBuff                             0x20001d60   Data        1024  uart3.o(.bss)
    MQTT_RxDataBuf                           0x20002160   Data         300  mqtt.o(.bss)
    MQTT_TxDataBuf                           0x2000228c   Data         300  mqtt.o(.bss)
    MQTT_CmdBuf                              0x200023b8   Data         300  mqtt.o(.bss)
    Clientid                                 0x200024e4   Data         128  mqtt.o(.bss)
    Username                                 0x20002564   Data         128  mqtt.o(.bss)
    Passwd                                   0x200025e4   Data         128  mqtt.o(.bss)
    ServerIP                                 0x20002664   Data         128  mqtt.o(.bss)
    temp_buff                                0x200026e4   Data         300  mqtt.o(.bss)
    OLED_GRAM                                0x20002810   Data        1024  oled.o(.bss)
    __initial_sp                             0x20003010   Data           0  startup_stm32f10x_hd.o(STACK)



==============================================================================

Memory Map of the image

  Image Entry point : 0x08000131

  Load Region LR_IROM1 (Base: 0x08000000, Size: 0x0000832c, Max: 0x00080000, ABSOLUTE, COMPRESSED[0x000082b4])

    Execution Region ER_IROM1 (Exec base: 0x08000000, Load base: 0x08000000, Size: 0x000081cc, Max: 0x00080000, ABSOLUTE)

    Exec Addr    Load Addr    Size         Type   Attr      Idx    E Section Name        Object

    0x08000000   0x08000000   0x00000130   Data   RO          231    RESET               startup_stm32f10x_hd.o
    0x08000130   0x08000130   0x00000000   Code   RO         2812  * .ARM.Collect$$$$00000000  mc_w.l(entry.o)
    0x08000130   0x08000130   0x00000004   Code   RO         3102    .ARM.Collect$$$$00000001  mc_w.l(entry2.o)
    0x08000134   0x08000134   0x00000004   Code   RO         3105    .ARM.Collect$$$$00000004  mc_w.l(entry5.o)
    0x08000138   0x08000138   0x00000000   Code   RO         3107    .ARM.Collect$$$$00000008  mc_w.l(entry7b.o)
    0x08000138   0x08000138   0x00000000   Code   RO         3109    .ARM.Collect$$$$0000000A  mc_w.l(entry8b.o)
    0x08000138   0x08000138   0x00000008   Code   RO         3110    .ARM.Collect$$$$0000000B  mc_w.l(entry9a.o)
    0x08000140   0x08000140   0x00000000   Code   RO         3112    .ARM.Collect$$$$0000000D  mc_w.l(entry10a.o)
    0x08000140   0x08000140   0x00000000   Code   RO         3114    .ARM.Collect$$$$0000000F  mc_w.l(entry11a.o)
    0x08000140   0x08000140   0x00000004   Code   RO         3103    .ARM.Collect$$$$00002712  mc_w.l(entry2.o)
    0x08000144   0x08000144   0x00000024   Code   RO          232    .text               startup_stm32f10x_hd.o
    0x08000168   0x08000168   0x00000024   Code   RO         2815    .text               mc_w.l(memcpya.o)
    0x0800018c   0x0800018c   0x00000024   Code   RO         2817    .text               mc_w.l(memseta.o)
    0x080001b0   0x080001b0   0x00000024   Code   RO         2819    .text               mc_w.l(strstr.o)
    0x080001d4   0x080001d4   0x0000000e   Code   RO         2821    .text               mc_w.l(strlen.o)
    0x080001e2   0x080001e2   0x0000001c   Code   RO         2823    .text               mc_w.l(strcmp.o)
    0x080001fe   0x080001fe   0x000000e4   Code   RO         3088    .text               mf_w.l(dmul.o)
    0x080002e2   0x080002e2   0x0000001a   Code   RO         3090    .text               mf_w.l(dfltui.o)
    0x080002fc   0x080002fc   0x00000028   Code   RO         3092    .text               mf_w.l(ffixui.o)
    0x08000324   0x08000324   0x00000026   Code   RO         3094    .text               mf_w.l(f2d.o)
    0x0800034a   0x0800034a   0x00000038   Code   RO         3096    .text               mf_w.l(d2f.o)
    0x08000382   0x08000382   0x00000002   PAD
    0x08000384   0x08000384   0x00000014   Code   RO         3098    .text               mf_w.l(cfcmple.o)
    0x08000398   0x08000398   0x00000014   Code   RO         3100    .text               mf_w.l(cfrcmple.o)
    0x080003ac   0x080003ac   0x0000002c   Code   RO         3117    .text               mc_w.l(uidiv.o)
    0x080003d8   0x080003d8   0x00000062   Code   RO         3119    .text               mc_w.l(uldiv.o)
    0x0800043a   0x0800043a   0x00000000   Code   RO         3121    .text               mc_w.l(iusefp.o)
    0x0800043a   0x0800043a   0x0000006e   Code   RO         3122    .text               mf_w.l(fepilogue.o)
    0x080004a8   0x080004a8   0x000000ba   Code   RO         3124    .text               mf_w.l(depilogue.o)
    0x08000562   0x08000562   0x0000014e   Code   RO         3126    .text               mf_w.l(dadd.o)
    0x080006b0   0x080006b0   0x000000de   Code   RO         3128    .text               mf_w.l(ddiv.o)
    0x0800078e   0x0800078e   0x00000030   Code   RO         3130    .text               mf_w.l(dfixul.o)
    0x080007be   0x080007be   0x00000002   PAD
    0x080007c0   0x080007c0   0x00000030   Code   RO         3132    .text               mf_w.l(cdrcmple.o)
    0x080007f0   0x080007f0   0x00000024   Code   RO         3134    .text               mc_w.l(init.o)
    0x08000814   0x08000814   0x0000001e   Code   RO         3136    .text               mc_w.l(llshl.o)
    0x08000832   0x08000832   0x00000020   Code   RO         3138    .text               mc_w.l(llushr.o)
    0x08000852   0x08000852   0x00000024   Code   RO         3140    .text               mc_w.l(llsshr.o)
    0x08000876   0x08000876   0x00000056   Code   RO         3150    .text               mc_w.l(__dczerorl2.o)
    0x080008cc   0x080008cc   0x00000008   Code   RO         1991    i.AT24C02_Init      at24c02.o
    0x080008d4   0x080008d4   0x00000056   Code   RO         1992    i.AT24C02_ReadBlockData  at24c02.o
    0x0800092a   0x0800092a   0x0000003c   Code   RO         1993    i.AT24C02_ReadByte  at24c02.o
    0x08000966   0x08000966   0x00000002   PAD
    0x08000968   0x08000968   0x00000040   Code   RO         1994    i.AT24C02_ReadMul   at24c02.o
    0x080009a8   0x080009a8   0x00000028   Code   RO         1995    i.AT24C02_ReadOne   at24c02.o
    0x080009d0   0x080009d0   0x00000078   Code   RO         1996    i.AT24C02_WriteBlockData  at24c02.o
    0x08000a48   0x08000a48   0x00000034   Code   RO         1997    i.AT24C02_WriteByte  at24c02.o
    0x08000a7c   0x08000a7c   0x00000020   Code   RO         1998    i.AT24C02_WriteMul  at24c02.o
    0x08000a9c   0x08000a9c   0x0000000c   Code   RO         1999    i.AT24C02_WriteOne  at24c02.o
    0x08000aa8   0x08000aa8   0x000001d4   Code   RO         2565    i.AliIoT_Parameter_Init  mqtt.o
    0x08000c7c   0x08000c7c   0x00000038   Code   RO         1722    i.BEEP_Init         beep.o
    0x08000cb4   0x08000cb4   0x00000014   Code   RO         1723    i.BEEP_Off          beep.o
    0x08000cc8   0x08000cc8   0x00000014   Code   RO         1724    i.BEEP_On           beep.o
    0x08000cdc   0x08000cdc   0x00000004   Code   RO          144    i.BusFault_Handler  stm32f10x_it.o
    0x08000ce0   0x08000ce0   0x00000018   Code   RO         1900    i.DEVICE_Init       init.o
    0x08000cf8   0x08000cf8   0x00000020   Code   RO         1954    i.DMA1_Channel2_IRQHandler  interrupt.o
    0x08000d18   0x08000d18   0x0000002c   Code   RO         1955    i.DMA1_Channel4_IRQHandler  interrupt.o
    0x08000d44   0x08000d44   0x0000001c   Code   RO         1026    i.DMA_ClearITPendingBit  stm32f10x_dma.o
    0x08000d60   0x08000d60   0x00000018   Code   RO         1027    i.DMA_Cmd           stm32f10x_dma.o
    0x08000d78   0x08000d78   0x00000008   Code   RO         1029    i.DMA_GetCurrDataCounter  stm32f10x_dma.o
    0x08000d80   0x08000d80   0x0000002c   Code   RO         1031    i.DMA_GetITStatus   stm32f10x_dma.o
    0x08000dac   0x08000dac   0x00000012   Code   RO         1032    i.DMA_ITConfig      stm32f10x_dma.o
    0x08000dbe   0x08000dbe   0x0000003c   Code   RO         1033    i.DMA_Init          stm32f10x_dma.o
    0x08000dfa   0x08000dfa   0x00000004   Code   RO         1034    i.DMA_SetCurrDataCounter  stm32f10x_dma.o
    0x08000dfe   0x08000dfe   0x00000002   PAD
    0x08000e00   0x08000e00   0x00000084   Code   RO         2134    i.DS18B20_GetTemperture  ds18b20.o
    0x08000e84   0x08000e84   0x00000020   Code   RO         2135    i.DS18B20_IO_IN     ds18b20.o
    0x08000ea4   0x08000ea4   0x00000024   Code   RO         2136    i.DS18B20_IO_OUT    ds18b20.o
    0x08000ec8   0x08000ec8   0x0000002c   Code   RO         2137    i.DS18B20_Init      ds18b20.o
    0x08000ef4   0x08000ef4   0x00000020   Code   RO         2138    i.DS18B20_MatchRom  ds18b20.o
    0x08000f14   0x08000f14   0x00000040   Code   RO         2139    i.DS18B20_ReadRom   ds18b20.o
    0x08000f54   0x08000f54   0x00000048   Code   RO         2140    i.DS18B20_Read_Byte  ds18b20.o
    0x08000f9c   0x08000f9c   0x00000084   Code   RO         2141    i.DS18B20_Reset     ds18b20.o
    0x08001020   0x08001020   0x00000060   Code   RO         2142    i.DS18B20_Test      ds18b20.o
    0x08001080   0x08001080   0x0000005c   Code   RO         2143    i.DS18B20_Write_Byte  ds18b20.o
    0x080010dc   0x080010dc   0x00000002   Code   RO          145    i.DebugMon_Handler  stm32f10x_it.o
    0x080010de   0x080010de   0x00000030   Code   RO         2670    i.EHOME_Run         run.o
    0x0800110e   0x0800110e   0x0000001a   Code   RO         1803    i.EXTI0_IRQHandler  exti.o
    0x08001128   0x08001128   0x0000001a   Code   RO         1804    i.EXTI3_IRQHandler  exti.o
    0x08001142   0x08001142   0x00000002   PAD
    0x08001144   0x08001144   0x00000038   Code   RO         1805    i.EXTI4_IRQHandler  exti.o
    0x0800117c   0x0800117c   0x0000000c   Code   RO          588    i.EXTI_ClearITPendingBit  stm32f10x_exti.o
    0x08001188   0x08001188   0x00000028   Code   RO          592    i.EXTI_GetITStatus  stm32f10x_exti.o
    0x080011b0   0x080011b0   0x00000094   Code   RO          593    i.EXTI_Init         stm32f10x_exti.o
    0x08001244   0x08001244   0x00000040   Code   RO          240    i.GPIO_EXTILineConfig  stm32f10x_gpio.o
    0x08001284   0x08001284   0x00000116   Code   RO          243    i.GPIO_Init         stm32f10x_gpio.o
    0x0800139a   0x0800139a   0x00000002   PAD
    0x0800139c   0x0800139c   0x00000090   Code   RO          245    i.GPIO_PinRemapConfig  stm32f10x_gpio.o
    0x0800142c   0x0800142c   0x00000004   Code   RO          250    i.GPIO_ResetBits    stm32f10x_gpio.o
    0x08001430   0x08001430   0x00000004   Code   RO          251    i.GPIO_SetBits      stm32f10x_gpio.o
    0x08001434   0x08001434   0x00000004   Code   RO          146    i.HardFault_Handler  stm32f10x_it.o
    0x08001438   0x08001438   0x00000038   Code   RO         2061    i.IIC_Ack           iic.o
    0x08001470   0x08001470   0x00000058   Code   RO         2062    i.IIC_Init          iic.o
    0x080014c8   0x080014c8   0x00000038   Code   RO         2063    i.IIC_NAck          iic.o
    0x08001500   0x08001500   0x00000058   Code   RO         2064    i.IIC_Read_Byte     iic.o
    0x08001558   0x08001558   0x0000005c   Code   RO         2065    i.IIC_Send_Byte     iic.o
    0x080015b4   0x080015b4   0x00000038   Code   RO         2066    i.IIC_Start         iic.o
    0x080015ec   0x080015ec   0x00000030   Code   RO         2067    i.IIC_Stop          iic.o
    0x0800161c   0x0800161c   0x00000068   Code   RO         2068    i.IIC_Wait_Ack      iic.o
    0x08001684   0x08001684   0x00000048   Code   RO         1778    i.KEY_Init          key.o
    0x080016cc   0x080016cc   0x0000007c   Code   RO         1779    i.KEY_Scan          key.o
    0x08001748   0x08001748   0x00000058   Code   RO         1690    i.LED_Init          led.o
    0x080017a0   0x080017a0   0x0000001c   Code   RO         1691    i.LED_Off           led.o
    0x080017bc   0x080017bc   0x0000001c   Code   RO         1692    i.LED_On            led.o
    0x080017d8   0x080017d8   0x00000230   Code   RO         2566    i.MQTT_ConnectPack  mqtt.o
    0x08001a08   0x08001a08   0x0000004c   Code   RO         2567    i.MQTT_Connect_Cmd  mqtt.o
    0x08001a54   0x08001a54   0x00000070   Code   RO         2568    i.MQTT_Ctrl_BeepState  mqtt.o
    0x08001ac4   0x08001ac4   0x000000c4   Code   RO         2569    i.MQTT_Ctrl_LedState  mqtt.o
    0x08001b88   0x08001b88   0x0000002c   Code   RO         2570    i.MQTT_PingREQ      mqtt.o
    0x08001bb4   0x08001bb4   0x00000014   Code   RO         2571    i.MQTT_Ping_Cmd     mqtt.o
    0x08001bc8   0x08001bc8   0x00000100   Code   RO         2572    i.MQTT_Publish      mqtt.o
    0x08001cc8   0x08001cc8   0x0000006c   Code   RO         2573    i.MQTT_PublishBeepState_Cmd  mqtt.o
    0x08001d34   0x08001d34   0x00000088   Code   RO         2574    i.MQTT_PublishLedState_Cmd  mqtt.o
    0x08001dbc   0x08001dbc   0x000000a0   Code   RO         2575    i.MQTT_PublishTemp_Cmd  mqtt.o
    0x08001e5c   0x08001e5c   0x00000088   Code   RO         2576    i.MQTT_Push_Handle  mqtt.o
    0x08001ee4   0x08001ee4   0x0000008c   Code   RO         2577    i.MQTT_Sub_Cmd      mqtt.o
    0x08001f70   0x08001f70   0x00000108   Code   RO         2578    i.MQTT_Subscribe    mqtt.o
    0x08002078   0x08002078   0x00000004   Code   RO          147    i.MemManage_Handler  stm32f10x_it.o
    0x0800207c   0x0800207c   0x000000b4   Code   RO         1806    i.My_EXTI_Init      exti.o
    0x08002130   0x08002130   0x00000002   Code   RO          148    i.NMI_Handler       stm32f10x_it.o
    0x08002132   0x08002132   0x00000002   PAD
    0x08002134   0x08002134   0x00000070   Code   RO          551    i.NVIC_Init         misc.o
    0x080021a4   0x080021a4   0x00000014   Code   RO          552    i.NVIC_PriorityGroupConfig  misc.o
    0x080021b8   0x080021b8   0x00000030   Code   RO         2713    i.OLED_Clear        oled.o
    0x080021e8   0x080021e8   0x00000068   Code   RO         2714    i.OLED_DrawPoint    oled.o
    0x08002250   0x08002250   0x00000128   Code   RO         2715    i.OLED_Init         oled.o
    0x08002378   0x08002378   0x0000004c   Code   RO         2716    i.OLED_Refresh_Gram  oled.o
    0x080023c4   0x080023c4   0x0000010c   Code   RO         2717    i.OLED_ShowChar     oled.o
    0x080024d0   0x080024d0   0x000000ec   Code   RO         2718    i.OLED_ShowFontHZ   oled.o
    0x080025bc   0x080025bc   0x0000005e   Code   RO         2719    i.OLED_ShowString   oled.o
    0x0800261a   0x0800261a   0x00000002   PAD
    0x0800261c   0x0800261c   0x000000b0   Code   RO         2720    i.OLED_Test         oled.o
    0x080026cc   0x080026cc   0x0000005c   Code   RO         2721    i.OLED_WR_Byte      oled.o
    0x08002728   0x08002728   0x000000cc   Code   RO         2787    i.PWM_Test          pwm.o
    0x080027f4   0x080027f4   0x00000002   Code   RO          149    i.PendSV_Handler    stm32f10x_it.o
    0x080027f6   0x080027f6   0x00000002   PAD
    0x080027f8   0x080027f8   0x00000020   Code   RO          352    i.RCC_AHBPeriphClockCmd  stm32f10x_rcc.o
    0x08002818   0x08002818   0x00000020   Code   RO          353    i.RCC_APB1PeriphClockCmd  stm32f10x_rcc.o
    0x08002838   0x08002838   0x00000020   Code   RO          354    i.RCC_APB1PeriphResetCmd  stm32f10x_rcc.o
    0x08002858   0x08002858   0x00000020   Code   RO          355    i.RCC_APB2PeriphClockCmd  stm32f10x_rcc.o
    0x08002878   0x08002878   0x00000020   Code   RO          356    i.RCC_APB2PeriphResetCmd  stm32f10x_rcc.o
    0x08002898   0x08002898   0x000000d4   Code   RO          363    i.RCC_GetClocksFreq  stm32f10x_rcc.o
    0x0800296c   0x0800296c   0x0000001c   Code   RO         2069    i.SDA_IN            iic.o
    0x08002988   0x08002988   0x00000024   Code   RO         2070    i.SDA_OUT           iic.o
    0x080029ac   0x080029ac   0x00000002   Code   RO          150    i.SVC_Handler       stm32f10x_it.o
    0x080029ae   0x080029ae   0x00000008   Code   RO         1655    i.SetSysClock       system_stm32f10x.o
    0x080029b6   0x080029b6   0x00000002   PAD
    0x080029b8   0x080029b8   0x000000e0   Code   RO         1656    i.SetSysClockTo72   system_stm32f10x.o
    0x08002a98   0x08002a98   0x00000002   Code   RO          151    i.SysTick_Handler   stm32f10x_it.o
    0x08002a9a   0x08002a9a   0x00000002   PAD
    0x08002a9c   0x08002a9c   0x00000030   Code   RO         1749    i.SysTick_Init      systick.o
    0x08002acc   0x08002acc   0x00000060   Code   RO         1658    i.SystemInit        system_stm32f10x.o
    0x08002b2c   0x08002b2c   0x00000184   Code   RO         2788    i.TIM2_CH2_PWM_Init  pwm.o
    0x08002cb0   0x08002cb0   0x000000ec   Code   RO         2688    i.TIM3_IRQHandler   timer3.o
    0x08002d9c   0x08002d9c   0x00000030   Code   RO         2238    i.TIM4_IRQHandler   timer4.o
    0x08002dcc   0x08002dcc   0x00000064   Code   RO         2689    i.TIMER3_ENALBE_1S  timer3.o
    0x08002e30   0x08002e30   0x00000064   Code   RO         2239    i.TIMER4_Init       timer4.o
    0x08002e94   0x08002e94   0x00000010   Code   RO         2240    i.TIMER4_Start      timer4.o
    0x08002ea4   0x08002ea4   0x00000010   Code   RO         2241    i.TIMER4_Stop       timer4.o
    0x08002eb4   0x08002eb4   0x00000018   Code   RO         1101    i.TIM_ARRPreloadConfig  stm32f10x_tim.o
    0x08002ecc   0x08002ecc   0x00000006   Code   RO         1108    i.TIM_ClearITPendingBit  stm32f10x_tim.o
    0x08002ed2   0x08002ed2   0x00000018   Code   RO         1113    i.TIM_Cmd           stm32f10x_tim.o
    0x08002eea   0x08002eea   0x00000022   Code   RO         1134    i.TIM_GetITStatus   stm32f10x_tim.o
    0x08002f0c   0x08002f0c   0x00000012   Code   RO         1138    i.TIM_ITConfig      stm32f10x_tim.o
    0x08002f1e   0x08002f1e   0x00000002   PAD
    0x08002f20   0x08002f20   0x000000a4   Code   RO         1147    i.TIM_OC2Init       stm32f10x_tim.o
    0x08002fc4   0x08002fc4   0x0000001a   Code   RO         1150    i.TIM_OC2PreloadConfig  stm32f10x_tim.o
    0x08002fde   0x08002fde   0x00000002   PAD
    0x08002fe0   0x08002fe0   0x0000007c   Code   RO         1157    i.TIM_OC4Init       stm32f10x_tim.o
    0x0800305c   0x0800305c   0x0000001a   Code   RO         1159    i.TIM_OC4PreloadConfig  stm32f10x_tim.o
    0x08003076   0x08003076   0x00000004   Code   RO         1175    i.TIM_SetCompare2   stm32f10x_tim.o
    0x0800307a   0x0800307a   0x00000006   Code   RO         1177    i.TIM_SetCompare4   stm32f10x_tim.o
    0x08003080   0x08003080   0x000000a4   Code   RO         1184    i.TIM_TimeBaseInit  stm32f10x_tim.o
    0x08003124   0x08003124   0x000000b8   Code   RO         2209    i.UART1DMA_Init     dma.o
    0x080031dc   0x080031dc   0x00000094   Code   RO         2210    i.UART1DMA_Tx_Test  dma.o
    0x08003270   0x08003270   0x000000b0   Code   RO         2271    i.UART3DMA_Init     uart3.o
    0x08003320   0x08003320   0x000000c8   Code   RO         2272    i.UART3_Init        uart3.o
    0x080033e8   0x080033e8   0x00000040   Code   RO         2273    i.UART3_Puts        uart3.o
    0x08003428   0x08003428   0x00000034   Code   RO         2274    i.UART3_TxData      uart3.o
    0x0800345c   0x0800345c   0x000000c0   Code   RO         1847    i.UART_IDLEInit     uart.o
    0x0800351c   0x0800351c   0x00000020   Code   RO         1849    i.UART_Putc         uart.o
    0x0800353c   0x0800353c   0x00000016   Code   RO         1850    i.UART_Puts         uart.o
    0x08003552   0x08003552   0x00000002   PAD
    0x08003554   0x08003554   0x000000b4   Code   RO         1956    i.USART1_IRQHandler  interrupt.o
    0x08003608   0x08003608   0x00000064   Code   RO         1957    i.USART3_IRQHandler  interrupt.o
    0x0800366c   0x0800366c   0x0000001e   Code   RO          642    i.USART_ClearITPendingBit  stm32f10x_usart.o
    0x0800368a   0x0800368a   0x00000018   Code   RO          645    i.USART_Cmd         stm32f10x_usart.o
    0x080036a2   0x080036a2   0x00000012   Code   RO          646    i.USART_DMACmd      stm32f10x_usart.o
    0x080036b4   0x080036b4   0x0000009c   Code   RO          647    i.USART_DeInit      stm32f10x_usart.o
    0x08003750   0x08003750   0x0000001a   Code   RO          648    i.USART_GetFlagStatus  stm32f10x_usart.o
    0x0800376a   0x0800376a   0x00000054   Code   RO          649    i.USART_GetITStatus  stm32f10x_usart.o
    0x080037be   0x080037be   0x0000004a   Code   RO          651    i.USART_ITConfig    stm32f10x_usart.o
    0x08003808   0x08003808   0x000000d8   Code   RO          652    i.USART_Init        stm32f10x_usart.o
    0x080038e0   0x080038e0   0x0000000a   Code   RO          659    i.USART_ReceiveData  stm32f10x_usart.o
    0x080038ea   0x080038ea   0x00000008   Code   RO          662    i.USART_SendData    stm32f10x_usart.o
    0x080038f2   0x080038f2   0x00000004   Code   RO          152    i.UsageFault_Handler  stm32f10x_it.o
    0x080038f6   0x080038f6   0x0000000e   Code   RO         2318    i.WIFI_Connect      esp8266.o
    0x08003904   0x08003904   0x00000388   Code   RO         2319    i.WIFI_Connect_IOTServer  esp8266.o
    0x08003c8c   0x08003c8c   0x00000178   Code   RO         2320    i.WIFI_Connect_Server  esp8266.o
    0x08003e04   0x08003e04   0x000000a4   Code   RO         2321    i.WIFI_JoinAP       esp8266.o
    0x08003ea8   0x08003ea8   0x00000070   Code   RO         2322    i.WIFI_Reset        esp8266.o
    0x08003f18   0x08003f18   0x0000004c   Code   RO         2323    i.WIFI_ResetIO_Init  esp8266.o
    0x08003f64   0x08003f64   0x00000074   Code   RO         2324    i.WIFI_SendCmd      esp8266.o
    0x08003fd8   0x08003fd8   0x00000020   Code   RO         2325    i.WIFI_Send_Data    esp8266.o
    0x08003ff8   0x08003ff8   0x00000002   Code   RO         2326    i.X6818_TCPTest     esp8266.o
    0x08003ffa   0x08003ffa   0x00000002   PAD
    0x08003ffc   0x08003ffc   0x00000020   Code   RO         3060    i.__0printf         mc_w.l(printfa.o)
    0x0800401c   0x0800401c   0x00000028   Code   RO         3062    i.__0sprintf        mc_w.l(printfa.o)
    0x08004044   0x08004044   0x00000024   Code   RO         3066    i.__0vsprintf       mc_w.l(printfa.o)
    0x08004068   0x08004068   0x0000000e   Code   RO         3144    i.__scatterload_copy  mc_w.l(handlers.o)
    0x08004076   0x08004076   0x00000002   Code   RO         3145    i.__scatterload_null  mc_w.l(handlers.o)
    0x08004078   0x08004078   0x0000000e   Code   RO         3146    i.__scatterload_zeroinit  mc_w.l(handlers.o)
    0x08004086   0x08004086   0x00000002   PAD
    0x08004088   0x08004088   0x00000184   Code   RO         3067    i._fp_digits        mc_w.l(printfa.o)
    0x0800420c   0x0800420c   0x000006dc   Code   RO         3068    i._printf_core      mc_w.l(printfa.o)
    0x080048e8   0x080048e8   0x00000024   Code   RO         3069    i._printf_post_padding  mc_w.l(printfa.o)
    0x0800490c   0x0800490c   0x0000002e   Code   RO         3070    i._printf_pre_padding  mc_w.l(printfa.o)
    0x0800493a   0x0800493a   0x0000000a   Code   RO         3072    i._sputc            mc_w.l(printfa.o)
    0x08004944   0x08004944   0x0000004c   Code   RO         1750    i.delay_ms          systick.o
    0x08004990   0x08004990   0x0000004c   Code   RO         1751    i.delay_us          systick.o
    0x080049dc   0x080049dc   0x00000034   Code   RO         1935    i.find_cmd          cmd.o
    0x08004a10   0x08004a10   0x00000024   Code   RO         1851    i.fputc             uart.o
    0x08004a34   0x08004a34   0x000000d0   Code   RO            1    i.main              main.o
    0x08004b04   0x08004b04   0x00000018   Code   RO         2430    i.utils_hb2hex      utils_md5.o
    0x08004b1c   0x08004b1c   0x000000e8   Code   RO         2387    i.utils_hmac_sha1   utils_hmac.o
    0x08004c04   0x08004c04   0x000000e8   Code   RO         2502    i.utils_sha1_finish  utils_sha1.o
    0x08004cec   0x08004cec   0x0000000e   Code   RO         2504    i.utils_sha1_init   utils_sha1.o
    0x08004cfa   0x08004cfa   0x00000002   PAD
    0x08004cfc   0x08004cfc   0x0000191c   Code   RO         2505    i.utils_sha1_process  utils_sha1.o
    0x08006618   0x08006618   0x0000002c   Code   RO         2506    i.utils_sha1_starts  utils_sha1.o
    0x08006644   0x08006644   0x0000007c   Code   RO         2507    i.utils_sha1_update  utils_sha1.o
    0x080066c0   0x080066c0   0x00000040   Data   RO         2509    .constdata          utils_sha1.o
    0x08006700   0x08006700   0x00001880   Data   RO         2723    .constdata          oled.o
    0x08007f80   0x08007f80   0x000000f7   Data   RO         1936    .conststring        cmd.o
    0x08008077   0x08008077   0x00000001   PAD
    0x08008078   0x08008078   0x00000134   Data   RO         2580    .conststring        mqtt.o
    0x080081ac   0x080081ac   0x00000020   Data   RO         3142    Region$$Table       anon$$obj.o


    Execution Region RW_IRAM1 (Exec base: 0x20000000, Load base: 0x080081cc, Size: 0x00003010, Max: 0x00010000, ABSOLUTE, COMPRESSED[0x000000e8])

    Exec Addr    Load Addr    Size         Type   Attr      Idx    E Section Name        Object

    0x20000000   COMPRESSED   0x00000004   Data   RW            2    .data               main.o
    0x20000004   COMPRESSED   0x00000014   Data   RW          383    .data               stm32f10x_rcc.o
    0x20000018   COMPRESSED   0x00000008   Data   RW         1752    .data               systick.o
    0x20000020   COMPRESSED   0x00000001   Data   RW         1780    .data               key.o
    0x20000021   COMPRESSED   0x00000003   PAD
    0x20000024   COMPRESSED   0x00000040   Data   RW         1901    .data               init.o
    0x20000064   COMPRESSED   0x000000bc   Data   RW         1937    .data               cmd.o
    0x20000120   COMPRESSED   0x00000005   Data   RW         1959    .data               interrupt.o
    0x20000125   COMPRESSED   0x00000008   Data   RW         2144    .data               ds18b20.o
    0x2000012d   COMPRESSED   0x00000003   PAD
    0x20000130   COMPRESSED   0x0000000c   Data   RW         2212    .data               dma.o
    0x2000013c   COMPRESSED   0x00000004   Data   RW         2276    .data               uart3.o
    0x20000140   COMPRESSED   0x0000001c   Data   RW         2581    .data               mqtt.o
    0x2000015c   COMPRESSED   0x00000004   Data   RW         3116    .data               mc_w.l(stdout.o)
    0x20000160        -       0x00000400   Zero   RW         1958    .bss                interrupt.o
    0x20000560        -       0x00001400   Zero   RW         2211    .bss                dma.o
    0x20001960        -       0x00000800   Zero   RW         2275    .bss                uart3.o
    0x20002160        -       0x000006b0   Zero   RW         2579    .bss                mqtt.o
    0x20002810        -       0x00000400   Zero   RW         2722    .bss                oled.o
    0x20002c10        -       0x00000400   Zero   RW          229    STACK               startup_stm32f10x_hd.o


==============================================================================

Image component sizes


      Code (inc. data)   RO Data    RW Data    ZI Data      Debug   Object Name

       474         42          0          0          0       5429   at24c02.o
        96         18          0          0          0       1297   beep.o
        52          8        247        188          0       1965   cmd.o
       332         58          0         12       5120       2071   dma.o
       732        142          0          8          0       5917   ds18b20.o
      1796       1010          0          0          0       5097   esp8266.o
       288          4          0          0          0       1944   exti.o
       652        100          0          0          0       4845   iic.o
        24          4          0         64          0       1754   init.o
       356         66          0          5       1024       2894   interrupt.o
       196         22          0          1          0       1042   key.o
       144         24          0          0          0       1310   led.o
       208         82          0          4          0     266771   main.o
       132         22          0          0          0       1767   misc.o
      2676        920        308         28       1712       9495   mqtt.o
      1390         74       6272          0       1024       7374   oled.o
       592         36          0          0          0       1335   pwm.o
        48          0          0          0          0        452   run.o
        36          8        304          0       1024        832   startup_stm32f10x_hd.o
       186         18          0          0          0       5988   stm32f10x_dma.o
       200         18          0          0          0       2364   stm32f10x_exti.o
       494         10          0          0          0       4792   stm32f10x_gpio.o
        26          0          0          0          0       3730   stm32f10x_it.o
       372         50          0         20          0       6508   stm32f10x_rcc.o
       620         62          0          0          0       8295   stm32f10x_tim.o
       646         28          0          0          0       8457   stm32f10x_usart.o
       328         28          0          0          0       2025   system_stm32f10x.o
       200         18          0          8          0       1645   systick.o
       336         30          0          0          0       1161   timer3.o
       180         24          0          0          0       1829   timer4.o
       282         18          0          0          0       3792   uart.o
       492         42          0          4       2048       3761   uart3.o
       232          0          0          0          0       1530   utils_hmac.o
        24          0          0          0          0        523   utils_md5.o
      6842         40         64          0          0       7119   utils_sha1.o

    ----------------------------------------------------------------------
     21712       3026       7228        348      11952     387110   Object Totals
         0          0         32          0          0          0   (incl. Generated)
        28          0          1          6          0          0   (incl. Padding)

    ----------------------------------------------------------------------

      Code (inc. data)   RO Data    RW Data    ZI Data      Debug   Library Member Name

        86          0          0          0          0          0   __dczerorl2.o
         0          0          0          0          0          0   entry.o
         0          0          0          0          0          0   entry10a.o
         0          0          0          0          0          0   entry11a.o
         8          4          0          0          0          0   entry2.o
         4          0          0          0          0          0   entry5.o
         0          0          0          0          0          0   entry7b.o
         0          0          0          0          0          0   entry8b.o
         8          4          0          0          0          0   entry9a.o
        30          0          0          0          0          0   handlers.o
        36          8          0          0          0         68   init.o
         0          0          0          0          0          0   iusefp.o
        30          0          0          0          0         68   llshl.o
        36          0          0          0          0         68   llsshr.o
        32          0          0          0          0         68   llushr.o
        36          0          0          0          0         68   memcpya.o
        36          0          0          0          0        108   memseta.o
      2344        102          0          0          0        684   printfa.o
         0          0          0          4          0          0   stdout.o
        28          0          0          0          0         76   strcmp.o
        14          0          0          0          0         68   strlen.o
        36          0          0          0          0         80   strstr.o
        44          0          0          0          0         80   uidiv.o
        98          0          0          0          0         92   uldiv.o
        48          0          0          0          0         68   cdrcmple.o
        20          0          0          0          0         68   cfcmple.o
        20          0          0          0          0         68   cfrcmple.o
        56          0          0          0          0         88   d2f.o
       334          0          0          0          0        148   dadd.o
       222          0          0          0          0        100   ddiv.o
       186          0          0          0          0        176   depilogue.o
        48          0          0          0          0         68   dfixul.o
        26          0          0          0          0         76   dfltui.o
       228          0          0          0          0         96   dmul.o
        38          0          0          0          0         68   f2d.o
       110          0          0          0          0        168   fepilogue.o
        40          0          0          0          0         68   ffixui.o

    ----------------------------------------------------------------------
      4288        118          0          4          0       2788   Library Totals
         6          0          0          0          0          0   (incl. Padding)

    ----------------------------------------------------------------------

      Code (inc. data)   RO Data    RW Data    ZI Data      Debug   Library Name

      2906        118          0          4          0       1528   mc_w.l
      1376          0          0          0          0       1260   mf_w.l

    ----------------------------------------------------------------------
      4288        118          0          4          0       2788   Library Totals

    ----------------------------------------------------------------------

==============================================================================


      Code (inc. data)   RO Data    RW Data    ZI Data      Debug   

     26000       3144       7228        352      11952     380146   Grand Totals
     26000       3144       7228        232      11952     380146   ELF Image Totals (compressed)
     26000       3144       7228        232          0          0   ROM Totals

==============================================================================

    Total RO  Size (Code + RO Data)                33228 (  32.45kB)
    Total RW  Size (RW Data + ZI Data)             12304 (  12.02kB)
    Total ROM Size (Code + RO Data + RW Data)      33460 (  32.68kB)

==============================================================================

